[0.014s] Invoking command in '/home/tony/Gazebo/build/mycobot_gazebo': CMAKE_PREFIX_PATH=${CMAKE_PREFIX_PATH}:/opt/ros/jazzy DEBUGINFOD_URLS=https://debuginfod.ubuntu.com /usr/bin/cmake /home/tony/Gazebo/src/mycobot_ros2/mycobot_gazebo -DAMENT_CMAKE_SYMLINK_INSTALL=1 -DCMAKE_INSTALL_PREFIX=/home/tony/Gazebo/install/mycobot_gazebo
[0.083s] -- The C compiler identification is GNU 13.3.0
[0.142s] -- The CXX compiler identification is GNU 13.3.0
[0.161s] -- Detecting C compiler ABI info
[0.258s] -- Detecting C compiler ABI info - done
[0.267s] -- Check for working C compiler: /usr/bin/cc - skipped
[0.268s] -- Detecting C compile features
[0.268s] -- Detecting C compile features - done
[0.278s] -- Detecting CXX compiler ABI info
[0.395s] -- Detecting CXX compiler ABI info - done
[0.408s] -- Check for working CXX compiler: /usr/bin/c++ - skipped
[0.408s] -- Detecting CXX compile features
[0.408s] -- Detecting CXX compile features - done
[0.413s] -- Found ament_cmake: 2.5.6 (/opt/ros/jazzy/share/ament_cmake/cmake)
[0.561s] -- Found Python3: /usr/bin/python3 (found version "3.12.3") found components: Interpreter 
[0.634s] -- Override CMake install command with custom implementation using symlinks instead of copying resources
[0.697s] -- Found controller_manager: 4.45.2 (/opt/ros/jazzy/share/controller_manager/cmake)
[0.760s] -- Found rosidl_generator_c: 4.6.9 (/opt/ros/jazzy/share/rosidl_generator_c/cmake)
[0.777s] -- Found rosidl_generator_cpp: 4.6.9 (/opt/ros/jazzy/share/rosidl_generator_cpp/cmake)
[0.797s] -- Using all available rosidl_typesupport_c: rosidl_typesupport_fastrtps_c;rosidl_typesupport_introspection_c
[0.823s] -- Using all available rosidl_typesupport_cpp: rosidl_typesupport_fastrtps_cpp;rosidl_typesupport_introspection_cpp
[0.923s] -- Found rmw_implementation_cmake: 7.3.3 (/opt/ros/jazzy/share/rmw_implementation_cmake/cmake)
[0.927s] -- Found rmw_fastrtps_cpp: 8.4.4 (/opt/ros/jazzy/share/rmw_fastrtps_cpp/cmake)
[1.019s] -- Found OpenSSL: /usr/lib/x86_64-linux-gnu/libcrypto.so (found version "3.0.13")  
[1.043s] -- Found FastRTPS: /opt/ros/jazzy/include (Required is at least version "2.13") 
[1.067s] -- Using RMW implementation 'rmw_fastrtps_cpp' as default
[1.190s] [0mCMake Deprecation Warning at /opt/ros/jazzy/share/tl_expected/cmake/tl_expectedConfig.cmake:37 (message):
[1.191s]   Package 'tl_expected' is deprecated (This package will be removed in ROS 2
[1.191s]   Lyrical Luth.
[1.191s] 
[1.191s]         Use tl/expected.hpp from libexpected-dev,
[1.191s]         or rcpputils/tl_expected/expected.hpp if the system header is not available)
[1.191s] Call Stack (most recent call first):
[1.191s]   /opt/ros/jazzy/share/parameter_traits/cmake/ament_cmake_export_dependencies-extras.cmake:21 (find_package)
[1.191s]   /opt/ros/jazzy/share/parameter_traits/cmake/parameter_traitsConfig.cmake:41 (include)
[1.191s]   /opt/ros/jazzy/share/controller_manager/cmake/ament_cmake_export_dependencies-extras.cmake:21 (find_package)
[1.192s]   /opt/ros/jazzy/share/controller_manager/cmake/controller_managerConfig.cmake:41 (include)
[1.192s]   CMakeLists.txt:10 (find_package)
[1.192s] 
[1.192s] [0m
[1.799s] -- Found gripper_controllers: 4.40.1 (/opt/ros/jazzy/share/gripper_controllers/cmake)
[1.892s] -- Found eigen3_cmake_module: 0.3.1 (/opt/ros/jazzy/share/eigen3_cmake_module/cmake)
[1.894s] -- Found Eigen3: TRUE (found version "3.4.0") 
[1.895s] -- Ensuring Eigen3 include directory is part of orocos-kdl CMake target
[2.048s] -- Found ros2_control: 4.45.2 (/opt/ros/jazzy/share/ros2_control/cmake)
[2.052s] -- Found ros2_controllers: 4.40.1 (/opt/ros/jazzy/share/ros2_controllers/cmake)
[2.056s] -- Found xacro: 2.1.1 (/opt/ros/jazzy/share/xacro/cmake)
[2.059s] -- Found ament_lint_auto: 0.17.5 (/opt/ros/jazzy/share/ament_lint_auto/cmake)
[2.166s] -- Added test 'flake8' to check Python code syntax and style conventions
[2.166s] -- Configured 'flake8' exclude dirs and/or files: 
[2.167s] -- Added test 'lint_cmake' to check CMake code style
[2.168s] -- Added test 'pep257' to check Python code against some of the docstring style conventions in PEP 257
[2.169s] -- Added test 'xmllint' to check XML markup files
[2.170s] -- Configuring done (2.1s)
[2.175s] -- Generating done (0.0s)
[2.177s] -- Build files have been written to: /home/tony/Gazebo/build/mycobot_gazebo
[2.188s] Invoked command in '/home/tony/Gazebo/build/mycobot_gazebo' returned '0': CMAKE_PREFIX_PATH=${CMAKE_PREFIX_PATH}:/opt/ros/jazzy DEBUGINFOD_URLS=https://debuginfod.ubuntu.com /usr/bin/cmake /home/tony/Gazebo/src/mycobot_ros2/mycobot_gazebo -DAMENT_CMAKE_SYMLINK_INSTALL=1 -DCMAKE_INSTALL_PREFIX=/home/tony/Gazebo/install/mycobot_gazebo
[2.189s] Invoking command in '/home/tony/Gazebo/build/mycobot_gazebo': CMAKE_PREFIX_PATH=${CMAKE_PREFIX_PATH}:/opt/ros/jazzy DEBUGINFOD_URLS=https://debuginfod.ubuntu.com /usr/bin/cmake --build /home/tony/Gazebo/build/mycobot_gazebo -- -j16 -l16
[2.230s] Invoked command in '/home/tony/Gazebo/build/mycobot_gazebo' returned '0': CMAKE_PREFIX_PATH=${CMAKE_PREFIX_PATH}:/opt/ros/jazzy DEBUGINFOD_URLS=https://debuginfod.ubuntu.com /usr/bin/cmake --build /home/tony/Gazebo/build/mycobot_gazebo -- -j16 -l16
[2.231s] Invoking command in '/home/tony/Gazebo/build/mycobot_gazebo': CMAKE_PREFIX_PATH=${CMAKE_PREFIX_PATH}:/opt/ros/jazzy DEBUGINFOD_URLS=https://debuginfod.ubuntu.com /usr/bin/cmake --install /home/tony/Gazebo/build/mycobot_gazebo
[2.239s] -- Install configuration: ""
[2.239s] -- Execute custom install script
[2.240s] -- Symlinking: /home/tony/Gazebo/install/mycobot_gazebo/share/mycobot_gazebo/launch/gazebo.launch.py
[2.250s] -- Symlinking: /home/tony/Gazebo/install/mycobot_gazebo/share/mycobot_gazebo/config/topic_bridge.yaml
[2.258s] -- Symlinking: /home/tony/Gazebo/install/mycobot_gazebo/share/mycobot_gazebo/worlds/pick_and_place.world
[2.266s] -- Symlinking: /home/tony/Gazebo/install/mycobot_gazebo/share/ament_index/resource_index/package_run_dependencies/mycobot_gazebo
[2.274s] -- Symlinking: /home/tony/Gazebo/install/mycobot_gazebo/share/ament_index/resource_index/parent_prefix_path/mycobot_gazebo
[2.281s] -- Symlinking: /home/tony/Gazebo/install/mycobot_gazebo/share/mycobot_gazebo/environment/ament_prefix_path.sh
[2.289s] -- Symlinking: /home/tony/Gazebo/install/mycobot_gazebo/share/mycobot_gazebo/environment/ament_prefix_path.dsv
[2.297s] -- Symlinking: /home/tony/Gazebo/install/mycobot_gazebo/share/mycobot_gazebo/environment/path.sh
[2.308s] -- Symlinking: /home/tony/Gazebo/install/mycobot_gazebo/share/mycobot_gazebo/environment/path.dsv
[2.316s] -- Symlinking: /home/tony/Gazebo/install/mycobot_gazebo/share/mycobot_gazebo/local_setup.bash
[2.326s] -- Symlinking: /home/tony/Gazebo/install/mycobot_gazebo/share/mycobot_gazebo/local_setup.sh
[2.333s] -- Symlinking: /home/tony/Gazebo/install/mycobot_gazebo/share/mycobot_gazebo/local_setup.zsh
[2.341s] -- Symlinking: /home/tony/Gazebo/install/mycobot_gazebo/share/mycobot_gazebo/local_setup.dsv
[2.349s] -- Symlinking: /home/tony/Gazebo/install/mycobot_gazebo/share/mycobot_gazebo/package.dsv
[2.357s] -- Symlinking: /home/tony/Gazebo/install/mycobot_gazebo/share/ament_index/resource_index/packages/mycobot_gazebo
[2.365s] -- Symlinking: /home/tony/Gazebo/install/mycobot_gazebo/share/mycobot_gazebo/cmake/mycobot_gazeboConfig.cmake
[2.373s] -- Symlinking: /home/tony/Gazebo/install/mycobot_gazebo/share/mycobot_gazebo/cmake/mycobot_gazeboConfig-version.cmake
[2.381s] -- Symlinking: /home/tony/Gazebo/install/mycobot_gazebo/share/mycobot_gazebo/package.xml
[2.389s] Invoked command in '/home/tony/Gazebo/build/mycobot_gazebo' returned '0': CMAKE_PREFIX_PATH=${CMAKE_PREFIX_PATH}:/opt/ros/jazzy DEBUGINFOD_URLS=https://debuginfod.ubuntu.com /usr/bin/cmake --install /home/tony/Gazebo/build/mycobot_gazebo
