[0.010s] Invoking command in '/home/tony/Gazebo/src/mycobot_ros2/build/mycobot_bringup': CMAKE_PREFIX_PATH=${CMAKE_PREFIX_PATH}:/opt/ros/jazzy DEBUGINFOD_URLS=https://debuginfod.ubuntu.com /usr/bin/cmake /home/tony/Gazebo/src/mycobot_ros2/mycobot_bringup -DAMENT_CMAKE_SYMLINK_INSTALL=1 -DCMAKE_INSTALL_PREFIX=/home/tony/Gazebo/src/mycobot_ros2/install/mycobot_bringup
[0.069s] -- The C compiler identification is GNU 13.3.0
[0.125s] -- The CXX compiler identification is GNU 13.3.0
[0.140s] -- Detecting C compiler ABI info
[0.216s] -- Detecting C compiler ABI info - done
[0.225s] -- Check for working C compiler: /usr/bin/cc - skipped
[0.225s] -- Detecting C compile features
[0.225s] -- Detecting C compile features - done
[0.233s] -- Detecting CXX compiler ABI info
[0.323s] -- Detecting CXX compiler ABI info - done
[0.333s] -- Check for working CXX compiler: /usr/bin/c++ - skipped
[0.333s] -- Detecting CXX compile features
[0.333s] -- Detecting CXX compile features - done
[0.336s] -- Found ament_cmake: 2.5.6 (/opt/ros/jazzy/share/ament_cmake/cmake)
[0.472s] -- Found Python3: /usr/bin/python3 (found version "3.12.3") found components: Interpreter 
[0.549s] -- Override CMake install command with custom implementation using symlinks instead of copying resources
[0.588s] -- Found ament_lint_auto: 0.17.5 (/opt/ros/jazzy/share/ament_lint_auto/cmake)
[0.705s] -- Added test 'lint_cmake' to check CMake code style
[0.706s] -- Added test 'xmllint' to check XML markup files
[0.708s] -- Configuring done (0.7s)
[0.711s] -- Generating done (0.0s)
[0.712s] -- Build files have been written to: /home/tony/Gazebo/src/mycobot_ros2/build/mycobot_bringup
[0.716s] Invoked command in '/home/tony/Gazebo/src/mycobot_ros2/build/mycobot_bringup' returned '0': CMAKE_PREFIX_PATH=${CMAKE_PREFIX_PATH}:/opt/ros/jazzy DEBUGINFOD_URLS=https://debuginfod.ubuntu.com /usr/bin/cmake /home/tony/Gazebo/src/mycobot_ros2/mycobot_bringup -DAMENT_CMAKE_SYMLINK_INSTALL=1 -DCMAKE_INSTALL_PREFIX=/home/tony/Gazebo/src/mycobot_ros2/install/mycobot_bringup
[0.718s] Invoking command in '/home/tony/Gazebo/src/mycobot_ros2/build/mycobot_bringup': CMAKE_PREFIX_PATH=${CMAKE_PREFIX_PATH}:/opt/ros/jazzy DEBUGINFOD_URLS=https://debuginfod.ubuntu.com /usr/bin/cmake --build /home/tony/Gazebo/src/mycobot_ros2/build/mycobot_bringup -- -j16 -l16
[0.761s] Invoked command in '/home/tony/Gazebo/src/mycobot_ros2/build/mycobot_bringup' returned '0': CMAKE_PREFIX_PATH=${CMAKE_PREFIX_PATH}:/opt/ros/jazzy DEBUGINFOD_URLS=https://debuginfod.ubuntu.com /usr/bin/cmake --build /home/tony/Gazebo/src/mycobot_ros2/build/mycobot_bringup -- -j16 -l16
[0.771s] Invoking command in '/home/tony/Gazebo/src/mycobot_ros2/build/mycobot_bringup': CMAKE_PREFIX_PATH=${CMAKE_PREFIX_PATH}:/opt/ros/jazzy DEBUGINFOD_URLS=https://debuginfod.ubuntu.com /usr/bin/cmake --install /home/tony/Gazebo/src/mycobot_ros2/build/mycobot_bringup
[0.779s] -- Install configuration: ""
[0.779s] -- Execute custom install script
[0.780s] -- Symlinking: /home/tony/Gazebo/src/mycobot_ros2/install/mycobot_bringup/share/mycobot_bringup/scripts/start.sh
[0.789s] -- Symlinking: /home/tony/Gazebo/src/mycobot_ros2/install/mycobot_bringup/share/ament_index/resource_index/package_run_dependencies/mycobot_bringup
[0.798s] -- Symlinking: /home/tony/Gazebo/src/mycobot_ros2/install/mycobot_bringup/share/ament_index/resource_index/parent_prefix_path/mycobot_bringup
[0.812s] -- Symlinking: /home/tony/Gazebo/src/mycobot_ros2/install/mycobot_bringup/share/mycobot_bringup/environment/ament_prefix_path.sh
[0.825s] -- Symlinking: /home/tony/Gazebo/src/mycobot_ros2/install/mycobot_bringup/share/mycobot_bringup/environment/ament_prefix_path.dsv
[0.837s] -- Symlinking: /home/tony/Gazebo/src/mycobot_ros2/install/mycobot_bringup/share/mycobot_bringup/environment/path.sh
[0.855s] -- Symlinking: /home/tony/Gazebo/src/mycobot_ros2/install/mycobot_bringup/share/mycobot_bringup/environment/path.dsv
[0.868s] -- Symlinking: /home/tony/Gazebo/src/mycobot_ros2/install/mycobot_bringup/share/mycobot_bringup/local_setup.bash
[0.880s] -- Symlinking: /home/tony/Gazebo/src/mycobot_ros2/install/mycobot_bringup/share/mycobot_bringup/local_setup.sh
[0.888s] -- Symlinking: /home/tony/Gazebo/src/mycobot_ros2/install/mycobot_bringup/share/mycobot_bringup/local_setup.zsh
[0.896s] -- Symlinking: /home/tony/Gazebo/src/mycobot_ros2/install/mycobot_bringup/share/mycobot_bringup/local_setup.dsv
[0.903s] -- Symlinking: /home/tony/Gazebo/src/mycobot_ros2/install/mycobot_bringup/share/mycobot_bringup/package.dsv
[0.911s] -- Symlinking: /home/tony/Gazebo/src/mycobot_ros2/install/mycobot_bringup/share/ament_index/resource_index/packages/mycobot_bringup
[0.922s] -- Symlinking: /home/tony/Gazebo/src/mycobot_ros2/install/mycobot_bringup/share/mycobot_bringup/cmake/mycobot_bringupConfig.cmake
[0.932s] -- Symlinking: /home/tony/Gazebo/src/mycobot_ros2/install/mycobot_bringup/share/mycobot_bringup/cmake/mycobot_bringupConfig-version.cmake
[0.940s] -- Symlinking: /home/tony/Gazebo/src/mycobot_ros2/install/mycobot_bringup/share/mycobot_bringup/package.xml
[0.952s] Invoked command in '/home/tony/Gazebo/src/mycobot_ros2/build/mycobot_bringup' returned '0': CMAKE_PREFIX_PATH=${CMAKE_PREFIX_PATH}:/opt/ros/jazzy DEBUGINFOD_URLS=https://debuginfod.ubuntu.com /usr/bin/cmake --install /home/tony/Gazebo/src/mycobot_ros2/build/mycobot_bringup
