[0.253s] DEBUG:colcon:Command line arguments: ['/usr/bin/colcon', 'build', '--symlink-install']
[0.253s] DEBUG:colcon:Parsed command line arguments: Namespace(log_base=None, log_level=None, verb_name='build', build_base='build', install_base='install', merge_install=False, symlink_install=True, test_result_base=None, continue_on_error=False, executor='parallel', parallel_workers=16, event_handlers=None, ignore_user_meta=False, metas=['./colcon.meta'], base_paths=['.'], packages_ignore=None, packages_ignore_regex=None, paths=None, packages_up_to=None, packages_up_to_regex=None, packages_above=None, packages_above_and_dependencies=None, packages_above_depth=None, packages_select_by_dep=None, packages_skip_by_dep=None, packages_skip_up_to=None, packages_select_build_failed=False, packages_skip_build_finished=False, packages_select_test_failures=False, packages_skip_test_passed=False, packages_select=None, packages_skip=None, packages_select_regex=None, packages_skip_regex=None, packages_start=None, packages_end=None, allow_overriding=[], cmake_args=None, cmake_target=None, cmake_target_skip_unavailable=False, cmake_clean_cache=False, cmake_clean_first=False, cmake_force_configure=False, ament_cmake_args=None, catkin_cmake_args=None, catkin_skip_building_tests=False, mixin_files=None, mixin=None, verb_parser=<colcon_mixin.mixin.mixin_argument.MixinArgumentDecorator object at 0x726b2e47f620>, verb_extension=<colcon_core.verb.build.BuildVerb object at 0x726b2e47f410>, main=<bound method BuildVerb.main of <colcon_core.verb.build.BuildVerb object at 0x726b2e47f410>>, mixin_verb=('build',))
[0.323s] Level 1:colcon.colcon_core.package_discovery:discover_packages(colcon_meta) check parameters
[0.323s] Level 1:colcon.colcon_core.package_discovery:discover_packages(recursive) check parameters
[0.324s] Level 1:colcon.colcon_core.package_discovery:discover_packages(ignore) check parameters
[0.324s] Level 1:colcon.colcon_core.package_discovery:discover_packages(path) check parameters
[0.324s] Level 1:colcon.colcon_core.package_discovery:discover_packages(colcon_meta) discover
[0.324s] Level 1:colcon.colcon_core.package_discovery:discover_packages(recursive) discover
[0.324s] INFO:colcon.colcon_core.package_discovery:Crawling recursively for packages in '/home/tony/Gazebo'
[0.324s] Level 1:colcon.colcon_core.package_identification:_identify(.) by extensions ['ignore', 'ignore_ament_install']
[0.324s] Level 1:colcon.colcon_core.package_identification:_identify(.) by extension 'ignore'
[0.324s] Level 1:colcon.colcon_core.package_identification:_identify(.) by extension 'ignore_ament_install'
[0.324s] Level 1:colcon.colcon_core.package_identification:_identify(.) by extensions ['colcon_pkg']
[0.324s] Level 1:colcon.colcon_core.package_identification:_identify(.) by extension 'colcon_pkg'
[0.324s] Level 1:colcon.colcon_core.package_identification:_identify(.) by extensions ['colcon_meta']
[0.324s] Level 1:colcon.colcon_core.package_identification:_identify(.) by extension 'colcon_meta'
[0.324s] Level 1:colcon.colcon_core.package_identification:_identify(.) by extensions ['ros']
[0.325s] Level 1:colcon.colcon_core.package_identification:_identify(.) by extension 'ros'
[0.360s] Level 1:colcon.colcon_core.package_identification:_identify(.) by extensions ['cmake', 'python']
[0.360s] Level 1:colcon.colcon_core.package_identification:_identify(.) by extension 'cmake'
[0.360s] Level 1:colcon.colcon_core.package_identification:_identify(.) by extension 'python'
[0.360s] Level 1:colcon.colcon_core.package_identification:_identify(.) by extensions ['python_setup_py']
[0.360s] Level 1:colcon.colcon_core.package_identification:_identify(.) by extension 'python_setup_py'
[0.360s] Level 1:colcon.colcon_core.package_identification:_identify(Note) by extensions ['ignore', 'ignore_ament_install']
[0.360s] Level 1:colcon.colcon_core.package_identification:_identify(Note) by extension 'ignore'
[0.360s] Level 1:colcon.colcon_core.package_identification:_identify(Note) by extension 'ignore_ament_install'
[0.361s] Level 1:colcon.colcon_core.package_identification:_identify(Note) by extensions ['colcon_pkg']
[0.361s] Level 1:colcon.colcon_core.package_identification:_identify(Note) by extension 'colcon_pkg'
[0.361s] Level 1:colcon.colcon_core.package_identification:_identify(Note) by extensions ['colcon_meta']
[0.361s] Level 1:colcon.colcon_core.package_identification:_identify(Note) by extension 'colcon_meta'
[0.361s] Level 1:colcon.colcon_core.package_identification:_identify(Note) by extensions ['ros']
[0.361s] Level 1:colcon.colcon_core.package_identification:_identify(Note) by extension 'ros'
[0.361s] Level 1:colcon.colcon_core.package_identification:_identify(Note) by extensions ['cmake', 'python']
[0.361s] Level 1:colcon.colcon_core.package_identification:_identify(Note) by extension 'cmake'
[0.361s] Level 1:colcon.colcon_core.package_identification:_identify(Note) by extension 'python'
[0.361s] Level 1:colcon.colcon_core.package_identification:_identify(Note) by extensions ['python_setup_py']
[0.361s] Level 1:colcon.colcon_core.package_identification:_identify(Note) by extension 'python_setup_py'
[0.361s] Level 1:colcon.colcon_core.package_identification:_identify(Note/robot_description) by extensions ['ignore', 'ignore_ament_install']
[0.361s] Level 1:colcon.colcon_core.package_identification:_identify(Note/robot_description) by extension 'ignore'
[0.361s] Level 1:colcon.colcon_core.package_identification:_identify(Note/robot_description) by extension 'ignore_ament_install'
[0.361s] Level 1:colcon.colcon_core.package_identification:_identify(Note/robot_description) by extensions ['colcon_pkg']
[0.362s] Level 1:colcon.colcon_core.package_identification:_identify(Note/robot_description) by extension 'colcon_pkg'
[0.362s] Level 1:colcon.colcon_core.package_identification:_identify(Note/robot_description) by extensions ['colcon_meta']
[0.362s] Level 1:colcon.colcon_core.package_identification:_identify(Note/robot_description) by extension 'colcon_meta'
[0.362s] Level 1:colcon.colcon_core.package_identification:_identify(Note/robot_description) by extensions ['ros']
[0.362s] Level 1:colcon.colcon_core.package_identification:_identify(Note/robot_description) by extension 'ros'
[0.362s] Level 1:colcon.colcon_core.package_identification:_identify(Note/robot_description) by extensions ['cmake', 'python']
[0.362s] Level 1:colcon.colcon_core.package_identification:_identify(Note/robot_description) by extension 'cmake'
[0.362s] Level 1:colcon.colcon_core.package_identification:_identify(Note/robot_description) by extension 'python'
[0.362s] Level 1:colcon.colcon_core.package_identification:_identify(Note/robot_description) by extensions ['python_setup_py']
[0.362s] Level 1:colcon.colcon_core.package_identification:_identify(Note/robot_description) by extension 'python_setup_py'
[0.362s] Level 1:colcon.colcon_core.package_identification:_identify(Note/robot_description/photos) by extensions ['ignore', 'ignore_ament_install']
[0.362s] Level 1:colcon.colcon_core.package_identification:_identify(Note/robot_description/photos) by extension 'ignore'
[0.362s] Level 1:colcon.colcon_core.package_identification:_identify(Note/robot_description/photos) by extension 'ignore_ament_install'
[0.362s] Level 1:colcon.colcon_core.package_identification:_identify(Note/robot_description/photos) by extensions ['colcon_pkg']
[0.362s] Level 1:colcon.colcon_core.package_identification:_identify(Note/robot_description/photos) by extension 'colcon_pkg'
[0.362s] Level 1:colcon.colcon_core.package_identification:_identify(Note/robot_description/photos) by extensions ['colcon_meta']
[0.362s] Level 1:colcon.colcon_core.package_identification:_identify(Note/robot_description/photos) by extension 'colcon_meta'
[0.363s] Level 1:colcon.colcon_core.package_identification:_identify(Note/robot_description/photos) by extensions ['ros']
[0.363s] Level 1:colcon.colcon_core.package_identification:_identify(Note/robot_description/photos) by extension 'ros'
[0.363s] Level 1:colcon.colcon_core.package_identification:_identify(Note/robot_description/photos) by extensions ['cmake', 'python']
[0.363s] Level 1:colcon.colcon_core.package_identification:_identify(Note/robot_description/photos) by extension 'cmake'
[0.363s] Level 1:colcon.colcon_core.package_identification:_identify(Note/robot_description/photos) by extension 'python'
[0.363s] Level 1:colcon.colcon_core.package_identification:_identify(Note/robot_description/photos) by extensions ['python_setup_py']
[0.363s] Level 1:colcon.colcon_core.package_identification:_identify(Note/robot_description/photos) by extension 'python_setup_py'
[0.363s] Level 1:colcon.colcon_core.package_identification:_identify(build) by extensions ['ignore', 'ignore_ament_install']
[0.363s] Level 1:colcon.colcon_core.package_identification:_identify(build) by extension 'ignore'
[0.363s] Level 1:colcon.colcon_core.package_identification:_identify(build) ignored
[0.363s] Level 1:colcon.colcon_core.package_identification:_identify(install) by extensions ['ignore', 'ignore_ament_install']
[0.363s] Level 1:colcon.colcon_core.package_identification:_identify(install) by extension 'ignore'
[0.363s] Level 1:colcon.colcon_core.package_identification:_identify(install) ignored
[0.364s] Level 1:colcon.colcon_core.package_identification:_identify(log) by extensions ['ignore', 'ignore_ament_install']
[0.364s] Level 1:colcon.colcon_core.package_identification:_identify(log) by extension 'ignore'
[0.364s] Level 1:colcon.colcon_core.package_identification:_identify(log) ignored
[0.364s] Level 1:colcon.colcon_core.package_identification:_identify(src) by extensions ['ignore', 'ignore_ament_install']
[0.364s] Level 1:colcon.colcon_core.package_identification:_identify(src) by extension 'ignore'
[0.364s] Level 1:colcon.colcon_core.package_identification:_identify(src) by extension 'ignore_ament_install'
[0.364s] Level 1:colcon.colcon_core.package_identification:_identify(src) by extensions ['colcon_pkg']
[0.364s] Level 1:colcon.colcon_core.package_identification:_identify(src) by extension 'colcon_pkg'
[0.364s] Level 1:colcon.colcon_core.package_identification:_identify(src) by extensions ['colcon_meta']
[0.364s] Level 1:colcon.colcon_core.package_identification:_identify(src) by extension 'colcon_meta'
[0.364s] Level 1:colcon.colcon_core.package_identification:_identify(src) by extensions ['ros']
[0.364s] Level 1:colcon.colcon_core.package_identification:_identify(src) by extension 'ros'
[0.365s] Level 1:colcon.colcon_core.package_identification:_identify(src) by extensions ['cmake', 'python']
[0.365s] Level 1:colcon.colcon_core.package_identification:_identify(src) by extension 'cmake'
[0.365s] Level 1:colcon.colcon_core.package_identification:_identify(src) by extension 'python'
[0.365s] Level 1:colcon.colcon_core.package_identification:_identify(src) by extensions ['python_setup_py']
[0.365s] Level 1:colcon.colcon_core.package_identification:_identify(src) by extension 'python_setup_py'
[0.365s] Level 1:colcon.colcon_core.package_identification:_identify(src/mycobot_ros2) by extensions ['ignore', 'ignore_ament_install']
[0.365s] Level 1:colcon.colcon_core.package_identification:_identify(src/mycobot_ros2) by extension 'ignore'
[0.365s] Level 1:colcon.colcon_core.package_identification:_identify(src/mycobot_ros2) by extension 'ignore_ament_install'
[0.365s] Level 1:colcon.colcon_core.package_identification:_identify(src/mycobot_ros2) by extensions ['colcon_pkg']
[0.365s] Level 1:colcon.colcon_core.package_identification:_identify(src/mycobot_ros2) by extension 'colcon_pkg'
[0.365s] Level 1:colcon.colcon_core.package_identification:_identify(src/mycobot_ros2) by extensions ['colcon_meta']
[0.365s] Level 1:colcon.colcon_core.package_identification:_identify(src/mycobot_ros2) by extension 'colcon_meta'
[0.366s] Level 1:colcon.colcon_core.package_identification:_identify(src/mycobot_ros2) by extensions ['ros']
[0.366s] Level 1:colcon.colcon_core.package_identification:_identify(src/mycobot_ros2) by extension 'ros'
[0.366s] Level 1:colcon.colcon_core.package_identification:_identify(src/mycobot_ros2) by extensions ['cmake', 'python']
[0.366s] Level 1:colcon.colcon_core.package_identification:_identify(src/mycobot_ros2) by extension 'cmake'
[0.366s] Level 1:colcon.colcon_core.package_identification:_identify(src/mycobot_ros2) by extension 'python'
[0.366s] Level 1:colcon.colcon_core.package_identification:_identify(src/mycobot_ros2) by extensions ['python_setup_py']
[0.366s] Level 1:colcon.colcon_core.package_identification:_identify(src/mycobot_ros2) by extension 'python_setup_py'
[0.366s] Level 1:colcon.colcon_core.package_identification:_identify(src/mycobot_ros2/mycobot_bringup) by extensions ['ignore', 'ignore_ament_install']
[0.367s] Level 1:colcon.colcon_core.package_identification:_identify(src/mycobot_ros2/mycobot_bringup) by extension 'ignore'
[0.367s] Level 1:colcon.colcon_core.package_identification:_identify(src/mycobot_ros2/mycobot_bringup) by extension 'ignore_ament_install'
[0.367s] Level 1:colcon.colcon_core.package_identification:_identify(src/mycobot_ros2/mycobot_bringup) by extensions ['colcon_pkg']
[0.367s] Level 1:colcon.colcon_core.package_identification:_identify(src/mycobot_ros2/mycobot_bringup) by extension 'colcon_pkg'
[0.367s] Level 1:colcon.colcon_core.package_identification:_identify(src/mycobot_ros2/mycobot_bringup) by extensions ['colcon_meta']
[0.367s] Level 1:colcon.colcon_core.package_identification:_identify(src/mycobot_ros2/mycobot_bringup) by extension 'colcon_meta'
[0.367s] Level 1:colcon.colcon_core.package_identification:_identify(src/mycobot_ros2/mycobot_bringup) by extensions ['ros']
[0.367s] Level 1:colcon.colcon_core.package_identification:_identify(src/mycobot_ros2/mycobot_bringup) by extension 'ros'
[0.370s] DEBUG:colcon.colcon_core.package_identification:Package 'src/mycobot_ros2/mycobot_bringup' with type 'ros.ament_cmake' and name 'mycobot_bringup'
[0.370s] Level 1:colcon.colcon_core.package_identification:_identify(src/mycobot_ros2/mycobot_description) by extensions ['ignore', 'ignore_ament_install']
[0.371s] Level 1:colcon.colcon_core.package_identification:_identify(src/mycobot_ros2/mycobot_description) by extension 'ignore'
[0.371s] Level 1:colcon.colcon_core.package_identification:_identify(src/mycobot_ros2/mycobot_description) by extension 'ignore_ament_install'
[0.371s] Level 1:colcon.colcon_core.package_identification:_identify(src/mycobot_ros2/mycobot_description) by extensions ['colcon_pkg']
[0.371s] Level 1:colcon.colcon_core.package_identification:_identify(src/mycobot_ros2/mycobot_description) by extension 'colcon_pkg'
[0.371s] Level 1:colcon.colcon_core.package_identification:_identify(src/mycobot_ros2/mycobot_description) by extensions ['colcon_meta']
[0.371s] Level 1:colcon.colcon_core.package_identification:_identify(src/mycobot_ros2/mycobot_description) by extension 'colcon_meta'
[0.371s] Level 1:colcon.colcon_core.package_identification:_identify(src/mycobot_ros2/mycobot_description) by extensions ['ros']
[0.371s] Level 1:colcon.colcon_core.package_identification:_identify(src/mycobot_ros2/mycobot_description) by extension 'ros'
[0.372s] DEBUG:colcon.colcon_core.package_identification:Package 'src/mycobot_ros2/mycobot_description' with type 'ros.ament_cmake' and name 'mycobot_description'
[0.372s] Level 1:colcon.colcon_core.package_identification:_identify(src/mycobot_ros2/mycobot_gazebo) by extensions ['ignore', 'ignore_ament_install']
[0.372s] Level 1:colcon.colcon_core.package_identification:_identify(src/mycobot_ros2/mycobot_gazebo) by extension 'ignore'
[0.372s] Level 1:colcon.colcon_core.package_identification:_identify(src/mycobot_ros2/mycobot_gazebo) by extension 'ignore_ament_install'
[0.372s] Level 1:colcon.colcon_core.package_identification:_identify(src/mycobot_ros2/mycobot_gazebo) by extensions ['colcon_pkg']
[0.372s] Level 1:colcon.colcon_core.package_identification:_identify(src/mycobot_ros2/mycobot_gazebo) by extension 'colcon_pkg'
[0.372s] Level 1:colcon.colcon_core.package_identification:_identify(src/mycobot_ros2/mycobot_gazebo) by extensions ['colcon_meta']
[0.372s] Level 1:colcon.colcon_core.package_identification:_identify(src/mycobot_ros2/mycobot_gazebo) by extension 'colcon_meta'
[0.372s] Level 1:colcon.colcon_core.package_identification:_identify(src/mycobot_ros2/mycobot_gazebo) by extensions ['ros']
[0.372s] Level 1:colcon.colcon_core.package_identification:_identify(src/mycobot_ros2/mycobot_gazebo) by extension 'ros'
[0.373s] DEBUG:colcon.colcon_core.package_identification:Package 'src/mycobot_ros2/mycobot_gazebo' with type 'ros.ament_cmake' and name 'mycobot_gazebo'
[0.374s] Level 1:colcon.colcon_core.package_identification:_identify(src/mycobot_ros2/mycobot_moveit2_config) by extensions ['ignore', 'ignore_ament_install']
[0.374s] Level 1:colcon.colcon_core.package_identification:_identify(src/mycobot_ros2/mycobot_moveit2_config) by extension 'ignore'
[0.374s] Level 1:colcon.colcon_core.package_identification:_identify(src/mycobot_ros2/mycobot_moveit2_config) by extension 'ignore_ament_install'
[0.374s] Level 1:colcon.colcon_core.package_identification:_identify(src/mycobot_ros2/mycobot_moveit2_config) by extensions ['colcon_pkg']
[0.374s] Level 1:colcon.colcon_core.package_identification:_identify(src/mycobot_ros2/mycobot_moveit2_config) by extension 'colcon_pkg'
[0.374s] Level 1:colcon.colcon_core.package_identification:_identify(src/mycobot_ros2/mycobot_moveit2_config) by extensions ['colcon_meta']
[0.374s] Level 1:colcon.colcon_core.package_identification:_identify(src/mycobot_ros2/mycobot_moveit2_config) by extension 'colcon_meta'
[0.374s] Level 1:colcon.colcon_core.package_identification:_identify(src/mycobot_ros2/mycobot_moveit2_config) by extensions ['ros']
[0.374s] Level 1:colcon.colcon_core.package_identification:_identify(src/mycobot_ros2/mycobot_moveit2_config) by extension 'ros'
[0.375s] DEBUG:colcon.colcon_core.package_identification:Package 'src/mycobot_ros2/mycobot_moveit2_config' with type 'ros.ament_cmake' and name 'mycobot_moveit2_config'
[0.375s] Level 1:colcon.colcon_core.package_discovery:discover_packages(recursive) using defaults
[0.375s] Level 1:colcon.colcon_core.package_discovery:discover_packages(ignore) discover
[0.375s] Level 1:colcon.colcon_core.package_discovery:discover_packages(ignore) using defaults
[0.375s] Level 1:colcon.colcon_core.package_discovery:discover_packages(path) discover
[0.375s] Level 1:colcon.colcon_core.package_discovery:discover_packages(path) using defaults
[0.403s] Level 1:colcon.colcon_core.package_discovery:discover_packages(prefix_path) check parameters
[0.403s] Level 1:colcon.colcon_core.package_discovery:discover_packages(prefix_path) discover
[0.406s] DEBUG:colcon.colcon_installed_package_information.package_discovery:Found 4 installed packages in /home/tony/Gazebo/install
[0.408s] DEBUG:colcon.colcon_installed_package_information.package_discovery:Found 405 installed packages in /opt/ros/jazzy
[0.409s] Level 1:colcon.colcon_core.package_discovery:discover_packages(prefix_path) using defaults
[0.478s] Level 5:colcon.colcon_core.verb:set package 'mycobot_bringup' build argument 'cmake_args' from command line to 'None'
[0.478s] Level 5:colcon.colcon_core.verb:set package 'mycobot_bringup' build argument 'cmake_target' from command line to 'None'
[0.478s] Level 5:colcon.colcon_core.verb:set package 'mycobot_bringup' build argument 'cmake_target_skip_unavailable' from command line to 'False'
[0.478s] Level 5:colcon.colcon_core.verb:set package 'mycobot_bringup' build argument 'cmake_clean_cache' from command line to 'False'
[0.478s] Level 5:colcon.colcon_core.verb:set package 'mycobot_bringup' build argument 'cmake_clean_first' from command line to 'False'
[0.478s] Level 5:colcon.colcon_core.verb:set package 'mycobot_bringup' build argument 'cmake_force_configure' from command line to 'False'
[0.478s] Level 5:colcon.colcon_core.verb:set package 'mycobot_bringup' build argument 'ament_cmake_args' from command line to 'None'
[0.478s] Level 5:colcon.colcon_core.verb:set package 'mycobot_bringup' build argument 'catkin_cmake_args' from command line to 'None'
[0.478s] Level 5:colcon.colcon_core.verb:set package 'mycobot_bringup' build argument 'catkin_skip_building_tests' from command line to 'False'
[0.479s] DEBUG:colcon.colcon_core.verb:Building package 'mycobot_bringup' with the following arguments: {'ament_cmake_args': None, 'build_base': '/home/tony/Gazebo/build/mycobot_bringup', 'catkin_cmake_args': None, 'catkin_skip_building_tests': False, 'cmake_args': None, 'cmake_clean_cache': False, 'cmake_clean_first': False, 'cmake_force_configure': False, 'cmake_target': None, 'cmake_target_skip_unavailable': False, 'install_base': '/home/tony/Gazebo/install/mycobot_bringup', 'merge_install': False, 'path': '/home/tony/Gazebo/src/mycobot_ros2/mycobot_bringup', 'symlink_install': True, 'test_result_base': None}
[0.479s] Level 5:colcon.colcon_core.verb:set package 'mycobot_description' build argument 'cmake_args' from command line to 'None'
[0.479s] Level 5:colcon.colcon_core.verb:set package 'mycobot_description' build argument 'cmake_target' from command line to 'None'
[0.479s] Level 5:colcon.colcon_core.verb:set package 'mycobot_description' build argument 'cmake_target_skip_unavailable' from command line to 'False'
[0.479s] Level 5:colcon.colcon_core.verb:set package 'mycobot_description' build argument 'cmake_clean_cache' from command line to 'False'
[0.479s] Level 5:colcon.colcon_core.verb:set package 'mycobot_description' build argument 'cmake_clean_first' from command line to 'False'
[0.479s] Level 5:colcon.colcon_core.verb:set package 'mycobot_description' build argument 'cmake_force_configure' from command line to 'False'
[0.479s] Level 5:colcon.colcon_core.verb:set package 'mycobot_description' build argument 'ament_cmake_args' from command line to 'None'
[0.479s] Level 5:colcon.colcon_core.verb:set package 'mycobot_description' build argument 'catkin_cmake_args' from command line to 'None'
[0.479s] Level 5:colcon.colcon_core.verb:set package 'mycobot_description' build argument 'catkin_skip_building_tests' from command line to 'False'
[0.479s] DEBUG:colcon.colcon_core.verb:Building package 'mycobot_description' with the following arguments: {'ament_cmake_args': None, 'build_base': '/home/tony/Gazebo/build/mycobot_description', 'catkin_cmake_args': None, 'catkin_skip_building_tests': False, 'cmake_args': None, 'cmake_clean_cache': False, 'cmake_clean_first': False, 'cmake_force_configure': False, 'cmake_target': None, 'cmake_target_skip_unavailable': False, 'install_base': '/home/tony/Gazebo/install/mycobot_description', 'merge_install': False, 'path': '/home/tony/Gazebo/src/mycobot_ros2/mycobot_description', 'symlink_install': True, 'test_result_base': None}
[0.479s] Level 5:colcon.colcon_core.verb:set package 'mycobot_gazebo' build argument 'cmake_args' from command line to 'None'
[0.479s] Level 5:colcon.colcon_core.verb:set package 'mycobot_gazebo' build argument 'cmake_target' from command line to 'None'
[0.479s] Level 5:colcon.colcon_core.verb:set package 'mycobot_gazebo' build argument 'cmake_target_skip_unavailable' from command line to 'False'
[0.480s] Level 5:colcon.colcon_core.verb:set package 'mycobot_gazebo' build argument 'cmake_clean_cache' from command line to 'False'
[0.480s] Level 5:colcon.colcon_core.verb:set package 'mycobot_gazebo' build argument 'cmake_clean_first' from command line to 'False'
[0.480s] Level 5:colcon.colcon_core.verb:set package 'mycobot_gazebo' build argument 'cmake_force_configure' from command line to 'False'
[0.480s] Level 5:colcon.colcon_core.verb:set package 'mycobot_gazebo' build argument 'ament_cmake_args' from command line to 'None'
[0.480s] Level 5:colcon.colcon_core.verb:set package 'mycobot_gazebo' build argument 'catkin_cmake_args' from command line to 'None'
[0.480s] Level 5:colcon.colcon_core.verb:set package 'mycobot_gazebo' build argument 'catkin_skip_building_tests' from command line to 'False'
[0.480s] DEBUG:colcon.colcon_core.verb:Building package 'mycobot_gazebo' with the following arguments: {'ament_cmake_args': None, 'build_base': '/home/tony/Gazebo/build/mycobot_gazebo', 'catkin_cmake_args': None, 'catkin_skip_building_tests': False, 'cmake_args': None, 'cmake_clean_cache': False, 'cmake_clean_first': False, 'cmake_force_configure': False, 'cmake_target': None, 'cmake_target_skip_unavailable': False, 'install_base': '/home/tony/Gazebo/install/mycobot_gazebo', 'merge_install': False, 'path': '/home/tony/Gazebo/src/mycobot_ros2/mycobot_gazebo', 'symlink_install': True, 'test_result_base': None}
[0.480s] Level 5:colcon.colcon_core.verb:set package 'mycobot_moveit2_config' build argument 'cmake_args' from command line to 'None'
[0.480s] Level 5:colcon.colcon_core.verb:set package 'mycobot_moveit2_config' build argument 'cmake_target' from command line to 'None'
[0.480s] Level 5:colcon.colcon_core.verb:set package 'mycobot_moveit2_config' build argument 'cmake_target_skip_unavailable' from command line to 'False'
[0.480s] Level 5:colcon.colcon_core.verb:set package 'mycobot_moveit2_config' build argument 'cmake_clean_cache' from command line to 'False'
[0.480s] Level 5:colcon.colcon_core.verb:set package 'mycobot_moveit2_config' build argument 'cmake_clean_first' from command line to 'False'
[0.480s] Level 5:colcon.colcon_core.verb:set package 'mycobot_moveit2_config' build argument 'cmake_force_configure' from command line to 'False'
[0.480s] Level 5:colcon.colcon_core.verb:set package 'mycobot_moveit2_config' build argument 'ament_cmake_args' from command line to 'None'
[0.480s] Level 5:colcon.colcon_core.verb:set package 'mycobot_moveit2_config' build argument 'catkin_cmake_args' from command line to 'None'
[0.480s] Level 5:colcon.colcon_core.verb:set package 'mycobot_moveit2_config' build argument 'catkin_skip_building_tests' from command line to 'False'
[0.480s] DEBUG:colcon.colcon_core.verb:Building package 'mycobot_moveit2_config' with the following arguments: {'ament_cmake_args': None, 'build_base': '/home/tony/Gazebo/build/mycobot_moveit2_config', 'catkin_cmake_args': None, 'catkin_skip_building_tests': False, 'cmake_args': None, 'cmake_clean_cache': False, 'cmake_clean_first': False, 'cmake_force_configure': False, 'cmake_target': None, 'cmake_target_skip_unavailable': False, 'install_base': '/home/tony/Gazebo/install/mycobot_moveit2_config', 'merge_install': False, 'path': '/home/tony/Gazebo/src/mycobot_ros2/mycobot_moveit2_config', 'symlink_install': True, 'test_result_base': None}
[0.480s] INFO:colcon.colcon_core.executor:Executing jobs using 'parallel' executor
[0.481s] DEBUG:colcon.colcon_parallel_executor.executor.parallel:run_until_complete
[0.481s] INFO:colcon.colcon_ros.task.ament_cmake.build:Building ROS package in '/home/tony/Gazebo/src/mycobot_ros2/mycobot_bringup' with build type 'ament_cmake'
[0.482s] INFO:colcon.colcon_cmake.task.cmake.build:Building CMake package in '/home/tony/Gazebo/src/mycobot_ros2/mycobot_bringup'
[0.485s] INFO:colcon.colcon_core.plugin_system:Skipping extension 'colcon_core.shell.bat': Not used on non-Windows systems
[0.486s] INFO:colcon.colcon_core.shell:Skip shell extension 'powershell' for command environment: Not usable outside of PowerShell
[0.486s] DEBUG:colcon.colcon_core.shell:Skip shell extension 'dsv' for command environment
[0.492s] INFO:colcon.colcon_ros.task.ament_cmake.build:Building ROS package in '/home/tony/Gazebo/src/mycobot_ros2/mycobot_description' with build type 'ament_cmake'
[0.493s] INFO:colcon.colcon_cmake.task.cmake.build:Building CMake package in '/home/tony/Gazebo/src/mycobot_ros2/mycobot_description'
[0.493s] INFO:colcon.colcon_core.shell:Skip shell extension 'powershell' for command environment: Not usable outside of PowerShell
[0.494s] DEBUG:colcon.colcon_core.shell:Skip shell extension 'dsv' for command environment
[0.500s] INFO:colcon.colcon_ros.task.ament_cmake.build:Building ROS package in '/home/tony/Gazebo/src/mycobot_ros2/mycobot_gazebo' with build type 'ament_cmake'
[0.500s] INFO:colcon.colcon_cmake.task.cmake.build:Building CMake package in '/home/tony/Gazebo/src/mycobot_ros2/mycobot_gazebo'
[0.501s] INFO:colcon.colcon_core.shell:Skip shell extension 'powershell' for command environment: Not usable outside of PowerShell
[0.501s] DEBUG:colcon.colcon_core.shell:Skip shell extension 'dsv' for command environment
[0.507s] INFO:colcon.colcon_ros.task.ament_cmake.build:Building ROS package in '/home/tony/Gazebo/src/mycobot_ros2/mycobot_moveit2_config' with build type 'ament_cmake'
[0.508s] INFO:colcon.colcon_cmake.task.cmake.build:Building CMake package in '/home/tony/Gazebo/src/mycobot_ros2/mycobot_moveit2_config'
[0.509s] INFO:colcon.colcon_core.shell:Skip shell extension 'powershell' for command environment: Not usable outside of PowerShell
[0.509s] DEBUG:colcon.colcon_core.shell:Skip shell extension 'dsv' for command environment
[0.519s] DEBUG:colcon.colcon_core.event_handler.log_command:Invoking command in '/home/tony/Gazebo/build/mycobot_bringup': CMAKE_PREFIX_PATH=${CMAKE_PREFIX_PATH}:/opt/ros/jazzy DEBUGINFOD_URLS=https://debuginfod.ubuntu.com /usr/bin/cmake --build /home/tony/Gazebo/build/mycobot_bringup -- -j16 -l16
[0.524s] DEBUG:colcon.colcon_core.event_handler.log_command:Invoking command in '/home/tony/Gazebo/build/mycobot_description': CMAKE_PREFIX_PATH=${CMAKE_PREFIX_PATH}:/opt/ros/jazzy DEBUGINFOD_URLS=https://debuginfod.ubuntu.com /usr/bin/cmake --build /home/tony/Gazebo/build/mycobot_description -- -j16 -l16
[0.529s] DEBUG:colcon.colcon_core.event_handler.log_command:Invoking command in '/home/tony/Gazebo/build/mycobot_gazebo': CMAKE_PREFIX_PATH=${CMAKE_PREFIX_PATH}:/opt/ros/jazzy DEBUGINFOD_URLS=https://debuginfod.ubuntu.com /usr/bin/cmake --build /home/tony/Gazebo/build/mycobot_gazebo -- -j16 -l16
[0.544s] DEBUG:colcon.colcon_core.event_handler.log_command:Invoking command in '/home/tony/Gazebo/build/mycobot_moveit2_config': CMAKE_PREFIX_PATH=${CMAKE_PREFIX_PATH}:/opt/ros/jazzy DEBUGINFOD_URLS=https://debuginfod.ubuntu.com /usr/bin/cmake --build /home/tony/Gazebo/build/mycobot_moveit2_config -- -j16 -l16
[0.623s] DEBUG:colcon.colcon_core.event_handler.log_command:Invoked command in '/home/tony/Gazebo/build/mycobot_bringup' returned '0': CMAKE_PREFIX_PATH=${CMAKE_PREFIX_PATH}:/opt/ros/jazzy DEBUGINFOD_URLS=https://debuginfod.ubuntu.com /usr/bin/cmake --build /home/tony/Gazebo/build/mycobot_bringup -- -j16 -l16
[0.648s] DEBUG:colcon.colcon_core.event_handler.log_command:Invoking command in '/home/tony/Gazebo/build/mycobot_bringup': CMAKE_PREFIX_PATH=${CMAKE_PREFIX_PATH}:/opt/ros/jazzy DEBUGINFOD_URLS=https://debuginfod.ubuntu.com /usr/bin/cmake --install /home/tony/Gazebo/build/mycobot_bringup
[0.651s] DEBUG:colcon.colcon_core.event_handler.log_command:Invoked command in '/home/tony/Gazebo/build/mycobot_description' returned '0': CMAKE_PREFIX_PATH=${CMAKE_PREFIX_PATH}:/opt/ros/jazzy DEBUGINFOD_URLS=https://debuginfod.ubuntu.com /usr/bin/cmake --build /home/tony/Gazebo/build/mycobot_description -- -j16 -l16
[0.655s] DEBUG:colcon.colcon_core.event_handler.log_command:Invoking command in '/home/tony/Gazebo/build/mycobot_description': CMAKE_PREFIX_PATH=${CMAKE_PREFIX_PATH}:/opt/ros/jazzy DEBUGINFOD_URLS=https://debuginfod.ubuntu.com /usr/bin/cmake --install /home/tony/Gazebo/build/mycobot_description
[0.656s] DEBUG:colcon.colcon_core.event_handler.log_command:Invoked command in '/home/tony/Gazebo/build/mycobot_gazebo' returned '0': CMAKE_PREFIX_PATH=${CMAKE_PREFIX_PATH}:/opt/ros/jazzy DEBUGINFOD_URLS=https://debuginfod.ubuntu.com /usr/bin/cmake --build /home/tony/Gazebo/build/mycobot_gazebo -- -j16 -l16
[0.661s] DEBUG:colcon.colcon_core.event_handler.log_command:Invoking command in '/home/tony/Gazebo/build/mycobot_gazebo': CMAKE_PREFIX_PATH=${CMAKE_PREFIX_PATH}:/opt/ros/jazzy DEBUGINFOD_URLS=https://debuginfod.ubuntu.com /usr/bin/cmake --install /home/tony/Gazebo/build/mycobot_gazebo
[0.662s] DEBUG:colcon.colcon_core.event_handler.log_command:Invoked command in '/home/tony/Gazebo/build/mycobot_moveit2_config' returned '0': CMAKE_PREFIX_PATH=${CMAKE_PREFIX_PATH}:/opt/ros/jazzy DEBUGINFOD_URLS=https://debuginfod.ubuntu.com /usr/bin/cmake --build /home/tony/Gazebo/build/mycobot_moveit2_config -- -j16 -l16
[0.666s] DEBUG:colcon.colcon_core.event_handler.log_command:Invoking command in '/home/tony/Gazebo/build/mycobot_moveit2_config': CMAKE_PREFIX_PATH=${CMAKE_PREFIX_PATH}:/opt/ros/jazzy DEBUGINFOD_URLS=https://debuginfod.ubuntu.com /usr/bin/cmake --install /home/tony/Gazebo/build/mycobot_moveit2_config
[0.706s] Level 1:colcon.colcon_core.environment:create_environment_scripts_only(mycobot_bringup)
[0.708s] DEBUG:colcon.colcon_core.event_handler.log_command:Invoked command in '/home/tony/Gazebo/build/mycobot_bringup' returned '0': CMAKE_PREFIX_PATH=${CMAKE_PREFIX_PATH}:/opt/ros/jazzy DEBUGINFOD_URLS=https://debuginfod.ubuntu.com /usr/bin/cmake --install /home/tony/Gazebo/build/mycobot_bringup
[0.716s] Level 1:colcon.colcon_core.environment:checking '/home/tony/Gazebo/install/mycobot_bringup' for CMake module files
[0.717s] Level 1:colcon.colcon_core.environment:checking '/home/tony/Gazebo/install/mycobot_bringup' for CMake config files
[0.718s] Level 1:colcon.colcon_core.shell:create_environment_hook('mycobot_bringup', 'cmake_prefix_path')
[0.719s] INFO:colcon.colcon_core.shell:Creating environment hook '/home/tony/Gazebo/install/mycobot_bringup/share/mycobot_bringup/hook/cmake_prefix_path.ps1'
[0.722s] INFO:colcon.colcon_core.shell:Creating environment descriptor '/home/tony/Gazebo/install/mycobot_bringup/share/mycobot_bringup/hook/cmake_prefix_path.dsv'
[0.722s] INFO:colcon.colcon_core.shell:Creating environment hook '/home/tony/Gazebo/install/mycobot_bringup/share/mycobot_bringup/hook/cmake_prefix_path.sh'
[0.724s] Level 1:colcon.colcon_core.environment:checking '/home/tony/Gazebo/install/mycobot_bringup/bin'
[0.724s] Level 1:colcon.colcon_core.environment:checking '/home/tony/Gazebo/install/mycobot_bringup/lib/pkgconfig/mycobot_bringup.pc'
[0.725s] Level 1:colcon.colcon_core.environment:checking '/home/tony/Gazebo/install/mycobot_bringup/lib/python3.12/site-packages'
[0.725s] Level 1:colcon.colcon_core.environment:checking '/home/tony/Gazebo/install/mycobot_bringup/bin'
[0.726s] INFO:colcon.colcon_core.shell:Creating package script '/home/tony/Gazebo/install/mycobot_bringup/share/mycobot_bringup/package.ps1'
[0.728s] INFO:colcon.colcon_core.shell:Creating package descriptor '/home/tony/Gazebo/install/mycobot_bringup/share/mycobot_bringup/package.dsv'
[0.730s] INFO:colcon.colcon_core.shell:Creating package script '/home/tony/Gazebo/install/mycobot_bringup/share/mycobot_bringup/package.sh'
[0.731s] INFO:colcon.colcon_core.shell:Creating package script '/home/tony/Gazebo/install/mycobot_bringup/share/mycobot_bringup/package.bash'
[0.732s] INFO:colcon.colcon_core.shell:Creating package script '/home/tony/Gazebo/install/mycobot_bringup/share/mycobot_bringup/package.zsh'
[0.733s] Level 1:colcon.colcon_core.environment:create_file_with_runtime_dependencies(/home/tony/Gazebo/install/mycobot_bringup/share/colcon-core/packages/mycobot_bringup)
[0.737s] Level 1:colcon.colcon_core.environment:create_environment_scripts_only(mycobot_bringup)
[0.738s] Level 1:colcon.colcon_core.environment:checking '/home/tony/Gazebo/install/mycobot_bringup' for CMake module files
[0.739s] Level 1:colcon.colcon_core.environment:checking '/home/tony/Gazebo/install/mycobot_bringup' for CMake config files
[0.740s] Level 1:colcon.colcon_core.shell:create_environment_hook('mycobot_bringup', 'cmake_prefix_path')
[0.741s] INFO:colcon.colcon_core.shell:Creating environment hook '/home/tony/Gazebo/install/mycobot_bringup/share/mycobot_bringup/hook/cmake_prefix_path.ps1'
[0.743s] INFO:colcon.colcon_core.shell:Creating environment descriptor '/home/tony/Gazebo/install/mycobot_bringup/share/mycobot_bringup/hook/cmake_prefix_path.dsv'
[0.744s] INFO:colcon.colcon_core.shell:Creating environment hook '/home/tony/Gazebo/install/mycobot_bringup/share/mycobot_bringup/hook/cmake_prefix_path.sh'
[0.745s] Level 1:colcon.colcon_core.environment:checking '/home/tony/Gazebo/install/mycobot_bringup/bin'
[0.745s] Level 1:colcon.colcon_core.environment:checking '/home/tony/Gazebo/install/mycobot_bringup/lib/pkgconfig/mycobot_bringup.pc'
[0.746s] Level 1:colcon.colcon_core.environment:checking '/home/tony/Gazebo/install/mycobot_bringup/lib/python3.12/site-packages'
[0.747s] Level 1:colcon.colcon_core.environment:checking '/home/tony/Gazebo/install/mycobot_bringup/bin'
[0.747s] INFO:colcon.colcon_core.shell:Creating package script '/home/tony/Gazebo/install/mycobot_bringup/share/mycobot_bringup/package.ps1'
[0.749s] INFO:colcon.colcon_core.shell:Creating package descriptor '/home/tony/Gazebo/install/mycobot_bringup/share/mycobot_bringup/package.dsv'
[0.750s] INFO:colcon.colcon_core.shell:Creating package script '/home/tony/Gazebo/install/mycobot_bringup/share/mycobot_bringup/package.sh'
[0.751s] INFO:colcon.colcon_core.shell:Creating package script '/home/tony/Gazebo/install/mycobot_bringup/share/mycobot_bringup/package.bash'
[0.752s] INFO:colcon.colcon_core.shell:Creating package script '/home/tony/Gazebo/install/mycobot_bringup/share/mycobot_bringup/package.zsh'
[0.752s] Level 1:colcon.colcon_core.environment:create_file_with_runtime_dependencies(/home/tony/Gazebo/install/mycobot_bringup/share/colcon-core/packages/mycobot_bringup)
[0.755s] Level 1:colcon.colcon_core.environment:create_environment_scripts_only(mycobot_gazebo)
[0.756s] Level 1:colcon.colcon_core.environment:checking '/home/tony/Gazebo/install/mycobot_gazebo' for CMake module files
[0.757s] DEBUG:colcon.colcon_core.event_handler.log_command:Invoked command in '/home/tony/Gazebo/build/mycobot_gazebo' returned '0': CMAKE_PREFIX_PATH=${CMAKE_PREFIX_PATH}:/opt/ros/jazzy DEBUGINFOD_URLS=https://debuginfod.ubuntu.com /usr/bin/cmake --install /home/tony/Gazebo/build/mycobot_gazebo
[0.758s] Level 1:colcon.colcon_core.environment:checking '/home/tony/Gazebo/install/mycobot_gazebo' for CMake config files
[0.758s] Level 1:colcon.colcon_core.shell:create_environment_hook('mycobot_gazebo', 'cmake_prefix_path')
[0.759s] INFO:colcon.colcon_core.shell:Creating environment hook '/home/tony/Gazebo/install/mycobot_gazebo/share/mycobot_gazebo/hook/cmake_prefix_path.ps1'
[0.760s] INFO:colcon.colcon_core.shell:Creating environment descriptor '/home/tony/Gazebo/install/mycobot_gazebo/share/mycobot_gazebo/hook/cmake_prefix_path.dsv'
[0.761s] INFO:colcon.colcon_core.shell:Creating environment hook '/home/tony/Gazebo/install/mycobot_gazebo/share/mycobot_gazebo/hook/cmake_prefix_path.sh'
[0.762s] Level 1:colcon.colcon_core.environment:checking '/home/tony/Gazebo/install/mycobot_gazebo/bin'
[0.763s] Level 1:colcon.colcon_core.environment:checking '/home/tony/Gazebo/install/mycobot_gazebo/lib/pkgconfig/mycobot_gazebo.pc'
[0.763s] Level 1:colcon.colcon_core.environment:checking '/home/tony/Gazebo/install/mycobot_gazebo/lib/python3.12/site-packages'
[0.764s] Level 1:colcon.colcon_core.environment:checking '/home/tony/Gazebo/install/mycobot_gazebo/bin'
[0.764s] INFO:colcon.colcon_core.shell:Creating package script '/home/tony/Gazebo/install/mycobot_gazebo/share/mycobot_gazebo/package.ps1'
[0.765s] INFO:colcon.colcon_core.shell:Creating package descriptor '/home/tony/Gazebo/install/mycobot_gazebo/share/mycobot_gazebo/package.dsv'
[0.766s] INFO:colcon.colcon_core.shell:Creating package script '/home/tony/Gazebo/install/mycobot_gazebo/share/mycobot_gazebo/package.sh'
[0.767s] INFO:colcon.colcon_core.shell:Creating package script '/home/tony/Gazebo/install/mycobot_gazebo/share/mycobot_gazebo/package.bash'
[0.767s] INFO:colcon.colcon_core.shell:Creating package script '/home/tony/Gazebo/install/mycobot_gazebo/share/mycobot_gazebo/package.zsh'
[0.768s] Level 1:colcon.colcon_core.environment:create_file_with_runtime_dependencies(/home/tony/Gazebo/install/mycobot_gazebo/share/colcon-core/packages/mycobot_gazebo)
[0.769s] Level 1:colcon.colcon_core.environment:create_environment_scripts_only(mycobot_gazebo)
[0.769s] Level 1:colcon.colcon_core.environment:checking '/home/tony/Gazebo/install/mycobot_gazebo' for CMake module files
[0.769s] Level 1:colcon.colcon_core.environment:checking '/home/tony/Gazebo/install/mycobot_gazebo' for CMake config files
[0.770s] Level 1:colcon.colcon_core.shell:create_environment_hook('mycobot_gazebo', 'cmake_prefix_path')
[0.771s] INFO:colcon.colcon_core.shell:Creating environment hook '/home/tony/Gazebo/install/mycobot_gazebo/share/mycobot_gazebo/hook/cmake_prefix_path.ps1'
[0.773s] INFO:colcon.colcon_core.shell:Creating environment descriptor '/home/tony/Gazebo/install/mycobot_gazebo/share/mycobot_gazebo/hook/cmake_prefix_path.dsv'
[0.775s] INFO:colcon.colcon_core.shell:Creating environment hook '/home/tony/Gazebo/install/mycobot_gazebo/share/mycobot_gazebo/hook/cmake_prefix_path.sh'
[0.776s] Level 1:colcon.colcon_core.environment:checking '/home/tony/Gazebo/install/mycobot_gazebo/bin'
[0.776s] Level 1:colcon.colcon_core.environment:checking '/home/tony/Gazebo/install/mycobot_gazebo/lib/pkgconfig/mycobot_gazebo.pc'
[0.777s] Level 1:colcon.colcon_core.environment:checking '/home/tony/Gazebo/install/mycobot_gazebo/lib/python3.12/site-packages'
[0.777s] Level 1:colcon.colcon_core.environment:checking '/home/tony/Gazebo/install/mycobot_gazebo/bin'
[0.778s] INFO:colcon.colcon_core.shell:Creating package script '/home/tony/Gazebo/install/mycobot_gazebo/share/mycobot_gazebo/package.ps1'
[0.779s] INFO:colcon.colcon_core.shell:Creating package descriptor '/home/tony/Gazebo/install/mycobot_gazebo/share/mycobot_gazebo/package.dsv'
[0.780s] INFO:colcon.colcon_core.shell:Creating package script '/home/tony/Gazebo/install/mycobot_gazebo/share/mycobot_gazebo/package.sh'
[0.781s] INFO:colcon.colcon_core.shell:Creating package script '/home/tony/Gazebo/install/mycobot_gazebo/share/mycobot_gazebo/package.bash'
[0.782s] INFO:colcon.colcon_core.shell:Creating package script '/home/tony/Gazebo/install/mycobot_gazebo/share/mycobot_gazebo/package.zsh'
[0.783s] Level 1:colcon.colcon_core.environment:create_file_with_runtime_dependencies(/home/tony/Gazebo/install/mycobot_gazebo/share/colcon-core/packages/mycobot_gazebo)
[0.783s] Level 1:colcon.colcon_core.environment:create_environment_scripts_only(mycobot_moveit2_config)
[0.784s] Level 1:colcon.colcon_core.environment:checking '/home/tony/Gazebo/install/mycobot_moveit2_config' for CMake module files
[0.785s] Level 1:colcon.colcon_core.environment:checking '/home/tony/Gazebo/install/mycobot_moveit2_config' for CMake config files
[0.786s] DEBUG:colcon.colcon_core.event_handler.log_command:Invoked command in '/home/tony/Gazebo/build/mycobot_moveit2_config' returned '0': CMAKE_PREFIX_PATH=${CMAKE_PREFIX_PATH}:/opt/ros/jazzy DEBUGINFOD_URLS=https://debuginfod.ubuntu.com /usr/bin/cmake --install /home/tony/Gazebo/build/mycobot_moveit2_config
[0.787s] Level 1:colcon.colcon_core.shell:create_environment_hook('mycobot_moveit2_config', 'cmake_prefix_path')
[0.787s] INFO:colcon.colcon_core.shell:Creating environment hook '/home/tony/Gazebo/install/mycobot_moveit2_config/share/mycobot_moveit2_config/hook/cmake_prefix_path.ps1'
[0.788s] INFO:colcon.colcon_core.shell:Creating environment descriptor '/home/tony/Gazebo/install/mycobot_moveit2_config/share/mycobot_moveit2_config/hook/cmake_prefix_path.dsv'
[0.788s] INFO:colcon.colcon_core.shell:Creating environment hook '/home/tony/Gazebo/install/mycobot_moveit2_config/share/mycobot_moveit2_config/hook/cmake_prefix_path.sh'
[0.789s] Level 1:colcon.colcon_core.environment:checking '/home/tony/Gazebo/install/mycobot_moveit2_config/bin'
[0.789s] Level 1:colcon.colcon_core.environment:checking '/home/tony/Gazebo/install/mycobot_moveit2_config/lib/pkgconfig/mycobot_moveit2_config.pc'
[0.790s] Level 1:colcon.colcon_core.environment:checking '/home/tony/Gazebo/install/mycobot_moveit2_config/lib/python3.12/site-packages'
[0.790s] Level 1:colcon.colcon_core.environment:checking '/home/tony/Gazebo/install/mycobot_moveit2_config/bin'
[0.790s] INFO:colcon.colcon_core.shell:Creating package script '/home/tony/Gazebo/install/mycobot_moveit2_config/share/mycobot_moveit2_config/package.ps1'
[0.791s] INFO:colcon.colcon_core.shell:Creating package descriptor '/home/tony/Gazebo/install/mycobot_moveit2_config/share/mycobot_moveit2_config/package.dsv'
[0.792s] INFO:colcon.colcon_core.shell:Creating package script '/home/tony/Gazebo/install/mycobot_moveit2_config/share/mycobot_moveit2_config/package.sh'
[0.792s] INFO:colcon.colcon_core.shell:Creating package script '/home/tony/Gazebo/install/mycobot_moveit2_config/share/mycobot_moveit2_config/package.bash'
[0.793s] INFO:colcon.colcon_core.shell:Creating package script '/home/tony/Gazebo/install/mycobot_moveit2_config/share/mycobot_moveit2_config/package.zsh'
[0.793s] Level 1:colcon.colcon_core.environment:create_file_with_runtime_dependencies(/home/tony/Gazebo/install/mycobot_moveit2_config/share/colcon-core/packages/mycobot_moveit2_config)
[0.793s] Level 1:colcon.colcon_core.environment:create_environment_scripts_only(mycobot_moveit2_config)
[0.794s] Level 1:colcon.colcon_core.environment:checking '/home/tony/Gazebo/install/mycobot_moveit2_config' for CMake module files
[0.794s] Level 1:colcon.colcon_core.environment:checking '/home/tony/Gazebo/install/mycobot_moveit2_config' for CMake config files
[0.794s] Level 1:colcon.colcon_core.shell:create_environment_hook('mycobot_moveit2_config', 'cmake_prefix_path')
[0.795s] INFO:colcon.colcon_core.shell:Creating environment hook '/home/tony/Gazebo/install/mycobot_moveit2_config/share/mycobot_moveit2_config/hook/cmake_prefix_path.ps1'
[0.795s] INFO:colcon.colcon_core.shell:Creating environment descriptor '/home/tony/Gazebo/install/mycobot_moveit2_config/share/mycobot_moveit2_config/hook/cmake_prefix_path.dsv'
[0.795s] INFO:colcon.colcon_core.shell:Creating environment hook '/home/tony/Gazebo/install/mycobot_moveit2_config/share/mycobot_moveit2_config/hook/cmake_prefix_path.sh'
[0.796s] Level 1:colcon.colcon_core.environment:checking '/home/tony/Gazebo/install/mycobot_moveit2_config/bin'
[0.796s] Level 1:colcon.colcon_core.environment:checking '/home/tony/Gazebo/install/mycobot_moveit2_config/lib/pkgconfig/mycobot_moveit2_config.pc'
[0.797s] Level 1:colcon.colcon_core.environment:checking '/home/tony/Gazebo/install/mycobot_moveit2_config/lib/python3.12/site-packages'
[0.797s] Level 1:colcon.colcon_core.environment:checking '/home/tony/Gazebo/install/mycobot_moveit2_config/bin'
[0.798s] INFO:colcon.colcon_core.shell:Creating package script '/home/tony/Gazebo/install/mycobot_moveit2_config/share/mycobot_moveit2_config/package.ps1'
[0.799s] INFO:colcon.colcon_core.shell:Creating package descriptor '/home/tony/Gazebo/install/mycobot_moveit2_config/share/mycobot_moveit2_config/package.dsv'
[0.800s] INFO:colcon.colcon_core.shell:Creating package script '/home/tony/Gazebo/install/mycobot_moveit2_config/share/mycobot_moveit2_config/package.sh'
[0.801s] INFO:colcon.colcon_core.shell:Creating package script '/home/tony/Gazebo/install/mycobot_moveit2_config/share/mycobot_moveit2_config/package.bash'
[0.801s] INFO:colcon.colcon_core.shell:Creating package script '/home/tony/Gazebo/install/mycobot_moveit2_config/share/mycobot_moveit2_config/package.zsh'
[0.802s] Level 1:colcon.colcon_core.environment:create_file_with_runtime_dependencies(/home/tony/Gazebo/install/mycobot_moveit2_config/share/colcon-core/packages/mycobot_moveit2_config)
[0.803s] Level 1:colcon.colcon_core.environment:create_environment_scripts_only(mycobot_description)
[0.804s] Level 1:colcon.colcon_core.environment:checking '/home/tony/Gazebo/install/mycobot_description' for CMake module files
[0.805s] DEBUG:colcon.colcon_core.event_handler.log_command:Invoked command in '/home/tony/Gazebo/build/mycobot_description' returned '0': CMAKE_PREFIX_PATH=${CMAKE_PREFIX_PATH}:/opt/ros/jazzy DEBUGINFOD_URLS=https://debuginfod.ubuntu.com /usr/bin/cmake --install /home/tony/Gazebo/build/mycobot_description
[0.806s] Level 1:colcon.colcon_core.environment:checking '/home/tony/Gazebo/install/mycobot_description' for CMake config files
[0.807s] Level 1:colcon.colcon_core.shell:create_environment_hook('mycobot_description', 'cmake_prefix_path')
[0.807s] INFO:colcon.colcon_core.shell:Creating environment hook '/home/tony/Gazebo/install/mycobot_description/share/mycobot_description/hook/cmake_prefix_path.ps1'
[0.808s] INFO:colcon.colcon_core.shell:Creating environment descriptor '/home/tony/Gazebo/install/mycobot_description/share/mycobot_description/hook/cmake_prefix_path.dsv'
[0.809s] INFO:colcon.colcon_core.shell:Creating environment hook '/home/tony/Gazebo/install/mycobot_description/share/mycobot_description/hook/cmake_prefix_path.sh'
[0.810s] Level 1:colcon.colcon_core.environment:checking '/home/tony/Gazebo/install/mycobot_description/bin'
[0.810s] Level 1:colcon.colcon_core.environment:checking '/home/tony/Gazebo/install/mycobot_description/lib/pkgconfig/mycobot_description.pc'
[0.811s] Level 1:colcon.colcon_core.environment:checking '/home/tony/Gazebo/install/mycobot_description/lib/python3.12/site-packages'
[0.811s] Level 1:colcon.colcon_core.environment:checking '/home/tony/Gazebo/install/mycobot_description/bin'
[0.812s] INFO:colcon.colcon_core.shell:Creating package script '/home/tony/Gazebo/install/mycobot_description/share/mycobot_description/package.ps1'
[0.813s] INFO:colcon.colcon_core.shell:Creating package descriptor '/home/tony/Gazebo/install/mycobot_description/share/mycobot_description/package.dsv'
[0.814s] INFO:colcon.colcon_core.shell:Creating package script '/home/tony/Gazebo/install/mycobot_description/share/mycobot_description/package.sh'
[0.815s] INFO:colcon.colcon_core.shell:Creating package script '/home/tony/Gazebo/install/mycobot_description/share/mycobot_description/package.bash'
[0.815s] INFO:colcon.colcon_core.shell:Creating package script '/home/tony/Gazebo/install/mycobot_description/share/mycobot_description/package.zsh'
[0.816s] Level 1:colcon.colcon_core.environment:create_file_with_runtime_dependencies(/home/tony/Gazebo/install/mycobot_description/share/colcon-core/packages/mycobot_description)
[0.817s] Level 1:colcon.colcon_core.environment:create_environment_scripts_only(mycobot_description)
[0.819s] Level 1:colcon.colcon_core.environment:checking '/home/tony/Gazebo/install/mycobot_description' for CMake module files
[0.820s] Level 1:colcon.colcon_core.environment:checking '/home/tony/Gazebo/install/mycobot_description' for CMake config files
[0.820s] Level 1:colcon.colcon_core.shell:create_environment_hook('mycobot_description', 'cmake_prefix_path')
[0.821s] INFO:colcon.colcon_core.shell:Creating environment hook '/home/tony/Gazebo/install/mycobot_description/share/mycobot_description/hook/cmake_prefix_path.ps1'
[0.822s] INFO:colcon.colcon_core.shell:Creating environment descriptor '/home/tony/Gazebo/install/mycobot_description/share/mycobot_description/hook/cmake_prefix_path.dsv'
[0.822s] INFO:colcon.colcon_core.shell:Creating environment hook '/home/tony/Gazebo/install/mycobot_description/share/mycobot_description/hook/cmake_prefix_path.sh'
[0.823s] Level 1:colcon.colcon_core.environment:checking '/home/tony/Gazebo/install/mycobot_description/bin'
[0.823s] Level 1:colcon.colcon_core.environment:checking '/home/tony/Gazebo/install/mycobot_description/lib/pkgconfig/mycobot_description.pc'
[0.824s] Level 1:colcon.colcon_core.environment:checking '/home/tony/Gazebo/install/mycobot_description/lib/python3.12/site-packages'
[0.824s] Level 1:colcon.colcon_core.environment:checking '/home/tony/Gazebo/install/mycobot_description/bin'
[0.824s] INFO:colcon.colcon_core.shell:Creating package script '/home/tony/Gazebo/install/mycobot_description/share/mycobot_description/package.ps1'
[0.825s] INFO:colcon.colcon_core.shell:Creating package descriptor '/home/tony/Gazebo/install/mycobot_description/share/mycobot_description/package.dsv'
[0.826s] INFO:colcon.colcon_core.shell:Creating package script '/home/tony/Gazebo/install/mycobot_description/share/mycobot_description/package.sh'
[0.826s] INFO:colcon.colcon_core.shell:Creating package script '/home/tony/Gazebo/install/mycobot_description/share/mycobot_description/package.bash'
[0.827s] INFO:colcon.colcon_core.shell:Creating package script '/home/tony/Gazebo/install/mycobot_description/share/mycobot_description/package.zsh'
[0.827s] Level 1:colcon.colcon_core.environment:create_file_with_runtime_dependencies(/home/tony/Gazebo/install/mycobot_description/share/colcon-core/packages/mycobot_description)
[0.828s] DEBUG:colcon.colcon_parallel_executor.executor.parallel:closing loop
[0.828s] DEBUG:colcon.colcon_parallel_executor.executor.parallel:loop closed
[0.828s] DEBUG:colcon.colcon_parallel_executor.executor.parallel:run_until_complete finished with '0'
[0.829s] DEBUG:colcon.colcon_core.event_reactor:joining thread
[0.837s] INFO:colcon.colcon_core.plugin_system:Skipping extension 'colcon_notification.desktop_notification.terminal_notifier': Not used on non-Darwin systems
[0.838s] INFO:colcon.colcon_core.plugin_system:Skipping extension 'colcon_notification.desktop_notification.win32': Not used on non-Windows systems
[0.838s] INFO:colcon.colcon_notification.desktop_notification:Sending desktop notification using 'notify2'
[0.868s] DEBUG:colcon.colcon_core.event_reactor:joined thread
[0.869s] INFO:colcon.colcon_core.shell:Creating prefix script '/home/tony/Gazebo/install/local_setup.ps1'
[0.872s] INFO:colcon.colcon_core.shell:Creating prefix util module '/home/tony/Gazebo/install/_local_setup_util_ps1.py'
[0.874s] INFO:colcon.colcon_core.shell:Creating prefix chain script '/home/tony/Gazebo/install/setup.ps1'
[0.876s] INFO:colcon.colcon_core.shell:Creating prefix script '/home/tony/Gazebo/install/local_setup.sh'
[0.877s] INFO:colcon.colcon_core.shell:Creating prefix util module '/home/tony/Gazebo/install/_local_setup_util_sh.py'
[0.878s] INFO:colcon.colcon_core.shell:Creating prefix chain script '/home/tony/Gazebo/install/setup.sh'
[0.880s] INFO:colcon.colcon_core.shell:Creating prefix script '/home/tony/Gazebo/install/local_setup.bash'
[0.882s] INFO:colcon.colcon_core.shell:Creating prefix chain script '/home/tony/Gazebo/install/setup.bash'
[0.884s] INFO:colcon.colcon_core.shell:Creating prefix script '/home/tony/Gazebo/install/local_setup.zsh'
[0.885s] INFO:colcon.colcon_core.shell:Creating prefix chain script '/home/tony/Gazebo/install/setup.zsh'
