[0.177s] DEBUG:colcon:Command line arguments: ['/usr/bin/colcon', 'build', '--symlink-install']
[0.177s] DEBUG:colcon:Parsed command line arguments: Namespace(log_base=None, log_level=None, verb_name='build', build_base='build', install_base='install', merge_install=False, symlink_install=True, test_result_base=None, continue_on_error=False, executor='parallel', parallel_workers=16, event_handlers=None, ignore_user_meta=False, metas=['./colcon.meta'], base_paths=['.'], packages_ignore=None, packages_ignore_regex=None, paths=None, packages_up_to=None, packages_up_to_regex=None, packages_above=None, packages_above_and_dependencies=None, packages_above_depth=None, packages_select_by_dep=None, packages_skip_by_dep=None, packages_skip_up_to=None, packages_select_build_failed=False, packages_skip_build_finished=False, packages_select_test_failures=False, packages_skip_test_passed=False, packages_select=None, packages_skip=None, packages_select_regex=None, packages_skip_regex=None, packages_start=None, packages_end=None, allow_overriding=[], cmake_args=None, cmake_target=None, cmake_target_skip_unavailable=False, cmake_clean_cache=False, cmake_clean_first=False, cmake_force_configure=False, ament_cmake_args=None, catkin_cmake_args=None, catkin_skip_building_tests=False, mixin_files=None, mixin=None, verb_parser=<colcon_mixin.mixin.mixin_argument.MixinArgumentDecorator object at 0x7dbcb9a775f0>, verb_extension=<colcon_core.verb.build.BuildVerb object at 0x7dbcb9a774a0>, main=<bound method BuildVerb.main of <colcon_core.verb.build.BuildVerb object at 0x7dbcb9a774a0>>, mixin_verb=('build',))
[0.269s] Level 1:colcon.colcon_core.package_discovery:discover_packages(colcon_meta) check parameters
[0.269s] Level 1:colcon.colcon_core.package_discovery:discover_packages(recursive) check parameters
[0.269s] Level 1:colcon.colcon_core.package_discovery:discover_packages(ignore) check parameters
[0.269s] Level 1:colcon.colcon_core.package_discovery:discover_packages(path) check parameters
[0.269s] Level 1:colcon.colcon_core.package_discovery:discover_packages(colcon_meta) discover
[0.270s] Level 1:colcon.colcon_core.package_discovery:discover_packages(recursive) discover
[0.270s] INFO:colcon.colcon_core.package_discovery:Crawling recursively for packages in '/home/tony/Gazebo'
[0.270s] Level 1:colcon.colcon_core.package_identification:_identify(.) by extensions ['ignore', 'ignore_ament_install']
[0.270s] Level 1:colcon.colcon_core.package_identification:_identify(.) by extension 'ignore'
[0.271s] Level 1:colcon.colcon_core.package_identification:_identify(.) by extension 'ignore_ament_install'
[0.271s] Level 1:colcon.colcon_core.package_identification:_identify(.) by extensions ['colcon_pkg']
[0.271s] Level 1:colcon.colcon_core.package_identification:_identify(.) by extension 'colcon_pkg'
[0.271s] Level 1:colcon.colcon_core.package_identification:_identify(.) by extensions ['colcon_meta']
[0.271s] Level 1:colcon.colcon_core.package_identification:_identify(.) by extension 'colcon_meta'
[0.271s] Level 1:colcon.colcon_core.package_identification:_identify(.) by extensions ['ros']
[0.271s] Level 1:colcon.colcon_core.package_identification:_identify(.) by extension 'ros'
[0.331s] Level 1:colcon.colcon_core.package_identification:_identify(.) by extensions ['cmake', 'python']
[0.331s] Level 1:colcon.colcon_core.package_identification:_identify(.) by extension 'cmake'
[0.332s] Level 1:colcon.colcon_core.package_identification:_identify(.) by extension 'python'
[0.332s] Level 1:colcon.colcon_core.package_identification:_identify(.) by extensions ['python_setup_py']
[0.332s] Level 1:colcon.colcon_core.package_identification:_identify(.) by extension 'python_setup_py'
[0.332s] Level 1:colcon.colcon_core.package_identification:_identify(Note) by extensions ['ignore', 'ignore_ament_install']
[0.332s] Level 1:colcon.colcon_core.package_identification:_identify(Note) by extension 'ignore'
[0.333s] Level 1:colcon.colcon_core.package_identification:_identify(Note) by extension 'ignore_ament_install'
[0.333s] Level 1:colcon.colcon_core.package_identification:_identify(Note) by extensions ['colcon_pkg']
[0.333s] Level 1:colcon.colcon_core.package_identification:_identify(Note) by extension 'colcon_pkg'
[0.333s] Level 1:colcon.colcon_core.package_identification:_identify(Note) by extensions ['colcon_meta']
[0.333s] Level 1:colcon.colcon_core.package_identification:_identify(Note) by extension 'colcon_meta'
[0.333s] Level 1:colcon.colcon_core.package_identification:_identify(Note) by extensions ['ros']
[0.333s] Level 1:colcon.colcon_core.package_identification:_identify(Note) by extension 'ros'
[0.333s] Level 1:colcon.colcon_core.package_identification:_identify(Note) by extensions ['cmake', 'python']
[0.333s] Level 1:colcon.colcon_core.package_identification:_identify(Note) by extension 'cmake'
[0.334s] Level 1:colcon.colcon_core.package_identification:_identify(Note) by extension 'python'
[0.334s] Level 1:colcon.colcon_core.package_identification:_identify(Note) by extensions ['python_setup_py']
[0.334s] Level 1:colcon.colcon_core.package_identification:_identify(Note) by extension 'python_setup_py'
[0.334s] Level 1:colcon.colcon_core.package_identification:_identify(Note/robot_description) by extensions ['ignore', 'ignore_ament_install']
[0.334s] Level 1:colcon.colcon_core.package_identification:_identify(Note/robot_description) by extension 'ignore'
[0.334s] Level 1:colcon.colcon_core.package_identification:_identify(Note/robot_description) by extension 'ignore_ament_install'
[0.334s] Level 1:colcon.colcon_core.package_identification:_identify(Note/robot_description) by extensions ['colcon_pkg']
[0.334s] Level 1:colcon.colcon_core.package_identification:_identify(Note/robot_description) by extension 'colcon_pkg'
[0.334s] Level 1:colcon.colcon_core.package_identification:_identify(Note/robot_description) by extensions ['colcon_meta']
[0.334s] Level 1:colcon.colcon_core.package_identification:_identify(Note/robot_description) by extension 'colcon_meta'
[0.334s] Level 1:colcon.colcon_core.package_identification:_identify(Note/robot_description) by extensions ['ros']
[0.334s] Level 1:colcon.colcon_core.package_identification:_identify(Note/robot_description) by extension 'ros'
[0.335s] Level 1:colcon.colcon_core.package_identification:_identify(Note/robot_description) by extensions ['cmake', 'python']
[0.335s] Level 1:colcon.colcon_core.package_identification:_identify(Note/robot_description) by extension 'cmake'
[0.335s] Level 1:colcon.colcon_core.package_identification:_identify(Note/robot_description) by extension 'python'
[0.335s] Level 1:colcon.colcon_core.package_identification:_identify(Note/robot_description) by extensions ['python_setup_py']
[0.335s] Level 1:colcon.colcon_core.package_identification:_identify(Note/robot_description) by extension 'python_setup_py'
[0.335s] Level 1:colcon.colcon_core.package_identification:_identify(Note/robot_description/photos) by extensions ['ignore', 'ignore_ament_install']
[0.335s] Level 1:colcon.colcon_core.package_identification:_identify(Note/robot_description/photos) by extension 'ignore'
[0.335s] Level 1:colcon.colcon_core.package_identification:_identify(Note/robot_description/photos) by extension 'ignore_ament_install'
[0.335s] Level 1:colcon.colcon_core.package_identification:_identify(Note/robot_description/photos) by extensions ['colcon_pkg']
[0.335s] Level 1:colcon.colcon_core.package_identification:_identify(Note/robot_description/photos) by extension 'colcon_pkg'
[0.335s] Level 1:colcon.colcon_core.package_identification:_identify(Note/robot_description/photos) by extensions ['colcon_meta']
[0.335s] Level 1:colcon.colcon_core.package_identification:_identify(Note/robot_description/photos) by extension 'colcon_meta'
[0.336s] Level 1:colcon.colcon_core.package_identification:_identify(Note/robot_description/photos) by extensions ['ros']
[0.336s] Level 1:colcon.colcon_core.package_identification:_identify(Note/robot_description/photos) by extension 'ros'
[0.336s] Level 1:colcon.colcon_core.package_identification:_identify(Note/robot_description/photos) by extensions ['cmake', 'python']
[0.336s] Level 1:colcon.colcon_core.package_identification:_identify(Note/robot_description/photos) by extension 'cmake'
[0.336s] Level 1:colcon.colcon_core.package_identification:_identify(Note/robot_description/photos) by extension 'python'
[0.336s] Level 1:colcon.colcon_core.package_identification:_identify(Note/robot_description/photos) by extensions ['python_setup_py']
[0.336s] Level 1:colcon.colcon_core.package_identification:_identify(Note/robot_description/photos) by extension 'python_setup_py'
[0.336s] Level 1:colcon.colcon_core.package_identification:_identify(build) by extensions ['ignore', 'ignore_ament_install']
[0.336s] Level 1:colcon.colcon_core.package_identification:_identify(build) by extension 'ignore'
[0.337s] Level 1:colcon.colcon_core.package_identification:_identify(build) ignored
[0.337s] Level 1:colcon.colcon_core.package_identification:_identify(install) by extensions ['ignore', 'ignore_ament_install']
[0.337s] Level 1:colcon.colcon_core.package_identification:_identify(install) by extension 'ignore'
[0.337s] Level 1:colcon.colcon_core.package_identification:_identify(install) ignored
[0.337s] Level 1:colcon.colcon_core.package_identification:_identify(log) by extensions ['ignore', 'ignore_ament_install']
[0.337s] Level 1:colcon.colcon_core.package_identification:_identify(log) by extension 'ignore'
[0.337s] Level 1:colcon.colcon_core.package_identification:_identify(log) ignored
[0.338s] Level 1:colcon.colcon_core.package_identification:_identify(src) by extensions ['ignore', 'ignore_ament_install']
[0.338s] Level 1:colcon.colcon_core.package_identification:_identify(src) by extension 'ignore'
[0.338s] Level 1:colcon.colcon_core.package_identification:_identify(src) by extension 'ignore_ament_install'
[0.338s] Level 1:colcon.colcon_core.package_identification:_identify(src) by extensions ['colcon_pkg']
[0.338s] Level 1:colcon.colcon_core.package_identification:_identify(src) by extension 'colcon_pkg'
[0.338s] Level 1:colcon.colcon_core.package_identification:_identify(src) by extensions ['colcon_meta']
[0.338s] Level 1:colcon.colcon_core.package_identification:_identify(src) by extension 'colcon_meta'
[0.338s] Level 1:colcon.colcon_core.package_identification:_identify(src) by extensions ['ros']
[0.338s] Level 1:colcon.colcon_core.package_identification:_identify(src) by extension 'ros'
[0.338s] Level 1:colcon.colcon_core.package_identification:_identify(src) by extensions ['cmake', 'python']
[0.338s] Level 1:colcon.colcon_core.package_identification:_identify(src) by extension 'cmake'
[0.338s] Level 1:colcon.colcon_core.package_identification:_identify(src) by extension 'python'
[0.338s] Level 1:colcon.colcon_core.package_identification:_identify(src) by extensions ['python_setup_py']
[0.339s] Level 1:colcon.colcon_core.package_identification:_identify(src) by extension 'python_setup_py'
[0.339s] Level 1:colcon.colcon_core.package_identification:_identify(src/mycobot_ros2) by extensions ['ignore', 'ignore_ament_install']
[0.339s] Level 1:colcon.colcon_core.package_identification:_identify(src/mycobot_ros2) by extension 'ignore'
[0.339s] Level 1:colcon.colcon_core.package_identification:_identify(src/mycobot_ros2) by extension 'ignore_ament_install'
[0.339s] Level 1:colcon.colcon_core.package_identification:_identify(src/mycobot_ros2) by extensions ['colcon_pkg']
[0.339s] Level 1:colcon.colcon_core.package_identification:_identify(src/mycobot_ros2) by extension 'colcon_pkg'
[0.339s] Level 1:colcon.colcon_core.package_identification:_identify(src/mycobot_ros2) by extensions ['colcon_meta']
[0.339s] Level 1:colcon.colcon_core.package_identification:_identify(src/mycobot_ros2) by extension 'colcon_meta'
[0.339s] Level 1:colcon.colcon_core.package_identification:_identify(src/mycobot_ros2) by extensions ['ros']
[0.339s] Level 1:colcon.colcon_core.package_identification:_identify(src/mycobot_ros2) by extension 'ros'
[0.339s] Level 1:colcon.colcon_core.package_identification:_identify(src/mycobot_ros2) by extensions ['cmake', 'python']
[0.339s] Level 1:colcon.colcon_core.package_identification:_identify(src/mycobot_ros2) by extension 'cmake'
[0.339s] Level 1:colcon.colcon_core.package_identification:_identify(src/mycobot_ros2) by extension 'python'
[0.339s] Level 1:colcon.colcon_core.package_identification:_identify(src/mycobot_ros2) by extensions ['python_setup_py']
[0.339s] Level 1:colcon.colcon_core.package_identification:_identify(src/mycobot_ros2) by extension 'python_setup_py'
[0.339s] Level 1:colcon.colcon_core.package_identification:_identify(src/mycobot_ros2/mycobot_bringup) by extensions ['ignore', 'ignore_ament_install']
[0.340s] Level 1:colcon.colcon_core.package_identification:_identify(src/mycobot_ros2/mycobot_bringup) by extension 'ignore'
[0.340s] Level 1:colcon.colcon_core.package_identification:_identify(src/mycobot_ros2/mycobot_bringup) by extension 'ignore_ament_install'
[0.340s] Level 1:colcon.colcon_core.package_identification:_identify(src/mycobot_ros2/mycobot_bringup) by extensions ['colcon_pkg']
[0.340s] Level 1:colcon.colcon_core.package_identification:_identify(src/mycobot_ros2/mycobot_bringup) by extension 'colcon_pkg'
[0.340s] Level 1:colcon.colcon_core.package_identification:_identify(src/mycobot_ros2/mycobot_bringup) by extensions ['colcon_meta']
[0.340s] Level 1:colcon.colcon_core.package_identification:_identify(src/mycobot_ros2/mycobot_bringup) by extension 'colcon_meta'
[0.340s] Level 1:colcon.colcon_core.package_identification:_identify(src/mycobot_ros2/mycobot_bringup) by extensions ['ros']
[0.340s] Level 1:colcon.colcon_core.package_identification:_identify(src/mycobot_ros2/mycobot_bringup) by extension 'ros'
[0.345s] DEBUG:colcon.colcon_core.package_identification:Package 'src/mycobot_ros2/mycobot_bringup' with type 'ros.ament_cmake' and name 'mycobot_bringup'
[0.345s] Level 1:colcon.colcon_core.package_identification:_identify(src/mycobot_ros2/mycobot_description) by extensions ['ignore', 'ignore_ament_install']
[0.346s] Level 1:colcon.colcon_core.package_identification:_identify(src/mycobot_ros2/mycobot_description) by extension 'ignore'
[0.346s] Level 1:colcon.colcon_core.package_identification:_identify(src/mycobot_ros2/mycobot_description) by extension 'ignore_ament_install'
[0.346s] Level 1:colcon.colcon_core.package_identification:_identify(src/mycobot_ros2/mycobot_description) by extensions ['colcon_pkg']
[0.346s] Level 1:colcon.colcon_core.package_identification:_identify(src/mycobot_ros2/mycobot_description) by extension 'colcon_pkg'
[0.346s] Level 1:colcon.colcon_core.package_identification:_identify(src/mycobot_ros2/mycobot_description) by extensions ['colcon_meta']
[0.346s] Level 1:colcon.colcon_core.package_identification:_identify(src/mycobot_ros2/mycobot_description) by extension 'colcon_meta'
[0.346s] Level 1:colcon.colcon_core.package_identification:_identify(src/mycobot_ros2/mycobot_description) by extensions ['ros']
[0.346s] Level 1:colcon.colcon_core.package_identification:_identify(src/mycobot_ros2/mycobot_description) by extension 'ros'
[0.348s] DEBUG:colcon.colcon_core.package_identification:Package 'src/mycobot_ros2/mycobot_description' with type 'ros.ament_cmake' and name 'mycobot_description'
[0.348s] Level 1:colcon.colcon_core.package_identification:_identify(src/mycobot_ros2/mycobot_gazebo) by extensions ['ignore', 'ignore_ament_install']
[0.349s] Level 1:colcon.colcon_core.package_identification:_identify(src/mycobot_ros2/mycobot_gazebo) by extension 'ignore'
[0.349s] Level 1:colcon.colcon_core.package_identification:_identify(src/mycobot_ros2/mycobot_gazebo) by extension 'ignore_ament_install'
[0.349s] Level 1:colcon.colcon_core.package_identification:_identify(src/mycobot_ros2/mycobot_gazebo) by extensions ['colcon_pkg']
[0.349s] Level 1:colcon.colcon_core.package_identification:_identify(src/mycobot_ros2/mycobot_gazebo) by extension 'colcon_pkg'
[0.349s] Level 1:colcon.colcon_core.package_identification:_identify(src/mycobot_ros2/mycobot_gazebo) by extensions ['colcon_meta']
[0.349s] Level 1:colcon.colcon_core.package_identification:_identify(src/mycobot_ros2/mycobot_gazebo) by extension 'colcon_meta'
[0.349s] Level 1:colcon.colcon_core.package_identification:_identify(src/mycobot_ros2/mycobot_gazebo) by extensions ['ros']
[0.350s] Level 1:colcon.colcon_core.package_identification:_identify(src/mycobot_ros2/mycobot_gazebo) by extension 'ros'
[0.352s] DEBUG:colcon.colcon_core.package_identification:Package 'src/mycobot_ros2/mycobot_gazebo' with type 'ros.ament_cmake' and name 'mycobot_gazebo'
[0.353s] Level 1:colcon.colcon_core.package_identification:_identify(src/mycobot_ros2/mycobot_moveit2_config) by extensions ['ignore', 'ignore_ament_install']
[0.353s] Level 1:colcon.colcon_core.package_identification:_identify(src/mycobot_ros2/mycobot_moveit2_config) by extension 'ignore'
[0.353s] Level 1:colcon.colcon_core.package_identification:_identify(src/mycobot_ros2/mycobot_moveit2_config) by extension 'ignore_ament_install'
[0.354s] Level 1:colcon.colcon_core.package_identification:_identify(src/mycobot_ros2/mycobot_moveit2_config) by extensions ['colcon_pkg']
[0.354s] Level 1:colcon.colcon_core.package_identification:_identify(src/mycobot_ros2/mycobot_moveit2_config) by extension 'colcon_pkg'
[0.354s] Level 1:colcon.colcon_core.package_identification:_identify(src/mycobot_ros2/mycobot_moveit2_config) by extensions ['colcon_meta']
[0.354s] Level 1:colcon.colcon_core.package_identification:_identify(src/mycobot_ros2/mycobot_moveit2_config) by extension 'colcon_meta'
[0.354s] Level 1:colcon.colcon_core.package_identification:_identify(src/mycobot_ros2/mycobot_moveit2_config) by extensions ['ros']
[0.354s] Level 1:colcon.colcon_core.package_identification:_identify(src/mycobot_ros2/mycobot_moveit2_config) by extension 'ros'
[0.355s] DEBUG:colcon.colcon_core.package_identification:Package 'src/mycobot_ros2/mycobot_moveit2_config' with type 'ros.ament_cmake' and name 'mycobot_moveit2_config'
[0.355s] Level 1:colcon.colcon_core.package_discovery:discover_packages(recursive) using defaults
[0.355s] Level 1:colcon.colcon_core.package_discovery:discover_packages(ignore) discover
[0.355s] Level 1:colcon.colcon_core.package_discovery:discover_packages(ignore) using defaults
[0.355s] Level 1:colcon.colcon_core.package_discovery:discover_packages(path) discover
[0.355s] Level 1:colcon.colcon_core.package_discovery:discover_packages(path) using defaults
[0.389s] Level 1:colcon.colcon_core.package_discovery:discover_packages(prefix_path) check parameters
[0.389s] Level 1:colcon.colcon_core.package_discovery:discover_packages(prefix_path) discover
[0.392s] DEBUG:colcon.colcon_installed_package_information.package_discovery:Found 4 installed packages in /home/tony/Gazebo/install
[0.394s] DEBUG:colcon.colcon_installed_package_information.package_discovery:Found 405 installed packages in /opt/ros/jazzy
[0.398s] Level 1:colcon.colcon_core.package_discovery:discover_packages(prefix_path) using defaults
[0.474s] Level 5:colcon.colcon_core.verb:set package 'mycobot_bringup' build argument 'cmake_args' from command line to 'None'
[0.474s] Level 5:colcon.colcon_core.verb:set package 'mycobot_bringup' build argument 'cmake_target' from command line to 'None'
[0.474s] Level 5:colcon.colcon_core.verb:set package 'mycobot_bringup' build argument 'cmake_target_skip_unavailable' from command line to 'False'
[0.474s] Level 5:colcon.colcon_core.verb:set package 'mycobot_bringup' build argument 'cmake_clean_cache' from command line to 'False'
[0.474s] Level 5:colcon.colcon_core.verb:set package 'mycobot_bringup' build argument 'cmake_clean_first' from command line to 'False'
[0.474s] Level 5:colcon.colcon_core.verb:set package 'mycobot_bringup' build argument 'cmake_force_configure' from command line to 'False'
[0.474s] Level 5:colcon.colcon_core.verb:set package 'mycobot_bringup' build argument 'ament_cmake_args' from command line to 'None'
[0.474s] Level 5:colcon.colcon_core.verb:set package 'mycobot_bringup' build argument 'catkin_cmake_args' from command line to 'None'
[0.474s] Level 5:colcon.colcon_core.verb:set package 'mycobot_bringup' build argument 'catkin_skip_building_tests' from command line to 'False'
[0.474s] DEBUG:colcon.colcon_core.verb:Building package 'mycobot_bringup' with the following arguments: {'ament_cmake_args': None, 'build_base': '/home/tony/Gazebo/build/mycobot_bringup', 'catkin_cmake_args': None, 'catkin_skip_building_tests': False, 'cmake_args': None, 'cmake_clean_cache': False, 'cmake_clean_first': False, 'cmake_force_configure': False, 'cmake_target': None, 'cmake_target_skip_unavailable': False, 'install_base': '/home/tony/Gazebo/install/mycobot_bringup', 'merge_install': False, 'path': '/home/tony/Gazebo/src/mycobot_ros2/mycobot_bringup', 'symlink_install': True, 'test_result_base': None}
[0.474s] Level 5:colcon.colcon_core.verb:set package 'mycobot_description' build argument 'cmake_args' from command line to 'None'
[0.474s] Level 5:colcon.colcon_core.verb:set package 'mycobot_description' build argument 'cmake_target' from command line to 'None'
[0.474s] Level 5:colcon.colcon_core.verb:set package 'mycobot_description' build argument 'cmake_target_skip_unavailable' from command line to 'False'
[0.474s] Level 5:colcon.colcon_core.verb:set package 'mycobot_description' build argument 'cmake_clean_cache' from command line to 'False'
[0.474s] Level 5:colcon.colcon_core.verb:set package 'mycobot_description' build argument 'cmake_clean_first' from command line to 'False'
[0.474s] Level 5:colcon.colcon_core.verb:set package 'mycobot_description' build argument 'cmake_force_configure' from command line to 'False'
[0.475s] Level 5:colcon.colcon_core.verb:set package 'mycobot_description' build argument 'ament_cmake_args' from command line to 'None'
[0.475s] Level 5:colcon.colcon_core.verb:set package 'mycobot_description' build argument 'catkin_cmake_args' from command line to 'None'
[0.475s] Level 5:colcon.colcon_core.verb:set package 'mycobot_description' build argument 'catkin_skip_building_tests' from command line to 'False'
[0.475s] DEBUG:colcon.colcon_core.verb:Building package 'mycobot_description' with the following arguments: {'ament_cmake_args': None, 'build_base': '/home/tony/Gazebo/build/mycobot_description', 'catkin_cmake_args': None, 'catkin_skip_building_tests': False, 'cmake_args': None, 'cmake_clean_cache': False, 'cmake_clean_first': False, 'cmake_force_configure': False, 'cmake_target': None, 'cmake_target_skip_unavailable': False, 'install_base': '/home/tony/Gazebo/install/mycobot_description', 'merge_install': False, 'path': '/home/tony/Gazebo/src/mycobot_ros2/mycobot_description', 'symlink_install': True, 'test_result_base': None}
[0.475s] Level 5:colcon.colcon_core.verb:set package 'mycobot_gazebo' build argument 'cmake_args' from command line to 'None'
[0.475s] Level 5:colcon.colcon_core.verb:set package 'mycobot_gazebo' build argument 'cmake_target' from command line to 'None'
[0.475s] Level 5:colcon.colcon_core.verb:set package 'mycobot_gazebo' build argument 'cmake_target_skip_unavailable' from command line to 'False'
[0.475s] Level 5:colcon.colcon_core.verb:set package 'mycobot_gazebo' build argument 'cmake_clean_cache' from command line to 'False'
[0.475s] Level 5:colcon.colcon_core.verb:set package 'mycobot_gazebo' build argument 'cmake_clean_first' from command line to 'False'
[0.475s] Level 5:colcon.colcon_core.verb:set package 'mycobot_gazebo' build argument 'cmake_force_configure' from command line to 'False'
[0.475s] Level 5:colcon.colcon_core.verb:set package 'mycobot_gazebo' build argument 'ament_cmake_args' from command line to 'None'
[0.475s] Level 5:colcon.colcon_core.verb:set package 'mycobot_gazebo' build argument 'catkin_cmake_args' from command line to 'None'
[0.475s] Level 5:colcon.colcon_core.verb:set package 'mycobot_gazebo' build argument 'catkin_skip_building_tests' from command line to 'False'
[0.475s] DEBUG:colcon.colcon_core.verb:Building package 'mycobot_gazebo' with the following arguments: {'ament_cmake_args': None, 'build_base': '/home/tony/Gazebo/build/mycobot_gazebo', 'catkin_cmake_args': None, 'catkin_skip_building_tests': False, 'cmake_args': None, 'cmake_clean_cache': False, 'cmake_clean_first': False, 'cmake_force_configure': False, 'cmake_target': None, 'cmake_target_skip_unavailable': False, 'install_base': '/home/tony/Gazebo/install/mycobot_gazebo', 'merge_install': False, 'path': '/home/tony/Gazebo/src/mycobot_ros2/mycobot_gazebo', 'symlink_install': True, 'test_result_base': None}
[0.476s] Level 5:colcon.colcon_core.verb:set package 'mycobot_moveit2_config' build argument 'cmake_args' from command line to 'None'
[0.476s] Level 5:colcon.colcon_core.verb:set package 'mycobot_moveit2_config' build argument 'cmake_target' from command line to 'None'
[0.476s] Level 5:colcon.colcon_core.verb:set package 'mycobot_moveit2_config' build argument 'cmake_target_skip_unavailable' from command line to 'False'
[0.476s] Level 5:colcon.colcon_core.verb:set package 'mycobot_moveit2_config' build argument 'cmake_clean_cache' from command line to 'False'
[0.476s] Level 5:colcon.colcon_core.verb:set package 'mycobot_moveit2_config' build argument 'cmake_clean_first' from command line to 'False'
[0.476s] Level 5:colcon.colcon_core.verb:set package 'mycobot_moveit2_config' build argument 'cmake_force_configure' from command line to 'False'
[0.476s] Level 5:colcon.colcon_core.verb:set package 'mycobot_moveit2_config' build argument 'ament_cmake_args' from command line to 'None'
[0.476s] Level 5:colcon.colcon_core.verb:set package 'mycobot_moveit2_config' build argument 'catkin_cmake_args' from command line to 'None'
[0.476s] Level 5:colcon.colcon_core.verb:set package 'mycobot_moveit2_config' build argument 'catkin_skip_building_tests' from command line to 'False'
[0.476s] DEBUG:colcon.colcon_core.verb:Building package 'mycobot_moveit2_config' with the following arguments: {'ament_cmake_args': None, 'build_base': '/home/tony/Gazebo/build/mycobot_moveit2_config', 'catkin_cmake_args': None, 'catkin_skip_building_tests': False, 'cmake_args': None, 'cmake_clean_cache': False, 'cmake_clean_first': False, 'cmake_force_configure': False, 'cmake_target': None, 'cmake_target_skip_unavailable': False, 'install_base': '/home/tony/Gazebo/install/mycobot_moveit2_config', 'merge_install': False, 'path': '/home/tony/Gazebo/src/mycobot_ros2/mycobot_moveit2_config', 'symlink_install': True, 'test_result_base': None}
[0.476s] INFO:colcon.colcon_core.executor:Executing jobs using 'parallel' executor
[0.480s] DEBUG:colcon.colcon_parallel_executor.executor.parallel:run_until_complete
[0.480s] INFO:colcon.colcon_ros.task.ament_cmake.build:Building ROS package in '/home/tony/Gazebo/src/mycobot_ros2/mycobot_bringup' with build type 'ament_cmake'
[0.480s] INFO:colcon.colcon_cmake.task.cmake.build:Building CMake package in '/home/tony/Gazebo/src/mycobot_ros2/mycobot_bringup'
[0.484s] INFO:colcon.colcon_core.plugin_system:Skipping extension 'colcon_core.shell.bat': Not used on non-Windows systems
[0.484s] INFO:colcon.colcon_core.shell:Skip shell extension 'powershell' for command environment: Not usable outside of PowerShell
[0.484s] DEBUG:colcon.colcon_core.shell:Skip shell extension 'dsv' for command environment
[0.490s] INFO:colcon.colcon_ros.task.ament_cmake.build:Building ROS package in '/home/tony/Gazebo/src/mycobot_ros2/mycobot_description' with build type 'ament_cmake'
[0.490s] INFO:colcon.colcon_cmake.task.cmake.build:Building CMake package in '/home/tony/Gazebo/src/mycobot_ros2/mycobot_description'
[0.490s] INFO:colcon.colcon_core.shell:Skip shell extension 'powershell' for command environment: Not usable outside of PowerShell
[0.490s] DEBUG:colcon.colcon_core.shell:Skip shell extension 'dsv' for command environment
[0.497s] INFO:colcon.colcon_ros.task.ament_cmake.build:Building ROS package in '/home/tony/Gazebo/src/mycobot_ros2/mycobot_gazebo' with build type 'ament_cmake'
[0.497s] INFO:colcon.colcon_cmake.task.cmake.build:Building CMake package in '/home/tony/Gazebo/src/mycobot_ros2/mycobot_gazebo'
[0.498s] INFO:colcon.colcon_core.shell:Skip shell extension 'powershell' for command environment: Not usable outside of PowerShell
[0.498s] DEBUG:colcon.colcon_core.shell:Skip shell extension 'dsv' for command environment
[0.505s] INFO:colcon.colcon_ros.task.ament_cmake.build:Building ROS package in '/home/tony/Gazebo/src/mycobot_ros2/mycobot_moveit2_config' with build type 'ament_cmake'
[0.505s] INFO:colcon.colcon_cmake.task.cmake.build:Building CMake package in '/home/tony/Gazebo/src/mycobot_ros2/mycobot_moveit2_config'
[0.506s] INFO:colcon.colcon_core.shell:Skip shell extension 'powershell' for command environment: Not usable outside of PowerShell
[0.506s] DEBUG:colcon.colcon_core.shell:Skip shell extension 'dsv' for command environment
[0.519s] DEBUG:colcon.colcon_core.event_handler.log_command:Invoking command in '/home/tony/Gazebo/build/mycobot_bringup': CMAKE_PREFIX_PATH=${CMAKE_PREFIX_PATH}:/opt/ros/jazzy DEBUGINFOD_URLS=https://debuginfod.ubuntu.com /usr/bin/cmake --build /home/tony/Gazebo/build/mycobot_bringup -- -j16 -l16
[0.524s] DEBUG:colcon.colcon_core.event_handler.log_command:Invoking command in '/home/tony/Gazebo/build/mycobot_description': CMAKE_PREFIX_PATH=${CMAKE_PREFIX_PATH}:/opt/ros/jazzy DEBUGINFOD_URLS=https://debuginfod.ubuntu.com /usr/bin/cmake --build /home/tony/Gazebo/build/mycobot_description -- -j16 -l16
[0.528s] DEBUG:colcon.colcon_core.event_handler.log_command:Invoking command in '/home/tony/Gazebo/build/mycobot_gazebo': CMAKE_PREFIX_PATH=${CMAKE_PREFIX_PATH}:/opt/ros/jazzy DEBUGINFOD_URLS=https://debuginfod.ubuntu.com /usr/bin/cmake --build /home/tony/Gazebo/build/mycobot_gazebo -- -j16 -l16
[0.540s] DEBUG:colcon.colcon_core.event_handler.log_command:Invoking command in '/home/tony/Gazebo/build/mycobot_moveit2_config': CMAKE_PREFIX_PATH=${CMAKE_PREFIX_PATH}:/opt/ros/jazzy DEBUGINFOD_URLS=https://debuginfod.ubuntu.com /usr/bin/cmake --build /home/tony/Gazebo/build/mycobot_moveit2_config -- -j16 -l16
[0.604s] DEBUG:colcon.colcon_core.event_handler.log_command:Invoked command in '/home/tony/Gazebo/build/mycobot_bringup' returned '0': CMAKE_PREFIX_PATH=${CMAKE_PREFIX_PATH}:/opt/ros/jazzy DEBUGINFOD_URLS=https://debuginfod.ubuntu.com /usr/bin/cmake --build /home/tony/Gazebo/build/mycobot_bringup -- -j16 -l16
[0.626s] DEBUG:colcon.colcon_core.event_handler.log_command:Invoking command in '/home/tony/Gazebo/build/mycobot_bringup': CMAKE_PREFIX_PATH=${CMAKE_PREFIX_PATH}:/opt/ros/jazzy DEBUGINFOD_URLS=https://debuginfod.ubuntu.com /usr/bin/cmake --install /home/tony/Gazebo/build/mycobot_bringup
[0.628s] DEBUG:colcon.colcon_core.event_handler.log_command:Invoked command in '/home/tony/Gazebo/build/mycobot_description' returned '0': CMAKE_PREFIX_PATH=${CMAKE_PREFIX_PATH}:/opt/ros/jazzy DEBUGINFOD_URLS=https://debuginfod.ubuntu.com /usr/bin/cmake --build /home/tony/Gazebo/build/mycobot_description -- -j16 -l16
[0.630s] DEBUG:colcon.colcon_core.event_handler.log_command:Invoking command in '/home/tony/Gazebo/build/mycobot_description': CMAKE_PREFIX_PATH=${CMAKE_PREFIX_PATH}:/opt/ros/jazzy DEBUGINFOD_URLS=https://debuginfod.ubuntu.com /usr/bin/cmake --install /home/tony/Gazebo/build/mycobot_description
[0.631s] DEBUG:colcon.colcon_core.event_handler.log_command:Invoked command in '/home/tony/Gazebo/build/mycobot_gazebo' returned '0': CMAKE_PREFIX_PATH=${CMAKE_PREFIX_PATH}:/opt/ros/jazzy DEBUGINFOD_URLS=https://debuginfod.ubuntu.com /usr/bin/cmake --build /home/tony/Gazebo/build/mycobot_gazebo -- -j16 -l16
[0.633s] DEBUG:colcon.colcon_core.event_handler.log_command:Invoking command in '/home/tony/Gazebo/build/mycobot_gazebo': CMAKE_PREFIX_PATH=${CMAKE_PREFIX_PATH}:/opt/ros/jazzy DEBUGINFOD_URLS=https://debuginfod.ubuntu.com /usr/bin/cmake --install /home/tony/Gazebo/build/mycobot_gazebo
[0.637s] DEBUG:colcon.colcon_core.event_handler.log_command:Invoked command in '/home/tony/Gazebo/build/mycobot_moveit2_config' returned '0': CMAKE_PREFIX_PATH=${CMAKE_PREFIX_PATH}:/opt/ros/jazzy DEBUGINFOD_URLS=https://debuginfod.ubuntu.com /usr/bin/cmake --build /home/tony/Gazebo/build/mycobot_moveit2_config -- -j16 -l16
[0.641s] DEBUG:colcon.colcon_core.event_handler.log_command:Invoking command in '/home/tony/Gazebo/build/mycobot_moveit2_config': CMAKE_PREFIX_PATH=${CMAKE_PREFIX_PATH}:/opt/ros/jazzy DEBUGINFOD_URLS=https://debuginfod.ubuntu.com /usr/bin/cmake --install /home/tony/Gazebo/build/mycobot_moveit2_config
[0.668s] Level 1:colcon.colcon_core.environment:create_environment_scripts_only(mycobot_bringup)
[0.669s] DEBUG:colcon.colcon_core.event_handler.log_command:Invoked command in '/home/tony/Gazebo/build/mycobot_bringup' returned '0': CMAKE_PREFIX_PATH=${CMAKE_PREFIX_PATH}:/opt/ros/jazzy DEBUGINFOD_URLS=https://debuginfod.ubuntu.com /usr/bin/cmake --install /home/tony/Gazebo/build/mycobot_bringup
[0.673s] Level 1:colcon.colcon_core.environment:checking '/home/tony/Gazebo/install/mycobot_bringup' for CMake module files
[0.676s] Level 1:colcon.colcon_core.environment:checking '/home/tony/Gazebo/install/mycobot_bringup' for CMake config files
[0.678s] Level 1:colcon.colcon_core.shell:create_environment_hook('mycobot_bringup', 'cmake_prefix_path')
[0.678s] INFO:colcon.colcon_core.shell:Creating environment hook '/home/tony/Gazebo/install/mycobot_bringup/share/mycobot_bringup/hook/cmake_prefix_path.ps1'
[0.680s] INFO:colcon.colcon_core.shell:Creating environment descriptor '/home/tony/Gazebo/install/mycobot_bringup/share/mycobot_bringup/hook/cmake_prefix_path.dsv'
[0.680s] INFO:colcon.colcon_core.shell:Creating environment hook '/home/tony/Gazebo/install/mycobot_bringup/share/mycobot_bringup/hook/cmake_prefix_path.sh'
[0.682s] Level 1:colcon.colcon_core.environment:checking '/home/tony/Gazebo/install/mycobot_bringup/bin'
[0.682s] Level 1:colcon.colcon_core.environment:checking '/home/tony/Gazebo/install/mycobot_bringup/lib/pkgconfig/mycobot_bringup.pc'
[0.682s] Level 1:colcon.colcon_core.environment:checking '/home/tony/Gazebo/install/mycobot_bringup/lib/python3.12/site-packages'
[0.683s] Level 1:colcon.colcon_core.environment:checking '/home/tony/Gazebo/install/mycobot_bringup/bin'
[0.683s] INFO:colcon.colcon_core.shell:Creating package script '/home/tony/Gazebo/install/mycobot_bringup/share/mycobot_bringup/package.ps1'
[0.685s] INFO:colcon.colcon_core.shell:Creating package descriptor '/home/tony/Gazebo/install/mycobot_bringup/share/mycobot_bringup/package.dsv'
[0.686s] INFO:colcon.colcon_core.shell:Creating package script '/home/tony/Gazebo/install/mycobot_bringup/share/mycobot_bringup/package.sh'
[0.687s] INFO:colcon.colcon_core.shell:Creating package script '/home/tony/Gazebo/install/mycobot_bringup/share/mycobot_bringup/package.bash'
[0.688s] INFO:colcon.colcon_core.shell:Creating package script '/home/tony/Gazebo/install/mycobot_bringup/share/mycobot_bringup/package.zsh'
[0.688s] Level 1:colcon.colcon_core.environment:create_file_with_runtime_dependencies(/home/tony/Gazebo/install/mycobot_bringup/share/colcon-core/packages/mycobot_bringup)
[0.689s] Level 1:colcon.colcon_core.environment:create_environment_scripts_only(mycobot_bringup)
[0.689s] Level 1:colcon.colcon_core.environment:checking '/home/tony/Gazebo/install/mycobot_bringup' for CMake module files
[0.690s] Level 1:colcon.colcon_core.environment:checking '/home/tony/Gazebo/install/mycobot_bringup' for CMake config files
[0.691s] Level 1:colcon.colcon_core.shell:create_environment_hook('mycobot_bringup', 'cmake_prefix_path')
[0.691s] INFO:colcon.colcon_core.shell:Creating environment hook '/home/tony/Gazebo/install/mycobot_bringup/share/mycobot_bringup/hook/cmake_prefix_path.ps1'
[0.692s] INFO:colcon.colcon_core.shell:Creating environment descriptor '/home/tony/Gazebo/install/mycobot_bringup/share/mycobot_bringup/hook/cmake_prefix_path.dsv'
[0.692s] INFO:colcon.colcon_core.shell:Creating environment hook '/home/tony/Gazebo/install/mycobot_bringup/share/mycobot_bringup/hook/cmake_prefix_path.sh'
[0.693s] Level 1:colcon.colcon_core.environment:checking '/home/tony/Gazebo/install/mycobot_bringup/bin'
[0.693s] Level 1:colcon.colcon_core.environment:checking '/home/tony/Gazebo/install/mycobot_bringup/lib/pkgconfig/mycobot_bringup.pc'
[0.693s] Level 1:colcon.colcon_core.environment:checking '/home/tony/Gazebo/install/mycobot_bringup/lib/python3.12/site-packages'
[0.693s] Level 1:colcon.colcon_core.environment:checking '/home/tony/Gazebo/install/mycobot_bringup/bin'
[0.694s] INFO:colcon.colcon_core.shell:Creating package script '/home/tony/Gazebo/install/mycobot_bringup/share/mycobot_bringup/package.ps1'
[0.695s] INFO:colcon.colcon_core.shell:Creating package descriptor '/home/tony/Gazebo/install/mycobot_bringup/share/mycobot_bringup/package.dsv'
[0.695s] INFO:colcon.colcon_core.shell:Creating package script '/home/tony/Gazebo/install/mycobot_bringup/share/mycobot_bringup/package.sh'
[0.696s] INFO:colcon.colcon_core.shell:Creating package script '/home/tony/Gazebo/install/mycobot_bringup/share/mycobot_bringup/package.bash'
[0.696s] INFO:colcon.colcon_core.shell:Creating package script '/home/tony/Gazebo/install/mycobot_bringup/share/mycobot_bringup/package.zsh'
[0.697s] Level 1:colcon.colcon_core.environment:create_file_with_runtime_dependencies(/home/tony/Gazebo/install/mycobot_bringup/share/colcon-core/packages/mycobot_bringup)
[0.699s] Level 1:colcon.colcon_core.environment:create_environment_scripts_only(mycobot_gazebo)
[0.700s] Level 1:colcon.colcon_core.environment:checking '/home/tony/Gazebo/install/mycobot_gazebo' for CMake module files
[0.700s] DEBUG:colcon.colcon_core.event_handler.log_command:Invoked command in '/home/tony/Gazebo/build/mycobot_gazebo' returned '0': CMAKE_PREFIX_PATH=${CMAKE_PREFIX_PATH}:/opt/ros/jazzy DEBUGINFOD_URLS=https://debuginfod.ubuntu.com /usr/bin/cmake --install /home/tony/Gazebo/build/mycobot_gazebo
[0.701s] Level 1:colcon.colcon_core.environment:checking '/home/tony/Gazebo/install/mycobot_gazebo' for CMake config files
[0.701s] Level 1:colcon.colcon_core.shell:create_environment_hook('mycobot_gazebo', 'cmake_prefix_path')
[0.701s] INFO:colcon.colcon_core.shell:Creating environment hook '/home/tony/Gazebo/install/mycobot_gazebo/share/mycobot_gazebo/hook/cmake_prefix_path.ps1'
[0.702s] INFO:colcon.colcon_core.shell:Creating environment descriptor '/home/tony/Gazebo/install/mycobot_gazebo/share/mycobot_gazebo/hook/cmake_prefix_path.dsv'
[0.702s] INFO:colcon.colcon_core.shell:Creating environment hook '/home/tony/Gazebo/install/mycobot_gazebo/share/mycobot_gazebo/hook/cmake_prefix_path.sh'
[0.703s] Level 1:colcon.colcon_core.environment:checking '/home/tony/Gazebo/install/mycobot_gazebo/bin'
[0.703s] Level 1:colcon.colcon_core.environment:checking '/home/tony/Gazebo/install/mycobot_gazebo/lib/pkgconfig/mycobot_gazebo.pc'
[0.704s] Level 1:colcon.colcon_core.environment:checking '/home/tony/Gazebo/install/mycobot_gazebo/lib/python3.12/site-packages'
[0.704s] Level 1:colcon.colcon_core.environment:checking '/home/tony/Gazebo/install/mycobot_gazebo/bin'
[0.705s] INFO:colcon.colcon_core.shell:Creating package script '/home/tony/Gazebo/install/mycobot_gazebo/share/mycobot_gazebo/package.ps1'
[0.706s] INFO:colcon.colcon_core.shell:Creating package descriptor '/home/tony/Gazebo/install/mycobot_gazebo/share/mycobot_gazebo/package.dsv'
[0.706s] INFO:colcon.colcon_core.shell:Creating package script '/home/tony/Gazebo/install/mycobot_gazebo/share/mycobot_gazebo/package.sh'
[0.707s] INFO:colcon.colcon_core.shell:Creating package script '/home/tony/Gazebo/install/mycobot_gazebo/share/mycobot_gazebo/package.bash'
[0.707s] INFO:colcon.colcon_core.shell:Creating package script '/home/tony/Gazebo/install/mycobot_gazebo/share/mycobot_gazebo/package.zsh'
[0.707s] Level 1:colcon.colcon_core.environment:create_file_with_runtime_dependencies(/home/tony/Gazebo/install/mycobot_gazebo/share/colcon-core/packages/mycobot_gazebo)
[0.708s] Level 1:colcon.colcon_core.environment:create_environment_scripts_only(mycobot_gazebo)
[0.708s] Level 1:colcon.colcon_core.environment:checking '/home/tony/Gazebo/install/mycobot_gazebo' for CMake module files
[0.709s] Level 1:colcon.colcon_core.environment:checking '/home/tony/Gazebo/install/mycobot_gazebo' for CMake config files
[0.709s] Level 1:colcon.colcon_core.shell:create_environment_hook('mycobot_gazebo', 'cmake_prefix_path')
[0.709s] INFO:colcon.colcon_core.shell:Creating environment hook '/home/tony/Gazebo/install/mycobot_gazebo/share/mycobot_gazebo/hook/cmake_prefix_path.ps1'
[0.710s] INFO:colcon.colcon_core.shell:Creating environment descriptor '/home/tony/Gazebo/install/mycobot_gazebo/share/mycobot_gazebo/hook/cmake_prefix_path.dsv'
[0.710s] INFO:colcon.colcon_core.shell:Creating environment hook '/home/tony/Gazebo/install/mycobot_gazebo/share/mycobot_gazebo/hook/cmake_prefix_path.sh'
[0.711s] Level 1:colcon.colcon_core.environment:checking '/home/tony/Gazebo/install/mycobot_gazebo/bin'
[0.711s] Level 1:colcon.colcon_core.environment:checking '/home/tony/Gazebo/install/mycobot_gazebo/lib/pkgconfig/mycobot_gazebo.pc'
[0.711s] Level 1:colcon.colcon_core.environment:checking '/home/tony/Gazebo/install/mycobot_gazebo/lib/python3.12/site-packages'
[0.711s] Level 1:colcon.colcon_core.environment:checking '/home/tony/Gazebo/install/mycobot_gazebo/bin'
[0.712s] INFO:colcon.colcon_core.shell:Creating package script '/home/tony/Gazebo/install/mycobot_gazebo/share/mycobot_gazebo/package.ps1'
[0.713s] INFO:colcon.colcon_core.shell:Creating package descriptor '/home/tony/Gazebo/install/mycobot_gazebo/share/mycobot_gazebo/package.dsv'
[0.713s] INFO:colcon.colcon_core.shell:Creating package script '/home/tony/Gazebo/install/mycobot_gazebo/share/mycobot_gazebo/package.sh'
[0.714s] INFO:colcon.colcon_core.shell:Creating package script '/home/tony/Gazebo/install/mycobot_gazebo/share/mycobot_gazebo/package.bash'
[0.714s] INFO:colcon.colcon_core.shell:Creating package script '/home/tony/Gazebo/install/mycobot_gazebo/share/mycobot_gazebo/package.zsh'
[0.714s] Level 1:colcon.colcon_core.environment:create_file_with_runtime_dependencies(/home/tony/Gazebo/install/mycobot_gazebo/share/colcon-core/packages/mycobot_gazebo)
[0.715s] Level 1:colcon.colcon_core.environment:create_environment_scripts_only(mycobot_moveit2_config)
[0.715s] Level 1:colcon.colcon_core.environment:checking '/home/tony/Gazebo/install/mycobot_moveit2_config' for CMake module files
[0.716s] DEBUG:colcon.colcon_core.event_handler.log_command:Invoked command in '/home/tony/Gazebo/build/mycobot_moveit2_config' returned '0': CMAKE_PREFIX_PATH=${CMAKE_PREFIX_PATH}:/opt/ros/jazzy DEBUGINFOD_URLS=https://debuginfod.ubuntu.com /usr/bin/cmake --install /home/tony/Gazebo/build/mycobot_moveit2_config
[0.716s] Level 1:colcon.colcon_core.environment:checking '/home/tony/Gazebo/install/mycobot_moveit2_config' for CMake config files
[0.716s] Level 1:colcon.colcon_core.shell:create_environment_hook('mycobot_moveit2_config', 'cmake_prefix_path')
[0.717s] INFO:colcon.colcon_core.shell:Creating environment hook '/home/tony/Gazebo/install/mycobot_moveit2_config/share/mycobot_moveit2_config/hook/cmake_prefix_path.ps1'
[0.717s] INFO:colcon.colcon_core.shell:Creating environment descriptor '/home/tony/Gazebo/install/mycobot_moveit2_config/share/mycobot_moveit2_config/hook/cmake_prefix_path.dsv'
[0.717s] INFO:colcon.colcon_core.shell:Creating environment hook '/home/tony/Gazebo/install/mycobot_moveit2_config/share/mycobot_moveit2_config/hook/cmake_prefix_path.sh'
[0.718s] Level 1:colcon.colcon_core.environment:checking '/home/tony/Gazebo/install/mycobot_moveit2_config/bin'
[0.718s] Level 1:colcon.colcon_core.environment:checking '/home/tony/Gazebo/install/mycobot_moveit2_config/lib/pkgconfig/mycobot_moveit2_config.pc'
[0.718s] Level 1:colcon.colcon_core.environment:checking '/home/tony/Gazebo/install/mycobot_moveit2_config/lib/python3.12/site-packages'
[0.719s] Level 1:colcon.colcon_core.environment:checking '/home/tony/Gazebo/install/mycobot_moveit2_config/bin'
[0.719s] INFO:colcon.colcon_core.shell:Creating package script '/home/tony/Gazebo/install/mycobot_moveit2_config/share/mycobot_moveit2_config/package.ps1'
[0.720s] INFO:colcon.colcon_core.shell:Creating package descriptor '/home/tony/Gazebo/install/mycobot_moveit2_config/share/mycobot_moveit2_config/package.dsv'
[0.720s] INFO:colcon.colcon_core.shell:Creating package script '/home/tony/Gazebo/install/mycobot_moveit2_config/share/mycobot_moveit2_config/package.sh'
[0.720s] INFO:colcon.colcon_core.shell:Creating package script '/home/tony/Gazebo/install/mycobot_moveit2_config/share/mycobot_moveit2_config/package.bash'
[0.721s] INFO:colcon.colcon_core.shell:Creating package script '/home/tony/Gazebo/install/mycobot_moveit2_config/share/mycobot_moveit2_config/package.zsh'
[0.721s] Level 1:colcon.colcon_core.environment:create_file_with_runtime_dependencies(/home/tony/Gazebo/install/mycobot_moveit2_config/share/colcon-core/packages/mycobot_moveit2_config)
[0.722s] Level 1:colcon.colcon_core.environment:create_environment_scripts_only(mycobot_moveit2_config)
[0.722s] Level 1:colcon.colcon_core.environment:checking '/home/tony/Gazebo/install/mycobot_moveit2_config' for CMake module files
[0.722s] Level 1:colcon.colcon_core.environment:checking '/home/tony/Gazebo/install/mycobot_moveit2_config' for CMake config files
[0.723s] Level 1:colcon.colcon_core.shell:create_environment_hook('mycobot_moveit2_config', 'cmake_prefix_path')
[0.723s] INFO:colcon.colcon_core.shell:Creating environment hook '/home/tony/Gazebo/install/mycobot_moveit2_config/share/mycobot_moveit2_config/hook/cmake_prefix_path.ps1'
[0.725s] INFO:colcon.colcon_core.shell:Creating environment descriptor '/home/tony/Gazebo/install/mycobot_moveit2_config/share/mycobot_moveit2_config/hook/cmake_prefix_path.dsv'
[0.726s] INFO:colcon.colcon_core.shell:Creating environment hook '/home/tony/Gazebo/install/mycobot_moveit2_config/share/mycobot_moveit2_config/hook/cmake_prefix_path.sh'
[0.727s] Level 1:colcon.colcon_core.environment:checking '/home/tony/Gazebo/install/mycobot_moveit2_config/bin'
[0.728s] Level 1:colcon.colcon_core.environment:checking '/home/tony/Gazebo/install/mycobot_moveit2_config/lib/pkgconfig/mycobot_moveit2_config.pc'
[0.728s] Level 1:colcon.colcon_core.environment:checking '/home/tony/Gazebo/install/mycobot_moveit2_config/lib/python3.12/site-packages'
[0.728s] Level 1:colcon.colcon_core.environment:checking '/home/tony/Gazebo/install/mycobot_moveit2_config/bin'
[0.729s] INFO:colcon.colcon_core.shell:Creating package script '/home/tony/Gazebo/install/mycobot_moveit2_config/share/mycobot_moveit2_config/package.ps1'
[0.730s] INFO:colcon.colcon_core.shell:Creating package descriptor '/home/tony/Gazebo/install/mycobot_moveit2_config/share/mycobot_moveit2_config/package.dsv'
[0.731s] INFO:colcon.colcon_core.shell:Creating package script '/home/tony/Gazebo/install/mycobot_moveit2_config/share/mycobot_moveit2_config/package.sh'
[0.731s] INFO:colcon.colcon_core.shell:Creating package script '/home/tony/Gazebo/install/mycobot_moveit2_config/share/mycobot_moveit2_config/package.bash'
[0.732s] INFO:colcon.colcon_core.shell:Creating package script '/home/tony/Gazebo/install/mycobot_moveit2_config/share/mycobot_moveit2_config/package.zsh'
[0.733s] Level 1:colcon.colcon_core.environment:create_file_with_runtime_dependencies(/home/tony/Gazebo/install/mycobot_moveit2_config/share/colcon-core/packages/mycobot_moveit2_config)
[0.734s] Level 1:colcon.colcon_core.environment:create_environment_scripts_only(mycobot_description)
[0.734s] Level 1:colcon.colcon_core.environment:checking '/home/tony/Gazebo/install/mycobot_description' for CMake module files
[0.736s] DEBUG:colcon.colcon_core.event_handler.log_command:Invoked command in '/home/tony/Gazebo/build/mycobot_description' returned '0': CMAKE_PREFIX_PATH=${CMAKE_PREFIX_PATH}:/opt/ros/jazzy DEBUGINFOD_URLS=https://debuginfod.ubuntu.com /usr/bin/cmake --install /home/tony/Gazebo/build/mycobot_description
[0.736s] Level 1:colcon.colcon_core.environment:checking '/home/tony/Gazebo/install/mycobot_description' for CMake config files
[0.736s] Level 1:colcon.colcon_core.shell:create_environment_hook('mycobot_description', 'cmake_prefix_path')
[0.737s] INFO:colcon.colcon_core.shell:Creating environment hook '/home/tony/Gazebo/install/mycobot_description/share/mycobot_description/hook/cmake_prefix_path.ps1'
[0.737s] INFO:colcon.colcon_core.shell:Creating environment descriptor '/home/tony/Gazebo/install/mycobot_description/share/mycobot_description/hook/cmake_prefix_path.dsv'
[0.738s] INFO:colcon.colcon_core.shell:Creating environment hook '/home/tony/Gazebo/install/mycobot_description/share/mycobot_description/hook/cmake_prefix_path.sh'
[0.738s] Level 1:colcon.colcon_core.environment:checking '/home/tony/Gazebo/install/mycobot_description/bin'
[0.738s] Level 1:colcon.colcon_core.environment:checking '/home/tony/Gazebo/install/mycobot_description/lib/pkgconfig/mycobot_description.pc'
[0.739s] Level 1:colcon.colcon_core.environment:checking '/home/tony/Gazebo/install/mycobot_description/lib/python3.12/site-packages'
[0.739s] Level 1:colcon.colcon_core.environment:checking '/home/tony/Gazebo/install/mycobot_description/bin'
[0.739s] INFO:colcon.colcon_core.shell:Creating package script '/home/tony/Gazebo/install/mycobot_description/share/mycobot_description/package.ps1'
[0.740s] INFO:colcon.colcon_core.shell:Creating package descriptor '/home/tony/Gazebo/install/mycobot_description/share/mycobot_description/package.dsv'
[0.741s] INFO:colcon.colcon_core.shell:Creating package script '/home/tony/Gazebo/install/mycobot_description/share/mycobot_description/package.sh'
[0.742s] INFO:colcon.colcon_core.shell:Creating package script '/home/tony/Gazebo/install/mycobot_description/share/mycobot_description/package.bash'
[0.743s] INFO:colcon.colcon_core.shell:Creating package script '/home/tony/Gazebo/install/mycobot_description/share/mycobot_description/package.zsh'
[0.743s] Level 1:colcon.colcon_core.environment:create_file_with_runtime_dependencies(/home/tony/Gazebo/install/mycobot_description/share/colcon-core/packages/mycobot_description)
[0.744s] Level 1:colcon.colcon_core.environment:create_environment_scripts_only(mycobot_description)
[0.745s] Level 1:colcon.colcon_core.environment:checking '/home/tony/Gazebo/install/mycobot_description' for CMake module files
[0.746s] Level 1:colcon.colcon_core.environment:checking '/home/tony/Gazebo/install/mycobot_description' for CMake config files
[0.746s] Level 1:colcon.colcon_core.shell:create_environment_hook('mycobot_description', 'cmake_prefix_path')
[0.747s] INFO:colcon.colcon_core.shell:Creating environment hook '/home/tony/Gazebo/install/mycobot_description/share/mycobot_description/hook/cmake_prefix_path.ps1'
[0.748s] INFO:colcon.colcon_core.shell:Creating environment descriptor '/home/tony/Gazebo/install/mycobot_description/share/mycobot_description/hook/cmake_prefix_path.dsv'
[0.748s] INFO:colcon.colcon_core.shell:Creating environment hook '/home/tony/Gazebo/install/mycobot_description/share/mycobot_description/hook/cmake_prefix_path.sh'
[0.749s] Level 1:colcon.colcon_core.environment:checking '/home/tony/Gazebo/install/mycobot_description/bin'
[0.749s] Level 1:colcon.colcon_core.environment:checking '/home/tony/Gazebo/install/mycobot_description/lib/pkgconfig/mycobot_description.pc'
[0.749s] Level 1:colcon.colcon_core.environment:checking '/home/tony/Gazebo/install/mycobot_description/lib/python3.12/site-packages'
[0.749s] Level 1:colcon.colcon_core.environment:checking '/home/tony/Gazebo/install/mycobot_description/bin'
[0.750s] INFO:colcon.colcon_core.shell:Creating package script '/home/tony/Gazebo/install/mycobot_description/share/mycobot_description/package.ps1'
[0.750s] INFO:colcon.colcon_core.shell:Creating package descriptor '/home/tony/Gazebo/install/mycobot_description/share/mycobot_description/package.dsv'
[0.751s] INFO:colcon.colcon_core.shell:Creating package script '/home/tony/Gazebo/install/mycobot_description/share/mycobot_description/package.sh'
[0.752s] INFO:colcon.colcon_core.shell:Creating package script '/home/tony/Gazebo/install/mycobot_description/share/mycobot_description/package.bash'
[0.752s] INFO:colcon.colcon_core.shell:Creating package script '/home/tony/Gazebo/install/mycobot_description/share/mycobot_description/package.zsh'
[0.753s] Level 1:colcon.colcon_core.environment:create_file_with_runtime_dependencies(/home/tony/Gazebo/install/mycobot_description/share/colcon-core/packages/mycobot_description)
[0.753s] DEBUG:colcon.colcon_parallel_executor.executor.parallel:closing loop
[0.754s] DEBUG:colcon.colcon_parallel_executor.executor.parallel:loop closed
[0.754s] DEBUG:colcon.colcon_parallel_executor.executor.parallel:run_until_complete finished with '0'
[0.754s] DEBUG:colcon.colcon_core.event_reactor:joining thread
[0.764s] INFO:colcon.colcon_core.plugin_system:Skipping extension 'colcon_notification.desktop_notification.terminal_notifier': Not used on non-Darwin systems
[0.764s] INFO:colcon.colcon_core.plugin_system:Skipping extension 'colcon_notification.desktop_notification.win32': Not used on non-Windows systems
[0.764s] INFO:colcon.colcon_notification.desktop_notification:Sending desktop notification using 'notify2'
[0.793s] DEBUG:colcon.colcon_core.event_reactor:joined thread
[0.794s] INFO:colcon.colcon_core.shell:Creating prefix script '/home/tony/Gazebo/install/local_setup.ps1'
[0.795s] INFO:colcon.colcon_core.shell:Creating prefix util module '/home/tony/Gazebo/install/_local_setup_util_ps1.py'
[0.796s] INFO:colcon.colcon_core.shell:Creating prefix chain script '/home/tony/Gazebo/install/setup.ps1'
[0.797s] INFO:colcon.colcon_core.shell:Creating prefix script '/home/tony/Gazebo/install/local_setup.sh'
[0.798s] INFO:colcon.colcon_core.shell:Creating prefix util module '/home/tony/Gazebo/install/_local_setup_util_sh.py'
[0.799s] INFO:colcon.colcon_core.shell:Creating prefix chain script '/home/tony/Gazebo/install/setup.sh'
[0.800s] INFO:colcon.colcon_core.shell:Creating prefix script '/home/tony/Gazebo/install/local_setup.bash'
[0.800s] INFO:colcon.colcon_core.shell:Creating prefix chain script '/home/tony/Gazebo/install/setup.bash'
[0.803s] INFO:colcon.colcon_core.shell:Creating prefix script '/home/tony/Gazebo/install/local_setup.zsh'
[0.804s] INFO:colcon.colcon_core.shell:Creating prefix chain script '/home/tony/Gazebo/install/setup.zsh'
