[0.035s] Invoking command in '/home/tony/Gazebo/build/mycobot_bringup': CMAKE_PREFIX_PATH=${CMAKE_PREFIX_PATH}:/opt/ros/jazzy DEBUGINFOD_URLS=https://debuginfod.ubuntu.com /usr/bin/cmake /home/tony/Gazebo/src/mycobot_ros2/mycobot_bringup -DAMENT_CMAKE_SYMLINK_INSTALL=1 -DCMAKE_INSTALL_PREFIX=/home/tony/Gazebo/install/mycobot_bringup
[0.154s] -- The C compiler identification is GNU 13.3.0
[0.244s] -- The CXX compiler identification is GNU 13.3.0
[0.262s] -- Detecting C compiler ABI info
[0.360s] -- Detecting C compiler ABI info - done
[0.373s] -- Check for working C compiler: /usr/bin/cc - skipped
[0.373s] -- Detecting C compile features
[0.374s] -- Detecting C compile features - done
[0.384s] -- Detecting CXX compiler ABI info
[0.487s] -- Detecting CXX compiler ABI info - done
[0.497s] -- Check for working CXX compiler: /usr/bin/c++ - skipped
[0.498s] -- Detecting CXX compile features
[0.498s] -- Detecting CXX compile features - done
[0.504s] -- Found ament_cmake: 2.5.6 (/opt/ros/jazzy/share/ament_cmake/cmake)
[0.751s] -- Found Python3: /usr/bin/python3 (found version "3.12.3") found components: Interpreter 
[0.896s] -- Override CMake install command with custom implementation using symlinks instead of copying resources
[0.947s] -- Found ament_lint_auto: 0.17.5 (/opt/ros/jazzy/share/ament_lint_auto/cmake)
[1.073s] -- Added test 'lint_cmake' to check CMake code style
[1.074s] -- Added test 'xmllint' to check XML markup files
[1.076s] -- Configuring done (1.0s)
[1.079s] -- Generating done (0.0s)
[1.081s] -- Build files have been written to: /home/tony/Gazebo/build/mycobot_bringup
[1.088s] Invoked command in '/home/tony/Gazebo/build/mycobot_bringup' returned '0': CMAKE_PREFIX_PATH=${CMAKE_PREFIX_PATH}:/opt/ros/jazzy DEBUGINFOD_URLS=https://debuginfod.ubuntu.com /usr/bin/cmake /home/tony/Gazebo/src/mycobot_ros2/mycobot_bringup -DAMENT_CMAKE_SYMLINK_INSTALL=1 -DCMAKE_INSTALL_PREFIX=/home/tony/Gazebo/install/mycobot_bringup
[1.088s] Invoking command in '/home/tony/Gazebo/build/mycobot_bringup': CMAKE_PREFIX_PATH=${CMAKE_PREFIX_PATH}:/opt/ros/jazzy DEBUGINFOD_URLS=https://debuginfod.ubuntu.com /usr/bin/cmake --build /home/tony/Gazebo/build/mycobot_bringup -- -j16 -l16
[1.127s] Invoked command in '/home/tony/Gazebo/build/mycobot_bringup' returned '0': CMAKE_PREFIX_PATH=${CMAKE_PREFIX_PATH}:/opt/ros/jazzy DEBUGINFOD_URLS=https://debuginfod.ubuntu.com /usr/bin/cmake --build /home/tony/Gazebo/build/mycobot_bringup -- -j16 -l16
[1.137s] Invoking command in '/home/tony/Gazebo/build/mycobot_bringup': CMAKE_PREFIX_PATH=${CMAKE_PREFIX_PATH}:/opt/ros/jazzy DEBUGINFOD_URLS=https://debuginfod.ubuntu.com /usr/bin/cmake --install /home/tony/Gazebo/build/mycobot_bringup
[1.146s] -- Install configuration: ""
[1.146s] -- Execute custom install script
[1.146s] -- Symlinking: /home/tony/Gazebo/install/mycobot_bringup/share/mycobot_bringup/scripts/start.sh
[1.155s] -- Symlinking: /home/tony/Gazebo/install/mycobot_bringup/share/ament_index/resource_index/package_run_dependencies/mycobot_bringup
[1.163s] -- Symlinking: /home/tony/Gazebo/install/mycobot_bringup/share/ament_index/resource_index/parent_prefix_path/mycobot_bringup
[1.172s] -- Symlinking: /home/tony/Gazebo/install/mycobot_bringup/share/mycobot_bringup/environment/ament_prefix_path.sh
[1.179s] -- Symlinking: /home/tony/Gazebo/install/mycobot_bringup/share/mycobot_bringup/environment/ament_prefix_path.dsv
[1.187s] -- Symlinking: /home/tony/Gazebo/install/mycobot_bringup/share/mycobot_bringup/environment/path.sh
[1.195s] -- Symlinking: /home/tony/Gazebo/install/mycobot_bringup/share/mycobot_bringup/environment/path.dsv
[1.203s] -- Symlinking: /home/tony/Gazebo/install/mycobot_bringup/share/mycobot_bringup/local_setup.bash
[1.212s] -- Symlinking: /home/tony/Gazebo/install/mycobot_bringup/share/mycobot_bringup/local_setup.sh
[1.222s] -- Symlinking: /home/tony/Gazebo/install/mycobot_bringup/share/mycobot_bringup/local_setup.zsh
[1.233s] -- Symlinking: /home/tony/Gazebo/install/mycobot_bringup/share/mycobot_bringup/local_setup.dsv
[1.244s] -- Symlinking: /home/tony/Gazebo/install/mycobot_bringup/share/mycobot_bringup/package.dsv
[1.252s] -- Symlinking: /home/tony/Gazebo/install/mycobot_bringup/share/ament_index/resource_index/packages/mycobot_bringup
[1.260s] -- Symlinking: /home/tony/Gazebo/install/mycobot_bringup/share/mycobot_bringup/cmake/mycobot_bringupConfig.cmake
[1.269s] -- Symlinking: /home/tony/Gazebo/install/mycobot_bringup/share/mycobot_bringup/cmake/mycobot_bringupConfig-version.cmake
[1.278s] -- Symlinking: /home/tony/Gazebo/install/mycobot_bringup/share/mycobot_bringup/package.xml
[1.288s] Invoked command in '/home/tony/Gazebo/build/mycobot_bringup' returned '0': CMAKE_PREFIX_PATH=${CMAKE_PREFIX_PATH}:/opt/ros/jazzy DEBUGINFOD_URLS=https://debuginfod.ubuntu.com /usr/bin/cmake --install /home/tony/Gazebo/build/mycobot_bringup
