[0.021s] Invoking command in '/home/tony/Gazebo/build/mycobot_description': CMAKE_PREFIX_PATH=${CMAKE_PREFIX_PATH}:/opt/ros/jazzy DEBUGINFOD_URLS=https://debuginfod.ubuntu.com /usr/bin/cmake --build /home/tony/Gazebo/build/mycobot_description -- -j16 -l16
[0.070s] -- Found ament_cmake: 2.5.6 (/opt/ros/jazzy/share/ament_cmake/cmake)
[0.354s] -- Override CMake install command with custom implementation using symlinks instead of copying resources
[0.364s] -- Found ament_lint_auto: 0.17.5 (/opt/ros/jazzy/share/ament_lint_auto/cmake)
[0.469s] -- Added test 'flake8' to check Python code syntax and style conventions
[0.469s] -- Configured 'flake8' exclude dirs and/or files: 
[0.470s] -- Added test 'lint_cmake' to check CMake code style
[0.470s] -- Added test 'pep257' to check Python code against some of the docstring style conventions in PEP 257
[0.473s] -- Added test 'xmllint' to check XML markup files
[0.474s] -- Configuring done (0.4s)
[0.478s] -- Generating done (0.0s)
[0.480s] -- Build files have been written to: /home/tony/Gazebo/build/mycobot_description
[0.502s] Invoked command in '/home/tony/Gazebo/build/mycobot_description' returned '0': CMAKE_PREFIX_PATH=${CMAKE_PREFIX_PATH}:/opt/ros/jazzy DEBUGINFOD_URLS=https://debuginfod.ubuntu.com /usr/bin/cmake --build /home/tony/Gazebo/build/mycobot_description -- -j16 -l16
[0.503s] Invoking command in '/home/tony/Gazebo/build/mycobot_description': CMAKE_PREFIX_PATH=${CMAKE_PREFIX_PATH}:/opt/ros/jazzy DEBUGINFOD_URLS=https://debuginfod.ubuntu.com /usr/bin/cmake --install /home/tony/Gazebo/build/mycobot_description
[0.512s] -- Install configuration: ""
[0.513s] -- Execute custom install script
[0.513s] -- Symlinking: /home/tony/Gazebo/install/mycobot_description/share/mycobot_description/launch/robot_description.launch.py
[0.527s] -- Symlinking: /home/tony/Gazebo/install/mycobot_description/share/mycobot_description/meshes/adaptive_gripper/visual/gripper_base.dae
[0.538s] -- Symlinking: /home/tony/Gazebo/install/mycobot_description/share/mycobot_description/meshes/adaptive_gripper/visual/gripper_left1.dae
[0.546s] -- Symlinking: /home/tony/Gazebo/install/mycobot_description/share/mycobot_description/meshes/adaptive_gripper/visual/gripper_left2.dae
[0.555s] -- Symlinking: /home/tony/Gazebo/install/mycobot_description/share/mycobot_description/meshes/adaptive_gripper/visual/gripper_left3.dae
[0.563s] -- Symlinking: /home/tony/Gazebo/install/mycobot_description/share/mycobot_description/meshes/adaptive_gripper/visual/gripper_right1.dae
[0.571s] -- Symlinking: /home/tony/Gazebo/install/mycobot_description/share/mycobot_description/meshes/adaptive_gripper/visual/gripper_right2.dae
[0.578s] -- Symlinking: /home/tony/Gazebo/install/mycobot_description/share/mycobot_description/meshes/adaptive_gripper/visual/gripper_right3.dae
[0.585s] -- Symlinking: /home/tony/Gazebo/install/mycobot_description/share/mycobot_description/meshes/d435/visual/d435.stl
[0.593s] -- Symlinking: /home/tony/Gazebo/install/mycobot_description/share/mycobot_description/meshes/g_shape_base_v2_0/visual/base_link.dae
[0.600s] -- Symlinking: /home/tony/Gazebo/install/mycobot_description/share/mycobot_description/meshes/mycobot_280/visual/link1.dae
[0.610s] -- Symlinking: /home/tony/Gazebo/install/mycobot_description/share/mycobot_description/meshes/mycobot_280/visual/link1.png
[0.622s] -- Symlinking: /home/tony/Gazebo/install/mycobot_description/share/mycobot_description/meshes/mycobot_280/visual/link2.dae
[0.630s] -- Symlinking: /home/tony/Gazebo/install/mycobot_description/share/mycobot_description/meshes/mycobot_280/visual/link2.png
[0.641s] -- Symlinking: /home/tony/Gazebo/install/mycobot_description/share/mycobot_description/meshes/mycobot_280/visual/link3.dae
[0.648s] -- Symlinking: /home/tony/Gazebo/install/mycobot_description/share/mycobot_description/meshes/mycobot_280/visual/link3.png
[0.656s] -- Symlinking: /home/tony/Gazebo/install/mycobot_description/share/mycobot_description/meshes/mycobot_280/visual/link4.dae
[0.663s] -- Symlinking: /home/tony/Gazebo/install/mycobot_description/share/mycobot_description/meshes/mycobot_280/visual/link4.png
[0.671s] -- Symlinking: /home/tony/Gazebo/install/mycobot_description/share/mycobot_description/meshes/mycobot_280/visual/link5.dae
[0.678s] -- Symlinking: /home/tony/Gazebo/install/mycobot_description/share/mycobot_description/meshes/mycobot_280/visual/link5.png
[0.685s] -- Symlinking: /home/tony/Gazebo/install/mycobot_description/share/mycobot_description/meshes/mycobot_280/visual/link6.dae
[0.692s] -- Symlinking: /home/tony/Gazebo/install/mycobot_description/share/mycobot_description/meshes/mycobot_280/visual/link6.png
[0.698s] -- Symlinking: /home/tony/Gazebo/install/mycobot_description/share/mycobot_description/meshes/mycobot_280/visual/link7.dae
[0.707s] -- Symlinking: /home/tony/Gazebo/install/mycobot_description/share/mycobot_description/meshes/mycobot_280/visual/link7.png
[0.716s] -- Symlinking: /home/tony/Gazebo/install/mycobot_description/share/mycobot_description/meshes/mycobot_280/visual/suit_env.dae
[0.726s] -- Symlinking: /home/tony/Gazebo/install/mycobot_description/share/mycobot_description/rviz/mycobot_280_description.rviz
[0.734s] -- Symlinking: /home/tony/Gazebo/install/mycobot_description/share/mycobot_description/urdf/control/gazebo_sim_ros2_control.urdf.xacro
[0.743s] -- Symlinking: /home/tony/Gazebo/install/mycobot_description/share/mycobot_description/urdf/control/mycobot_280_ros2_control.urdf.xacro
[0.751s] -- Symlinking: /home/tony/Gazebo/install/mycobot_description/share/mycobot_description/urdf/mech/adaptive_gripper.urdf.xacro
[0.759s] -- Symlinking: /home/tony/Gazebo/install/mycobot_description/share/mycobot_description/urdf/mech/g_shape_base_v2_0.urdf.xacro
[0.766s] -- Symlinking: /home/tony/Gazebo/install/mycobot_description/share/mycobot_description/urdf/mech/mycobot_280_arm.urdf.xacro
[0.773s] -- Symlinking: /home/tony/Gazebo/install/mycobot_description/share/mycobot_description/urdf/mycobot280_rviz.png
[0.780s] -- Symlinking: /home/tony/Gazebo/install/mycobot_description/share/mycobot_description/urdf/robots/mycobot_280.urdf.xacro
[0.787s] -- Symlinking: /home/tony/Gazebo/install/mycobot_description/share/mycobot_description/urdf/sensors/intel_rgbd_cam_d435.urdf.xacro
[0.794s] -- Up-to-date symlink: /home/tony/Gazebo/install/mycobot_description/share/ament_index/resource_index/package_run_dependencies/mycobot_description
[0.798s] -- Up-to-date symlink: /home/tony/Gazebo/install/mycobot_description/share/ament_index/resource_index/parent_prefix_path/mycobot_description
[0.798s] -- Up-to-date symlink: /home/tony/Gazebo/install/mycobot_description/share/mycobot_description/environment/ament_prefix_path.sh
[0.799s] -- Up-to-date symlink: /home/tony/Gazebo/install/mycobot_description/share/mycobot_description/environment/ament_prefix_path.dsv
[0.799s] -- Up-to-date symlink: /home/tony/Gazebo/install/mycobot_description/share/mycobot_description/environment/path.sh
[0.799s] -- Up-to-date symlink: /home/tony/Gazebo/install/mycobot_description/share/mycobot_description/environment/path.dsv
[0.800s] -- Up-to-date symlink: /home/tony/Gazebo/install/mycobot_description/share/mycobot_description/local_setup.bash
[0.800s] -- Up-to-date symlink: /home/tony/Gazebo/install/mycobot_description/share/mycobot_description/local_setup.sh
[0.800s] -- Up-to-date symlink: /home/tony/Gazebo/install/mycobot_description/share/mycobot_description/local_setup.zsh
[0.800s] -- Up-to-date symlink: /home/tony/Gazebo/install/mycobot_description/share/mycobot_description/local_setup.dsv
[0.801s] -- Symlinking: /home/tony/Gazebo/install/mycobot_description/share/mycobot_description/package.dsv
[0.810s] -- Up-to-date symlink: /home/tony/Gazebo/install/mycobot_description/share/ament_index/resource_index/packages/mycobot_description
[0.811s] -- Up-to-date symlink: /home/tony/Gazebo/install/mycobot_description/share/mycobot_description/cmake/mycobot_descriptionConfig.cmake
[0.811s] -- Up-to-date symlink: /home/tony/Gazebo/install/mycobot_description/share/mycobot_description/cmake/mycobot_descriptionConfig-version.cmake
[0.811s] -- Up-to-date symlink: /home/tony/Gazebo/install/mycobot_description/share/mycobot_description/package.xml
[0.813s] Invoked command in '/home/tony/Gazebo/build/mycobot_description' returned '0': CMAKE_PREFIX_PATH=${CMAKE_PREFIX_PATH}:/opt/ros/jazzy DEBUGINFOD_URLS=https://debuginfod.ubuntu.com /usr/bin/cmake --install /home/tony/Gazebo/build/mycobot_description
