[0.016s] Invoking command in '/home/tony/Gazebo/build/mycobot_gazebo': CMAKE_PREFIX_PATH=${CMAKE_PREFIX_PATH}:/opt/ros/jazzy DEBUGINFOD_URLS=https://debuginfod.ubuntu.com /usr/bin/cmake /home/tony/Gazebo/src/mycobot_ros2/mycobot_gazebo -DAMENT_CMAKE_SYMLINK_INSTALL=1 -DCMAKE_INSTALL_PREFIX=/home/tony/Gazebo/install/mycobot_gazebo
[0.085s] -- The C compiler identification is GNU 13.3.0
[0.155s] -- The CXX compiler identification is GNU 13.3.0
[0.175s] -- Detecting C compiler ABI info
[0.261s] -- Detecting C compiler ABI info - done
[0.270s] -- Check for working C compiler: /usr/bin/cc - skipped
[0.271s] -- Detecting C compile features
[0.272s] -- Detecting C compile features - done
[0.279s] -- Detecting CXX compiler ABI info
[0.402s] -- Detecting CXX compiler ABI info - done
[0.416s] -- Check for working CXX compiler: /usr/bin/c++ - skipped
[0.416s] -- Detecting CXX compile features
[0.417s] -- Detecting CXX compile features - done
[0.420s] -- Found ament_cmake: 2.5.6 (/opt/ros/jazzy/share/ament_cmake/cmake)
[0.628s] -- Found Python3: /usr/bin/python3 (found version "3.12.3") found components: Interpreter 
[0.748s] -- Override CMake install command with custom implementation using symlinks instead of copying resources
[0.791s] -- Found controller_manager: 4.48.0 (/opt/ros/jazzy/share/controller_manager/cmake)
[0.872s] -- Found rosidl_generator_c: 4.6.9 (/opt/ros/jazzy/share/rosidl_generator_c/cmake)
[0.896s] -- Found rosidl_generator_cpp: 4.6.9 (/opt/ros/jazzy/share/rosidl_generator_cpp/cmake)
[0.928s] -- Using all available rosidl_typesupport_c: rosidl_typesupport_fastrtps_c;rosidl_typesupport_introspection_c
[0.961s] -- Using all available rosidl_typesupport_cpp: rosidl_typesupport_fastrtps_cpp;rosidl_typesupport_introspection_cpp
[1.087s] -- Found rmw_implementation_cmake: 7.3.3 (/opt/ros/jazzy/share/rmw_implementation_cmake/cmake)
[1.093s] -- Found rmw_fastrtps_cpp: 8.4.4 (/opt/ros/jazzy/share/rmw_fastrtps_cpp/cmake)
[1.196s] -- Found OpenSSL: /usr/lib/x86_64-linux-gnu/libcrypto.so (found version "3.0.13")  
[1.221s] -- Found FastRTPS: /opt/ros/jazzy/include (Required is at least version "2.13") 
[1.245s] -- Using RMW implementation 'rmw_fastrtps_cpp' as default
[1.372s] [0mCMake Deprecation Warning at /opt/ros/jazzy/share/tl_expected/cmake/tl_expectedConfig.cmake:37 (message):
[1.372s]   Package 'tl_expected' is deprecated (This package will be removed in ROS 2
[1.372s]   Lyrical Luth.
[1.372s] 
[1.372s]         Use tl/expected.hpp from libexpected-dev,
[1.372s]         or rcpputils/tl_expected/expected.hpp if the system header is not available)
[1.372s] Call Stack (most recent call first):
[1.372s]   /opt/ros/jazzy/share/parameter_traits/cmake/ament_cmake_export_dependencies-extras.cmake:21 (find_package)
[1.372s]   /opt/ros/jazzy/share/parameter_traits/cmake/parameter_traitsConfig.cmake:41 (include)
[1.372s]   /opt/ros/jazzy/share/controller_manager/cmake/ament_cmake_export_dependencies-extras.cmake:21 (find_package)
[1.372s]   /opt/ros/jazzy/share/controller_manager/cmake/controller_managerConfig.cmake:41 (include)
[1.372s]   CMakeLists.txt:10 (find_package)
[1.372s] 
[1.373s] [0m
[1.644s] -- Found Boost: /usr/lib/x86_64-linux-gnu/cmake/Boost-1.83.0/BoostConfig.cmake (found version "1.83.0")  
[1.933s] -- Found gripper_controllers: 4.42.1 (/opt/ros/jazzy/share/gripper_controllers/cmake)
[1.986s] -- Found eigen3_cmake_module: 0.3.1 (/opt/ros/jazzy/share/eigen3_cmake_module/cmake)
[1.987s] -- Found Eigen3: TRUE (found version "3.4.0") 
[1.987s] -- Ensuring Eigen3 include directory is part of orocos-kdl CMake target
[2.102s] -- Found ros2_control: 4.48.0 (/opt/ros/jazzy/share/ros2_control/cmake)
[2.106s] -- Found ros2_controllers: 4.42.1 (/opt/ros/jazzy/share/ros2_controllers/cmake)
[2.110s] -- Found xacro: 2.1.1 (/opt/ros/jazzy/share/xacro/cmake)
[2.113s] -- Found ament_lint_auto: 0.17.5 (/opt/ros/jazzy/share/ament_lint_auto/cmake)
[2.214s] -- Added test 'flake8' to check Python code syntax and style conventions
[2.214s] -- Configured 'flake8' exclude dirs and/or files: 
[2.215s] -- Added test 'lint_cmake' to check CMake code style
[2.216s] -- Added test 'pep257' to check Python code against some of the docstring style conventions in PEP 257
[2.217s] -- Added test 'xmllint' to check XML markup files
[2.219s] -- Configuring done (2.2s)
[2.226s] -- Generating done (0.0s)
[2.229s] -- Build files have been written to: /home/tony/Gazebo/build/mycobot_gazebo
[2.240s] Invoked command in '/home/tony/Gazebo/build/mycobot_gazebo' returned '0': CMAKE_PREFIX_PATH=${CMAKE_PREFIX_PATH}:/opt/ros/jazzy DEBUGINFOD_URLS=https://debuginfod.ubuntu.com /usr/bin/cmake /home/tony/Gazebo/src/mycobot_ros2/mycobot_gazebo -DAMENT_CMAKE_SYMLINK_INSTALL=1 -DCMAKE_INSTALL_PREFIX=/home/tony/Gazebo/install/mycobot_gazebo
[2.242s] Invoking command in '/home/tony/Gazebo/build/mycobot_gazebo': CMAKE_PREFIX_PATH=${CMAKE_PREFIX_PATH}:/opt/ros/jazzy DEBUGINFOD_URLS=https://debuginfod.ubuntu.com /usr/bin/cmake --build /home/tony/Gazebo/build/mycobot_gazebo -- -j16 -l16
[2.278s] Invoked command in '/home/tony/Gazebo/build/mycobot_gazebo' returned '0': CMAKE_PREFIX_PATH=${CMAKE_PREFIX_PATH}:/opt/ros/jazzy DEBUGINFOD_URLS=https://debuginfod.ubuntu.com /usr/bin/cmake --build /home/tony/Gazebo/build/mycobot_gazebo -- -j16 -l16
[2.280s] Invoking command in '/home/tony/Gazebo/build/mycobot_gazebo': CMAKE_PREFIX_PATH=${CMAKE_PREFIX_PATH}:/opt/ros/jazzy DEBUGINFOD_URLS=https://debuginfod.ubuntu.com /usr/bin/cmake --install /home/tony/Gazebo/build/mycobot_gazebo
[2.286s] -- Install configuration: ""
[2.286s] -- Execute custom install script
[2.287s] -- Symlinking: /home/tony/Gazebo/install/mycobot_gazebo/share/mycobot_gazebo/launch/gazebo.launch.py
[2.294s] -- Symlinking: /home/tony/Gazebo/install/mycobot_gazebo/share/mycobot_gazebo/config/topic_bridge.yaml
[2.301s] -- Symlinking: /home/tony/Gazebo/install/mycobot_gazebo/share/mycobot_gazebo/worlds/pick_and_place.world
[2.312s] -- Symlinking: /home/tony/Gazebo/install/mycobot_gazebo/share/ament_index/resource_index/package_run_dependencies/mycobot_gazebo
[2.320s] -- Symlinking: /home/tony/Gazebo/install/mycobot_gazebo/share/ament_index/resource_index/parent_prefix_path/mycobot_gazebo
[2.326s] -- Symlinking: /home/tony/Gazebo/install/mycobot_gazebo/share/mycobot_gazebo/environment/ament_prefix_path.sh
[2.333s] -- Symlinking: /home/tony/Gazebo/install/mycobot_gazebo/share/mycobot_gazebo/environment/ament_prefix_path.dsv
[2.342s] -- Symlinking: /home/tony/Gazebo/install/mycobot_gazebo/share/mycobot_gazebo/environment/path.sh
[2.350s] -- Symlinking: /home/tony/Gazebo/install/mycobot_gazebo/share/mycobot_gazebo/environment/path.dsv
[2.357s] -- Symlinking: /home/tony/Gazebo/install/mycobot_gazebo/share/mycobot_gazebo/local_setup.bash
[2.365s] -- Symlinking: /home/tony/Gazebo/install/mycobot_gazebo/share/mycobot_gazebo/local_setup.sh
[2.371s] -- Symlinking: /home/tony/Gazebo/install/mycobot_gazebo/share/mycobot_gazebo/local_setup.zsh
[2.378s] -- Symlinking: /home/tony/Gazebo/install/mycobot_gazebo/share/mycobot_gazebo/local_setup.dsv
[2.385s] -- Symlinking: /home/tony/Gazebo/install/mycobot_gazebo/share/mycobot_gazebo/package.dsv
[2.392s] -- Symlinking: /home/tony/Gazebo/install/mycobot_gazebo/share/ament_index/resource_index/packages/mycobot_gazebo
[2.399s] -- Symlinking: /home/tony/Gazebo/install/mycobot_gazebo/share/mycobot_gazebo/cmake/mycobot_gazeboConfig.cmake
[2.412s] -- Symlinking: /home/tony/Gazebo/install/mycobot_gazebo/share/mycobot_gazebo/cmake/mycobot_gazeboConfig-version.cmake
[2.420s] -- Symlinking: /home/tony/Gazebo/install/mycobot_gazebo/share/mycobot_gazebo/package.xml
[2.432s] Invoked command in '/home/tony/Gazebo/build/mycobot_gazebo' returned '0': CMAKE_PREFIX_PATH=${CMAKE_PREFIX_PATH}:/opt/ros/jazzy DEBUGINFOD_URLS=https://debuginfod.ubuntu.com /usr/bin/cmake --install /home/tony/Gazebo/build/mycobot_gazebo
