[0.027s] Invoking command in '/home/tony/Gazebo/build/mycobot_moveit2_config': CMAKE_PREFIX_PATH=${CMAKE_PREFIX_PATH}:/opt/ros/jazzy DEBUGINFOD_URLS=https://debuginfod.ubuntu.com /usr/bin/cmake --build /home/tony/Gazebo/build/mycobot_moveit2_config -- -j16 -l16
[0.086s] Invoked command in '/home/tony/Gazebo/build/mycobot_moveit2_config' returned '0': CMAKE_PREFIX_PATH=${CMAKE_PREFIX_PATH}:/opt/ros/jazzy DEBUGINFOD_URLS=https://debuginfod.ubuntu.com /usr/bin/cmake --build /home/tony/Gazebo/build/mycobot_moveit2_config -- -j16 -l16
[0.087s] Invoking command in '/home/tony/Gazebo/build/mycobot_moveit2_config': CMAKE_PREFIX_PATH=${CMAKE_PREFIX_PATH}:/opt/ros/jazzy DEBUGINFOD_URLS=https://debuginfod.ubuntu.com /usr/bin/cmake --install /home/tony/Gazebo/build/mycobot_moveit2_config
[0.100s] -- Install configuration: ""
[0.102s] -- Execute custom install script
[0.102s] -- Up-to-date symlink: /home/tony/Gazebo/install/mycobot_moveit2_config/share/mycobot_moveit2_config/launch/ros2_controllers.launch.py
[0.102s] -- Up-to-date symlink: /home/tony/Gazebo/install/mycobot_moveit2_config/share/ament_index/resource_index/package_run_dependencies/mycobot_moveit2_config
[0.103s] -- Up-to-date symlink: /home/tony/Gazebo/install/mycobot_moveit2_config/share/ament_index/resource_index/parent_prefix_path/mycobot_moveit2_config
[0.103s] -- Up-to-date symlink: /home/tony/Gazebo/install/mycobot_moveit2_config/share/mycobot_moveit2_config/environment/ament_prefix_path.sh
[0.103s] -- Up-to-date symlink: /home/tony/Gazebo/install/mycobot_moveit2_config/share/mycobot_moveit2_config/environment/ament_prefix_path.dsv
[0.103s] -- Up-to-date symlink: /home/tony/Gazebo/install/mycobot_moveit2_config/share/mycobot_moveit2_config/environment/path.sh
[0.104s] -- Up-to-date symlink: /home/tony/Gazebo/install/mycobot_moveit2_config/share/mycobot_moveit2_config/environment/path.dsv
[0.104s] -- Up-to-date symlink: /home/tony/Gazebo/install/mycobot_moveit2_config/share/mycobot_moveit2_config/local_setup.bash
[0.104s] -- Up-to-date symlink: /home/tony/Gazebo/install/mycobot_moveit2_config/share/mycobot_moveit2_config/local_setup.sh
[0.104s] -- Up-to-date symlink: /home/tony/Gazebo/install/mycobot_moveit2_config/share/mycobot_moveit2_config/local_setup.zsh
[0.104s] -- Up-to-date symlink: /home/tony/Gazebo/install/mycobot_moveit2_config/share/mycobot_moveit2_config/local_setup.dsv
[0.104s] -- Symlinking: /home/tony/Gazebo/install/mycobot_moveit2_config/share/mycobot_moveit2_config/package.dsv
[0.114s] -- Up-to-date symlink: /home/tony/Gazebo/install/mycobot_moveit2_config/share/ament_index/resource_index/packages/mycobot_moveit2_config
[0.114s] -- Up-to-date symlink: /home/tony/Gazebo/install/mycobot_moveit2_config/share/mycobot_moveit2_config/cmake/mycobot_moveit2_configConfig.cmake
[0.114s] -- Up-to-date symlink: /home/tony/Gazebo/install/mycobot_moveit2_config/share/mycobot_moveit2_config/cmake/mycobot_moveit2_configConfig-version.cmake
[0.115s] -- Up-to-date symlink: /home/tony/Gazebo/install/mycobot_moveit2_config/share/mycobot_moveit2_config/package.xml
[0.157s] Invoked command in '/home/tony/Gazebo/build/mycobot_moveit2_config' returned '0': CMAKE_PREFIX_PATH=${CMAKE_PREFIX_PATH}:/opt/ros/jazzy DEBUGINFOD_URLS=https://debuginfod.ubuntu.com /usr/bin/cmake --install /home/tony/Gazebo/build/mycobot_moveit2_config
