[0.028s] Invoking command in '/home/tony/Gazebo/build/mycobot_description': CMAKE_PREFIX_PATH=${CMAKE_PREFIX_PATH}:/opt/ros/jazzy DEBUGINFOD_URLS=https://debuginfod.ubuntu.com /usr/bin/cmake --build /home/tony/Gazebo/build/mycobot_description -- -j16 -l16
[0.087s] Invoked command in '/home/tony/Gazebo/build/mycobot_description' returned '0': CMAKE_PREFIX_PATH=${CMAKE_PREFIX_PATH}:/opt/ros/jazzy DEBUGINFOD_URLS=https://debuginfod.ubuntu.com /usr/bin/cmake --build /home/tony/Gazebo/build/mycobot_description -- -j16 -l16
[0.088s] Invoking command in '/home/tony/Gazebo/build/mycobot_description': CMAKE_PREFIX_PATH=${CMAKE_PREFIX_PATH}:/opt/ros/jazzy DEBUGINFOD_URLS=https://debuginfod.ubuntu.com /usr/bin/cmake --install /home/tony/Gazebo/build/mycobot_description
[0.098s] -- Install configuration: ""
[0.098s] -- Execute custom install script
[0.098s] -- Up-to-date symlink: /home/tony/Gazebo/install/mycobot_description/share/mycobot_description/launch/robot_description.launch.py
[0.099s] -- Up-to-date symlink: /home/tony/Gazebo/install/mycobot_description/share/mycobot_description/meshes/adaptive_gripper/visual/gripper_base.dae
[0.099s] -- Up-to-date symlink: /home/tony/Gazebo/install/mycobot_description/share/mycobot_description/meshes/adaptive_gripper/visual/gripper_left1.dae
[0.099s] -- Up-to-date symlink: /home/tony/Gazebo/install/mycobot_description/share/mycobot_description/meshes/adaptive_gripper/visual/gripper_left2.dae
[0.100s] -- Up-to-date symlink: /home/tony/Gazebo/install/mycobot_description/share/mycobot_description/meshes/adaptive_gripper/visual/gripper_left3.dae
[0.100s] -- Up-to-date symlink: /home/tony/Gazebo/install/mycobot_description/share/mycobot_description/meshes/adaptive_gripper/visual/gripper_right1.dae
[0.100s] -- Up-to-date symlink: /home/tony/Gazebo/install/mycobot_description/share/mycobot_description/meshes/adaptive_gripper/visual/gripper_right2.dae
[0.100s] -- Up-to-date symlink: /home/tony/Gazebo/install/mycobot_description/share/mycobot_description/meshes/adaptive_gripper/visual/gripper_right3.dae
[0.100s] -- Up-to-date symlink: /home/tony/Gazebo/install/mycobot_description/share/mycobot_description/meshes/d435/visual/d435.stl
[0.100s] -- Up-to-date symlink: /home/tony/Gazebo/install/mycobot_description/share/mycobot_description/meshes/g_shape_base_v2_0/visual/base_link.dae
[0.100s] -- Up-to-date symlink: /home/tony/Gazebo/install/mycobot_description/share/mycobot_description/meshes/mycobot_280/visual/link1.dae
[0.101s] -- Up-to-date symlink: /home/tony/Gazebo/install/mycobot_description/share/mycobot_description/meshes/mycobot_280/visual/link1.png
[0.101s] -- Up-to-date symlink: /home/tony/Gazebo/install/mycobot_description/share/mycobot_description/meshes/mycobot_280/visual/link2.dae
[0.101s] -- Up-to-date symlink: /home/tony/Gazebo/install/mycobot_description/share/mycobot_description/meshes/mycobot_280/visual/link2.png
[0.101s] -- Up-to-date symlink: /home/tony/Gazebo/install/mycobot_description/share/mycobot_description/meshes/mycobot_280/visual/link3.dae
[0.101s] -- Up-to-date symlink: /home/tony/Gazebo/install/mycobot_description/share/mycobot_description/meshes/mycobot_280/visual/link3.png
[0.101s] -- Up-to-date symlink: /home/tony/Gazebo/install/mycobot_description/share/mycobot_description/meshes/mycobot_280/visual/link4.dae
[0.101s] -- Up-to-date symlink: /home/tony/Gazebo/install/mycobot_description/share/mycobot_description/meshes/mycobot_280/visual/link4.png
[0.101s] -- Up-to-date symlink: /home/tony/Gazebo/install/mycobot_description/share/mycobot_description/meshes/mycobot_280/visual/link5.dae
[0.102s] -- Up-to-date symlink: /home/tony/Gazebo/install/mycobot_description/share/mycobot_description/meshes/mycobot_280/visual/link5.png
[0.102s] -- Up-to-date symlink: /home/tony/Gazebo/install/mycobot_description/share/mycobot_description/meshes/mycobot_280/visual/link6.dae
[0.102s] -- Up-to-date symlink: /home/tony/Gazebo/install/mycobot_description/share/mycobot_description/meshes/mycobot_280/visual/link6.png
[0.102s] -- Up-to-date symlink: /home/tony/Gazebo/install/mycobot_description/share/mycobot_description/meshes/mycobot_280/visual/link7.dae
[0.102s] -- Up-to-date symlink: /home/tony/Gazebo/install/mycobot_description/share/mycobot_description/meshes/mycobot_280/visual/link7.png
[0.102s] -- Up-to-date symlink: /home/tony/Gazebo/install/mycobot_description/share/mycobot_description/meshes/mycobot_280/visual/suit_env.dae
[0.102s] -- Up-to-date symlink: /home/tony/Gazebo/install/mycobot_description/share/mycobot_description/urdf/control/gazebo_sim_ros2_control.urdf.xacro
[0.103s] -- Up-to-date symlink: /home/tony/Gazebo/install/mycobot_description/share/mycobot_description/urdf/control/mycobot_280_ros2_control.urdf.xacro
[0.103s] -- Up-to-date symlink: /home/tony/Gazebo/install/mycobot_description/share/mycobot_description/urdf/mech/adaptive_gripper.urdf.xacro
[0.103s] -- Up-to-date symlink: /home/tony/Gazebo/install/mycobot_description/share/mycobot_description/urdf/mech/g_shape_base_v2_0.urdf.xacro
[0.103s] -- Up-to-date symlink: /home/tony/Gazebo/install/mycobot_description/share/mycobot_description/urdf/mech/mycobot_280_arm.urdf.xacro
[0.103s] -- Up-to-date symlink: /home/tony/Gazebo/install/mycobot_description/share/mycobot_description/urdf/mycobot280_rviz.png
[0.104s] -- Up-to-date symlink: /home/tony/Gazebo/install/mycobot_description/share/mycobot_description/urdf/robots/mycobot_280.urdf.xacro
[0.104s] -- Up-to-date symlink: /home/tony/Gazebo/install/mycobot_description/share/mycobot_description/urdf/sensors/intel_rgbd_cam_d435.urdf.xacro
[0.105s] -- Up-to-date symlink: /home/tony/Gazebo/install/mycobot_description/share/mycobot_description/rviz/default.rviz
[0.105s] -- Up-to-date symlink: /home/tony/Gazebo/install/mycobot_description/share/mycobot_description/rviz/mycobot_280_description.rviz
[0.106s] -- Up-to-date symlink: /home/tony/Gazebo/install/mycobot_description/share/ament_index/resource_index/package_run_dependencies/mycobot_description
[0.107s] -- Up-to-date symlink: /home/tony/Gazebo/install/mycobot_description/share/ament_index/resource_index/parent_prefix_path/mycobot_description
[0.107s] -- Up-to-date symlink: /home/tony/Gazebo/install/mycobot_description/share/mycobot_description/environment/ament_prefix_path.sh
[0.107s] -- Up-to-date symlink: /home/tony/Gazebo/install/mycobot_description/share/mycobot_description/environment/ament_prefix_path.dsv
[0.107s] -- Up-to-date symlink: /home/tony/Gazebo/install/mycobot_description/share/mycobot_description/environment/path.sh
[0.108s] -- Up-to-date symlink: /home/tony/Gazebo/install/mycobot_description/share/mycobot_description/environment/path.dsv
[0.108s] -- Up-to-date symlink: /home/tony/Gazebo/install/mycobot_description/share/mycobot_description/local_setup.bash
[0.108s] -- Up-to-date symlink: /home/tony/Gazebo/install/mycobot_description/share/mycobot_description/local_setup.sh
[0.108s] -- Up-to-date symlink: /home/tony/Gazebo/install/mycobot_description/share/mycobot_description/local_setup.zsh
[0.108s] -- Up-to-date symlink: /home/tony/Gazebo/install/mycobot_description/share/mycobot_description/local_setup.dsv
[0.109s] -- Symlinking: /home/tony/Gazebo/install/mycobot_description/share/mycobot_description/package.dsv
[0.117s] -- Up-to-date symlink: /home/tony/Gazebo/install/mycobot_description/share/ament_index/resource_index/packages/mycobot_description
[0.121s] -- Up-to-date symlink: /home/tony/Gazebo/install/mycobot_description/share/mycobot_description/cmake/mycobot_descriptionConfig.cmake
[0.121s] -- Up-to-date symlink: /home/tony/Gazebo/install/mycobot_description/share/mycobot_description/cmake/mycobot_descriptionConfig-version.cmake
[0.123s] -- Up-to-date symlink: /home/tony/Gazebo/install/mycobot_description/share/mycobot_description/package.xml
[0.136s] Invoked command in '/home/tony/Gazebo/build/mycobot_description' returned '0': CMAKE_PREFIX_PATH=${CMAKE_PREFIX_PATH}:/opt/ros/jazzy DEBUGINFOD_URLS=https://debuginfod.ubuntu.com /usr/bin/cmake --install /home/tony/Gazebo/build/mycobot_description
