[0.034s] Invoking command in '/home/tony/Gazebo/build/mycobot_moveit2_config': CMAKE_PREFIX_PATH=${CMAKE_PREFIX_PATH}:/opt/ros/jazzy DEBUGINFOD_URLS=https://debuginfod.ubuntu.com /usr/bin/cmake --build /home/tony/Gazebo/build/mycobot_moveit2_config -- -j16 -l16
[0.136s] Invoked command in '/home/tony/Gazebo/build/mycobot_moveit2_config' returned '0': CMAKE_PREFIX_PATH=${CMAKE_PREFIX_PATH}:/opt/ros/jazzy DEBUGINFOD_URLS=https://debuginfod.ubuntu.com /usr/bin/cmake --build /home/tony/Gazebo/build/mycobot_moveit2_config -- -j16 -l16
[0.139s] Invoking command in '/home/tony/Gazebo/build/mycobot_moveit2_config': CMAKE_PREFIX_PATH=${CMAKE_PREFIX_PATH}:/opt/ros/jazzy DEBUGINFOD_URLS=https://debuginfod.ubuntu.com /usr/bin/cmake --install /home/tony/Gazebo/build/mycobot_moveit2_config
[0.160s] -- Install configuration: ""
[0.161s] -- Execute custom install script
[0.161s] -- Up-to-date symlink: /home/tony/Gazebo/install/mycobot_moveit2_config/share/ament_index/resource_index/package_run_dependencies/mycobot_moveit2_config
[0.162s] -- Up-to-date symlink: /home/tony/Gazebo/install/mycobot_moveit2_config/share/ament_index/resource_index/parent_prefix_path/mycobot_moveit2_config
[0.162s] -- Up-to-date symlink: /home/tony/Gazebo/install/mycobot_moveit2_config/share/mycobot_moveit2_config/environment/ament_prefix_path.sh
[0.162s] -- Up-to-date symlink: /home/tony/Gazebo/install/mycobot_moveit2_config/share/mycobot_moveit2_config/environment/ament_prefix_path.dsv
[0.163s] -- Up-to-date symlink: /home/tony/Gazebo/install/mycobot_moveit2_config/share/mycobot_moveit2_config/environment/path.sh
[0.163s] -- Up-to-date symlink: /home/tony/Gazebo/install/mycobot_moveit2_config/share/mycobot_moveit2_config/environment/path.dsv
[0.163s] -- Up-to-date symlink: /home/tony/Gazebo/install/mycobot_moveit2_config/share/mycobot_moveit2_config/local_setup.bash
[0.164s] -- Up-to-date symlink: /home/tony/Gazebo/install/mycobot_moveit2_config/share/mycobot_moveit2_config/local_setup.sh
[0.164s] -- Up-to-date symlink: /home/tony/Gazebo/install/mycobot_moveit2_config/share/mycobot_moveit2_config/local_setup.zsh
[0.164s] -- Up-to-date symlink: /home/tony/Gazebo/install/mycobot_moveit2_config/share/mycobot_moveit2_config/local_setup.dsv
[0.164s] -- Symlinking: /home/tony/Gazebo/install/mycobot_moveit2_config/share/mycobot_moveit2_config/package.dsv
[0.180s] -- Up-to-date symlink: /home/tony/Gazebo/install/mycobot_moveit2_config/share/ament_index/resource_index/packages/mycobot_moveit2_config
[0.182s] -- Up-to-date symlink: /home/tony/Gazebo/install/mycobot_moveit2_config/share/mycobot_moveit2_config/cmake/mycobot_moveit2_configConfig.cmake
[0.183s] -- Up-to-date symlink: /home/tony/Gazebo/install/mycobot_moveit2_config/share/mycobot_moveit2_config/cmake/mycobot_moveit2_configConfig-version.cmake
[0.184s] -- Up-to-date symlink: /home/tony/Gazebo/install/mycobot_moveit2_config/share/mycobot_moveit2_config/package.xml
[0.231s] Invoked command in '/home/tony/Gazebo/build/mycobot_moveit2_config' returned '0': CMAKE_PREFIX_PATH=${CMAKE_PREFIX_PATH}:/opt/ros/jazzy DEBUGINFOD_URLS=https://debuginfod.ubuntu.com /usr/bin/cmake --install /home/tony/Gazebo/build/mycobot_moveit2_config
