-- Found ament_cmake: 2.5.6 (/opt/ros/jazzy/share/ament_cmake/cmake)
-- Override CMake install command with custom implementation using symlinks instead of copying resources
-- Found ament_lint_auto: 0.17.5 (/opt/ros/jazzy/share/ament_lint_auto/cmake)
-- Added test 'flake8' to check Python code syntax and style conventions
-- Configured 'flake8' exclude dirs and/or files: 
-- Added test 'lint_cmake' to check CMake code style
-- Added test 'pep257' to check Python code against some of the docstring style conventions in PEP 257
-- Added test 'xmllint' to check XML markup files
-- Configuring done (0.5s)
-- Generating done (0.0s)
-- Build files have been written to: /home/tony/Gazebo/build/mycobot_moveit2_config
-- Install configuration: ""
-- Execute custom install script
-- Symlinking: /home/tony/Gazebo/install/mycobot_moveit2_config/share/mycobot_moveit2_config/launch/ros2_controllers.launch.py
-- Up-to-date symlink: /home/tony/Gazebo/install/mycobot_moveit2_config/share/ament_index/resource_index/package_run_dependencies/mycobot_moveit2_config
-- Up-to-date symlink: /home/tony/Gazebo/install/mycobot_moveit2_config/share/ament_index/resource_index/parent_prefix_path/mycobot_moveit2_config
-- Up-to-date symlink: /home/tony/Gazebo/install/mycobot_moveit2_config/share/mycobot_moveit2_config/environment/ament_prefix_path.sh
-- Up-to-date symlink: /home/tony/Gazebo/install/mycobot_moveit2_config/share/mycobot_moveit2_config/environment/ament_prefix_path.dsv
-- Up-to-date symlink: /home/tony/Gazebo/install/mycobot_moveit2_config/share/mycobot_moveit2_config/environment/path.sh
-- Up-to-date symlink: /home/tony/Gazebo/install/mycobot_moveit2_config/share/mycobot_moveit2_config/environment/path.dsv
-- Up-to-date symlink: /home/tony/Gazebo/install/mycobot_moveit2_config/share/mycobot_moveit2_config/local_setup.bash
-- Up-to-date symlink: /home/tony/Gazebo/install/mycobot_moveit2_config/share/mycobot_moveit2_config/local_setup.sh
-- Up-to-date symlink: /home/tony/Gazebo/install/mycobot_moveit2_config/share/mycobot_moveit2_config/local_setup.zsh
-- Up-to-date symlink: /home/tony/Gazebo/install/mycobot_moveit2_config/share/mycobot_moveit2_config/local_setup.dsv
-- Symlinking: /home/tony/Gazebo/install/mycobot_moveit2_config/share/mycobot_moveit2_config/package.dsv
-- Up-to-date symlink: /home/tony/Gazebo/install/mycobot_moveit2_config/share/ament_index/resource_index/packages/mycobot_moveit2_config
-- Up-to-date symlink: /home/tony/Gazebo/install/mycobot_moveit2_config/share/mycobot_moveit2_config/cmake/mycobot_moveit2_configConfig.cmake
-- Up-to-date symlink: /home/tony/Gazebo/install/mycobot_moveit2_config/share/mycobot_moveit2_config/cmake/mycobot_moveit2_configConfig-version.cmake
-- Up-to-date symlink: /home/tony/Gazebo/install/mycobot_moveit2_config/share/mycobot_moveit2_config/package.xml
