[0.151s] DEBUG:colcon:Command line arguments: ['/usr/bin/colcon', 'build', '--symlink-install']
[0.151s] DEBUG:colcon:Parsed command line arguments: Namespace(log_base=None, log_level=None, verb_name='build', build_base='build', install_base='install', merge_install=False, symlink_install=True, test_result_base=None, continue_on_error=False, executor='parallel', parallel_workers=16, event_handlers=None, ignore_user_meta=False, metas=['./colcon.meta'], base_paths=['.'], packages_ignore=None, packages_ignore_regex=None, paths=None, packages_up_to=None, packages_up_to_regex=None, packages_above=None, packages_above_and_dependencies=None, packages_above_depth=None, packages_select_by_dep=None, packages_skip_by_dep=None, packages_skip_up_to=None, packages_select_build_failed=False, packages_skip_build_finished=False, packages_select_test_failures=False, packages_skip_test_passed=False, packages_select=None, packages_skip=None, packages_select_regex=None, packages_skip_regex=None, packages_start=None, packages_end=None, allow_overriding=[], cmake_args=None, cmake_target=None, cmake_target_skip_unavailable=False, cmake_clean_cache=False, cmake_clean_first=False, cmake_force_configure=False, ament_cmake_args=None, catkin_cmake_args=None, catkin_skip_building_tests=False, mixin_files=None, mixin=None, verb_parser=<colcon_mixin.mixin.mixin_argument.MixinArgumentDecorator object at 0x7ef164a8b8c0>, verb_extension=<colcon_core.verb.build.BuildVerb object at 0x7ef164a8b530>, main=<bound method BuildVerb.main of <colcon_core.verb.build.BuildVerb object at 0x7ef164a8b530>>, mixin_verb=('build',))
[0.187s] Level 1:colcon.colcon_core.package_discovery:discover_packages(colcon_meta) check parameters
[0.187s] Level 1:colcon.colcon_core.package_discovery:discover_packages(recursive) check parameters
[0.187s] Level 1:colcon.colcon_core.package_discovery:discover_packages(ignore) check parameters
[0.187s] Level 1:colcon.colcon_core.package_discovery:discover_packages(path) check parameters
[0.187s] Level 1:colcon.colcon_core.package_discovery:discover_packages(colcon_meta) discover
[0.187s] Level 1:colcon.colcon_core.package_discovery:discover_packages(recursive) discover
[0.187s] INFO:colcon.colcon_core.package_discovery:Crawling recursively for packages in '/home/tony/Gazebo'
[0.187s] Level 1:colcon.colcon_core.package_identification:_identify(.) by extensions ['ignore', 'ignore_ament_install']
[0.188s] Level 1:colcon.colcon_core.package_identification:_identify(.) by extension 'ignore'
[0.188s] Level 1:colcon.colcon_core.package_identification:_identify(.) by extension 'ignore_ament_install'
[0.188s] Level 1:colcon.colcon_core.package_identification:_identify(.) by extensions ['colcon_pkg']
[0.188s] Level 1:colcon.colcon_core.package_identification:_identify(.) by extension 'colcon_pkg'
[0.188s] Level 1:colcon.colcon_core.package_identification:_identify(.) by extensions ['colcon_meta']
[0.188s] Level 1:colcon.colcon_core.package_identification:_identify(.) by extension 'colcon_meta'
[0.188s] Level 1:colcon.colcon_core.package_identification:_identify(.) by extensions ['ros']
[0.188s] Level 1:colcon.colcon_core.package_identification:_identify(.) by extension 'ros'
[0.210s] Level 1:colcon.colcon_core.package_identification:_identify(.) by extensions ['cmake', 'python']
[0.210s] Level 1:colcon.colcon_core.package_identification:_identify(.) by extension 'cmake'
[0.210s] Level 1:colcon.colcon_core.package_identification:_identify(.) by extension 'python'
[0.210s] Level 1:colcon.colcon_core.package_identification:_identify(.) by extensions ['python_setup_py']
[0.210s] Level 1:colcon.colcon_core.package_identification:_identify(.) by extension 'python_setup_py'
[0.210s] Level 1:colcon.colcon_core.package_identification:_identify(Note) by extensions ['ignore', 'ignore_ament_install']
[0.211s] Level 1:colcon.colcon_core.package_identification:_identify(Note) by extension 'ignore'
[0.211s] Level 1:colcon.colcon_core.package_identification:_identify(Note) by extension 'ignore_ament_install'
[0.211s] Level 1:colcon.colcon_core.package_identification:_identify(Note) by extensions ['colcon_pkg']
[0.211s] Level 1:colcon.colcon_core.package_identification:_identify(Note) by extension 'colcon_pkg'
[0.211s] Level 1:colcon.colcon_core.package_identification:_identify(Note) by extensions ['colcon_meta']
[0.211s] Level 1:colcon.colcon_core.package_identification:_identify(Note) by extension 'colcon_meta'
[0.211s] Level 1:colcon.colcon_core.package_identification:_identify(Note) by extensions ['ros']
[0.211s] Level 1:colcon.colcon_core.package_identification:_identify(Note) by extension 'ros'
[0.211s] Level 1:colcon.colcon_core.package_identification:_identify(Note) by extensions ['cmake', 'python']
[0.211s] Level 1:colcon.colcon_core.package_identification:_identify(Note) by extension 'cmake'
[0.211s] Level 1:colcon.colcon_core.package_identification:_identify(Note) by extension 'python'
[0.211s] Level 1:colcon.colcon_core.package_identification:_identify(Note) by extensions ['python_setup_py']
[0.211s] Level 1:colcon.colcon_core.package_identification:_identify(Note) by extension 'python_setup_py'
[0.211s] Level 1:colcon.colcon_core.package_identification:_identify(Note/robot_description) by extensions ['ignore', 'ignore_ament_install']
[0.211s] Level 1:colcon.colcon_core.package_identification:_identify(Note/robot_description) by extension 'ignore'
[0.211s] Level 1:colcon.colcon_core.package_identification:_identify(Note/robot_description) by extension 'ignore_ament_install'
[0.211s] Level 1:colcon.colcon_core.package_identification:_identify(Note/robot_description) by extensions ['colcon_pkg']
[0.211s] Level 1:colcon.colcon_core.package_identification:_identify(Note/robot_description) by extension 'colcon_pkg'
[0.211s] Level 1:colcon.colcon_core.package_identification:_identify(Note/robot_description) by extensions ['colcon_meta']
[0.212s] Level 1:colcon.colcon_core.package_identification:_identify(Note/robot_description) by extension 'colcon_meta'
[0.212s] Level 1:colcon.colcon_core.package_identification:_identify(Note/robot_description) by extensions ['ros']
[0.212s] Level 1:colcon.colcon_core.package_identification:_identify(Note/robot_description) by extension 'ros'
[0.212s] Level 1:colcon.colcon_core.package_identification:_identify(Note/robot_description) by extensions ['cmake', 'python']
[0.212s] Level 1:colcon.colcon_core.package_identification:_identify(Note/robot_description) by extension 'cmake'
[0.212s] Level 1:colcon.colcon_core.package_identification:_identify(Note/robot_description) by extension 'python'
[0.212s] Level 1:colcon.colcon_core.package_identification:_identify(Note/robot_description) by extensions ['python_setup_py']
[0.212s] Level 1:colcon.colcon_core.package_identification:_identify(Note/robot_description) by extension 'python_setup_py'
[0.212s] Level 1:colcon.colcon_core.package_identification:_identify(Note/robot_description/photos) by extensions ['ignore', 'ignore_ament_install']
[0.212s] Level 1:colcon.colcon_core.package_identification:_identify(Note/robot_description/photos) by extension 'ignore'
[0.212s] Level 1:colcon.colcon_core.package_identification:_identify(Note/robot_description/photos) by extension 'ignore_ament_install'
[0.212s] Level 1:colcon.colcon_core.package_identification:_identify(Note/robot_description/photos) by extensions ['colcon_pkg']
[0.212s] Level 1:colcon.colcon_core.package_identification:_identify(Note/robot_description/photos) by extension 'colcon_pkg'
[0.212s] Level 1:colcon.colcon_core.package_identification:_identify(Note/robot_description/photos) by extensions ['colcon_meta']
[0.212s] Level 1:colcon.colcon_core.package_identification:_identify(Note/robot_description/photos) by extension 'colcon_meta'
[0.212s] Level 1:colcon.colcon_core.package_identification:_identify(Note/robot_description/photos) by extensions ['ros']
[0.212s] Level 1:colcon.colcon_core.package_identification:_identify(Note/robot_description/photos) by extension 'ros'
[0.212s] Level 1:colcon.colcon_core.package_identification:_identify(Note/robot_description/photos) by extensions ['cmake', 'python']
[0.212s] Level 1:colcon.colcon_core.package_identification:_identify(Note/robot_description/photos) by extension 'cmake'
[0.212s] Level 1:colcon.colcon_core.package_identification:_identify(Note/robot_description/photos) by extension 'python'
[0.212s] Level 1:colcon.colcon_core.package_identification:_identify(Note/robot_description/photos) by extensions ['python_setup_py']
[0.213s] Level 1:colcon.colcon_core.package_identification:_identify(Note/robot_description/photos) by extension 'python_setup_py'
[0.213s] Level 1:colcon.colcon_core.package_identification:_identify(build) by extensions ['ignore', 'ignore_ament_install']
[0.213s] Level 1:colcon.colcon_core.package_identification:_identify(build) by extension 'ignore'
[0.213s] Level 1:colcon.colcon_core.package_identification:_identify(build) ignored
[0.213s] Level 1:colcon.colcon_core.package_identification:_identify(install) by extensions ['ignore', 'ignore_ament_install']
[0.213s] Level 1:colcon.colcon_core.package_identification:_identify(install) by extension 'ignore'
[0.213s] Level 1:colcon.colcon_core.package_identification:_identify(install) ignored
[0.213s] Level 1:colcon.colcon_core.package_identification:_identify(log) by extensions ['ignore', 'ignore_ament_install']
[0.213s] Level 1:colcon.colcon_core.package_identification:_identify(log) by extension 'ignore'
[0.213s] Level 1:colcon.colcon_core.package_identification:_identify(log) ignored
[0.213s] Level 1:colcon.colcon_core.package_identification:_identify(src) by extensions ['ignore', 'ignore_ament_install']
[0.213s] Level 1:colcon.colcon_core.package_identification:_identify(src) by extension 'ignore'
[0.213s] Level 1:colcon.colcon_core.package_identification:_identify(src) by extension 'ignore_ament_install'
[0.213s] Level 1:colcon.colcon_core.package_identification:_identify(src) by extensions ['colcon_pkg']
[0.213s] Level 1:colcon.colcon_core.package_identification:_identify(src) by extension 'colcon_pkg'
[0.214s] Level 1:colcon.colcon_core.package_identification:_identify(src) by extensions ['colcon_meta']
[0.214s] Level 1:colcon.colcon_core.package_identification:_identify(src) by extension 'colcon_meta'
[0.214s] Level 1:colcon.colcon_core.package_identification:_identify(src) by extensions ['ros']
[0.214s] Level 1:colcon.colcon_core.package_identification:_identify(src) by extension 'ros'
[0.214s] Level 1:colcon.colcon_core.package_identification:_identify(src) by extensions ['cmake', 'python']
[0.214s] Level 1:colcon.colcon_core.package_identification:_identify(src) by extension 'cmake'
[0.214s] Level 1:colcon.colcon_core.package_identification:_identify(src) by extension 'python'
[0.214s] Level 1:colcon.colcon_core.package_identification:_identify(src) by extensions ['python_setup_py']
[0.214s] Level 1:colcon.colcon_core.package_identification:_identify(src) by extension 'python_setup_py'
[0.214s] Level 1:colcon.colcon_core.package_identification:_identify(src/mycobot_ros2) by extensions ['ignore', 'ignore_ament_install']
[0.214s] Level 1:colcon.colcon_core.package_identification:_identify(src/mycobot_ros2) by extension 'ignore'
[0.214s] Level 1:colcon.colcon_core.package_identification:_identify(src/mycobot_ros2) by extension 'ignore_ament_install'
[0.214s] Level 1:colcon.colcon_core.package_identification:_identify(src/mycobot_ros2) by extensions ['colcon_pkg']
[0.214s] Level 1:colcon.colcon_core.package_identification:_identify(src/mycobot_ros2) by extension 'colcon_pkg'
[0.214s] Level 1:colcon.colcon_core.package_identification:_identify(src/mycobot_ros2) by extensions ['colcon_meta']
[0.214s] Level 1:colcon.colcon_core.package_identification:_identify(src/mycobot_ros2) by extension 'colcon_meta'
[0.214s] Level 1:colcon.colcon_core.package_identification:_identify(src/mycobot_ros2) by extensions ['ros']
[0.214s] Level 1:colcon.colcon_core.package_identification:_identify(src/mycobot_ros2) by extension 'ros'
[0.214s] Level 1:colcon.colcon_core.package_identification:_identify(src/mycobot_ros2) by extensions ['cmake', 'python']
[0.214s] Level 1:colcon.colcon_core.package_identification:_identify(src/mycobot_ros2) by extension 'cmake'
[0.214s] Level 1:colcon.colcon_core.package_identification:_identify(src/mycobot_ros2) by extension 'python'
[0.215s] Level 1:colcon.colcon_core.package_identification:_identify(src/mycobot_ros2) by extensions ['python_setup_py']
[0.215s] Level 1:colcon.colcon_core.package_identification:_identify(src/mycobot_ros2) by extension 'python_setup_py'
[0.215s] Level 1:colcon.colcon_core.package_identification:_identify(src/mycobot_ros2/mycobot_bringup) by extensions ['ignore', 'ignore_ament_install']
[0.215s] Level 1:colcon.colcon_core.package_identification:_identify(src/mycobot_ros2/mycobot_bringup) by extension 'ignore'
[0.215s] Level 1:colcon.colcon_core.package_identification:_identify(src/mycobot_ros2/mycobot_bringup) by extension 'ignore_ament_install'
[0.215s] Level 1:colcon.colcon_core.package_identification:_identify(src/mycobot_ros2/mycobot_bringup) by extensions ['colcon_pkg']
[0.215s] Level 1:colcon.colcon_core.package_identification:_identify(src/mycobot_ros2/mycobot_bringup) by extension 'colcon_pkg'
[0.215s] Level 1:colcon.colcon_core.package_identification:_identify(src/mycobot_ros2/mycobot_bringup) by extensions ['colcon_meta']
[0.215s] Level 1:colcon.colcon_core.package_identification:_identify(src/mycobot_ros2/mycobot_bringup) by extension 'colcon_meta'
[0.215s] Level 1:colcon.colcon_core.package_identification:_identify(src/mycobot_ros2/mycobot_bringup) by extensions ['ros']
[0.215s] Level 1:colcon.colcon_core.package_identification:_identify(src/mycobot_ros2/mycobot_bringup) by extension 'ros'
[0.218s] DEBUG:colcon.colcon_core.package_identification:Package 'src/mycobot_ros2/mycobot_bringup' with type 'ros.ament_cmake' and name 'mycobot_bringup'
[0.218s] Level 1:colcon.colcon_core.package_identification:_identify(src/mycobot_ros2/mycobot_description) by extensions ['ignore', 'ignore_ament_install']
[0.218s] Level 1:colcon.colcon_core.package_identification:_identify(src/mycobot_ros2/mycobot_description) by extension 'ignore'
[0.219s] Level 1:colcon.colcon_core.package_identification:_identify(src/mycobot_ros2/mycobot_description) by extension 'ignore_ament_install'
[0.219s] Level 1:colcon.colcon_core.package_identification:_identify(src/mycobot_ros2/mycobot_description) by extensions ['colcon_pkg']
[0.219s] Level 1:colcon.colcon_core.package_identification:_identify(src/mycobot_ros2/mycobot_description) by extension 'colcon_pkg'
[0.219s] Level 1:colcon.colcon_core.package_identification:_identify(src/mycobot_ros2/mycobot_description) by extensions ['colcon_meta']
[0.219s] Level 1:colcon.colcon_core.package_identification:_identify(src/mycobot_ros2/mycobot_description) by extension 'colcon_meta'
[0.219s] Level 1:colcon.colcon_core.package_identification:_identify(src/mycobot_ros2/mycobot_description) by extensions ['ros']
[0.219s] Level 1:colcon.colcon_core.package_identification:_identify(src/mycobot_ros2/mycobot_description) by extension 'ros'
[0.219s] DEBUG:colcon.colcon_core.package_identification:Package 'src/mycobot_ros2/mycobot_description' with type 'ros.ament_cmake' and name 'mycobot_description'
[0.220s] Level 1:colcon.colcon_core.package_identification:_identify(src/mycobot_ros2/mycobot_gazebo) by extensions ['ignore', 'ignore_ament_install']
[0.220s] Level 1:colcon.colcon_core.package_identification:_identify(src/mycobot_ros2/mycobot_gazebo) by extension 'ignore'
[0.220s] Level 1:colcon.colcon_core.package_identification:_identify(src/mycobot_ros2/mycobot_gazebo) by extension 'ignore_ament_install'
[0.220s] Level 1:colcon.colcon_core.package_identification:_identify(src/mycobot_ros2/mycobot_gazebo) by extensions ['colcon_pkg']
[0.220s] Level 1:colcon.colcon_core.package_identification:_identify(src/mycobot_ros2/mycobot_gazebo) by extension 'colcon_pkg'
[0.220s] Level 1:colcon.colcon_core.package_identification:_identify(src/mycobot_ros2/mycobot_gazebo) by extensions ['colcon_meta']
[0.220s] Level 1:colcon.colcon_core.package_identification:_identify(src/mycobot_ros2/mycobot_gazebo) by extension 'colcon_meta'
[0.220s] Level 1:colcon.colcon_core.package_identification:_identify(src/mycobot_ros2/mycobot_gazebo) by extensions ['ros']
[0.220s] Level 1:colcon.colcon_core.package_identification:_identify(src/mycobot_ros2/mycobot_gazebo) by extension 'ros'
[0.221s] DEBUG:colcon.colcon_core.package_identification:Package 'src/mycobot_ros2/mycobot_gazebo' with type 'ros.ament_cmake' and name 'mycobot_gazebo'
[0.221s] Level 1:colcon.colcon_core.package_identification:_identify(src/mycobot_ros2/mycobot_moveit2_config) by extensions ['ignore', 'ignore_ament_install']
[0.221s] Level 1:colcon.colcon_core.package_identification:_identify(src/mycobot_ros2/mycobot_moveit2_config) by extension 'ignore'
[0.221s] Level 1:colcon.colcon_core.package_identification:_identify(src/mycobot_ros2/mycobot_moveit2_config) by extension 'ignore_ament_install'
[0.222s] Level 1:colcon.colcon_core.package_identification:_identify(src/mycobot_ros2/mycobot_moveit2_config) by extensions ['colcon_pkg']
[0.222s] Level 1:colcon.colcon_core.package_identification:_identify(src/mycobot_ros2/mycobot_moveit2_config) by extension 'colcon_pkg'
[0.222s] Level 1:colcon.colcon_core.package_identification:_identify(src/mycobot_ros2/mycobot_moveit2_config) by extensions ['colcon_meta']
[0.222s] Level 1:colcon.colcon_core.package_identification:_identify(src/mycobot_ros2/mycobot_moveit2_config) by extension 'colcon_meta'
[0.222s] Level 1:colcon.colcon_core.package_identification:_identify(src/mycobot_ros2/mycobot_moveit2_config) by extensions ['ros']
[0.222s] Level 1:colcon.colcon_core.package_identification:_identify(src/mycobot_ros2/mycobot_moveit2_config) by extension 'ros'
[0.222s] DEBUG:colcon.colcon_core.package_identification:Package 'src/mycobot_ros2/mycobot_moveit2_config' with type 'ros.ament_cmake' and name 'mycobot_moveit2_config'
[0.222s] Level 1:colcon.colcon_core.package_discovery:discover_packages(recursive) using defaults
[0.222s] Level 1:colcon.colcon_core.package_discovery:discover_packages(ignore) discover
[0.222s] Level 1:colcon.colcon_core.package_discovery:discover_packages(ignore) using defaults
[0.223s] Level 1:colcon.colcon_core.package_discovery:discover_packages(path) discover
[0.223s] Level 1:colcon.colcon_core.package_discovery:discover_packages(path) using defaults
[0.239s] Level 1:colcon.colcon_core.package_discovery:discover_packages(prefix_path) check parameters
[0.239s] Level 1:colcon.colcon_core.package_discovery:discover_packages(prefix_path) discover
[0.240s] WARNING:colcon.colcon_core.prefix_path.colcon:The path '/home/tony/Gazebo/src/mycobot_ros2/mycobot_description/urdf/robots/install' in the environment variable COLCON_PREFIX_PATH doesn't exist
[0.242s] DEBUG:colcon.colcon_installed_package_information.package_discovery:Found 405 installed packages in /opt/ros/jazzy
[0.243s] Level 1:colcon.colcon_core.package_discovery:discover_packages(prefix_path) using defaults
[0.302s] Level 5:colcon.colcon_core.verb:set package 'mycobot_bringup' build argument 'cmake_args' from command line to 'None'
[0.303s] Level 5:colcon.colcon_core.verb:set package 'mycobot_bringup' build argument 'cmake_target' from command line to 'None'
[0.303s] Level 5:colcon.colcon_core.verb:set package 'mycobot_bringup' build argument 'cmake_target_skip_unavailable' from command line to 'False'
[0.303s] Level 5:colcon.colcon_core.verb:set package 'mycobot_bringup' build argument 'cmake_clean_cache' from command line to 'False'
[0.303s] Level 5:colcon.colcon_core.verb:set package 'mycobot_bringup' build argument 'cmake_clean_first' from command line to 'False'
[0.303s] Level 5:colcon.colcon_core.verb:set package 'mycobot_bringup' build argument 'cmake_force_configure' from command line to 'False'
[0.303s] Level 5:colcon.colcon_core.verb:set package 'mycobot_bringup' build argument 'ament_cmake_args' from command line to 'None'
[0.303s] Level 5:colcon.colcon_core.verb:set package 'mycobot_bringup' build argument 'catkin_cmake_args' from command line to 'None'
[0.303s] Level 5:colcon.colcon_core.verb:set package 'mycobot_bringup' build argument 'catkin_skip_building_tests' from command line to 'False'
[0.303s] DEBUG:colcon.colcon_core.verb:Building package 'mycobot_bringup' with the following arguments: {'ament_cmake_args': None, 'build_base': '/home/tony/Gazebo/build/mycobot_bringup', 'catkin_cmake_args': None, 'catkin_skip_building_tests': False, 'cmake_args': None, 'cmake_clean_cache': False, 'cmake_clean_first': False, 'cmake_force_configure': False, 'cmake_target': None, 'cmake_target_skip_unavailable': False, 'install_base': '/home/tony/Gazebo/install/mycobot_bringup', 'merge_install': False, 'path': '/home/tony/Gazebo/src/mycobot_ros2/mycobot_bringup', 'symlink_install': True, 'test_result_base': None}
[0.303s] Level 5:colcon.colcon_core.verb:set package 'mycobot_description' build argument 'cmake_args' from command line to 'None'
[0.303s] Level 5:colcon.colcon_core.verb:set package 'mycobot_description' build argument 'cmake_target' from command line to 'None'
[0.303s] Level 5:colcon.colcon_core.verb:set package 'mycobot_description' build argument 'cmake_target_skip_unavailable' from command line to 'False'
[0.303s] Level 5:colcon.colcon_core.verb:set package 'mycobot_description' build argument 'cmake_clean_cache' from command line to 'False'
[0.303s] Level 5:colcon.colcon_core.verb:set package 'mycobot_description' build argument 'cmake_clean_first' from command line to 'False'
[0.303s] Level 5:colcon.colcon_core.verb:set package 'mycobot_description' build argument 'cmake_force_configure' from command line to 'False'
[0.303s] Level 5:colcon.colcon_core.verb:set package 'mycobot_description' build argument 'ament_cmake_args' from command line to 'None'
[0.303s] Level 5:colcon.colcon_core.verb:set package 'mycobot_description' build argument 'catkin_cmake_args' from command line to 'None'
[0.303s] Level 5:colcon.colcon_core.verb:set package 'mycobot_description' build argument 'catkin_skip_building_tests' from command line to 'False'
[0.303s] DEBUG:colcon.colcon_core.verb:Building package 'mycobot_description' with the following arguments: {'ament_cmake_args': None, 'build_base': '/home/tony/Gazebo/build/mycobot_description', 'catkin_cmake_args': None, 'catkin_skip_building_tests': False, 'cmake_args': None, 'cmake_clean_cache': False, 'cmake_clean_first': False, 'cmake_force_configure': False, 'cmake_target': None, 'cmake_target_skip_unavailable': False, 'install_base': '/home/tony/Gazebo/install/mycobot_description', 'merge_install': False, 'path': '/home/tony/Gazebo/src/mycobot_ros2/mycobot_description', 'symlink_install': True, 'test_result_base': None}
[0.304s] Level 5:colcon.colcon_core.verb:set package 'mycobot_gazebo' build argument 'cmake_args' from command line to 'None'
[0.304s] Level 5:colcon.colcon_core.verb:set package 'mycobot_gazebo' build argument 'cmake_target' from command line to 'None'
[0.304s] Level 5:colcon.colcon_core.verb:set package 'mycobot_gazebo' build argument 'cmake_target_skip_unavailable' from command line to 'False'
[0.304s] Level 5:colcon.colcon_core.verb:set package 'mycobot_gazebo' build argument 'cmake_clean_cache' from command line to 'False'
[0.304s] Level 5:colcon.colcon_core.verb:set package 'mycobot_gazebo' build argument 'cmake_clean_first' from command line to 'False'
[0.304s] Level 5:colcon.colcon_core.verb:set package 'mycobot_gazebo' build argument 'cmake_force_configure' from command line to 'False'
[0.304s] Level 5:colcon.colcon_core.verb:set package 'mycobot_gazebo' build argument 'ament_cmake_args' from command line to 'None'
[0.304s] Level 5:colcon.colcon_core.verb:set package 'mycobot_gazebo' build argument 'catkin_cmake_args' from command line to 'None'
[0.304s] Level 5:colcon.colcon_core.verb:set package 'mycobot_gazebo' build argument 'catkin_skip_building_tests' from command line to 'False'
[0.304s] DEBUG:colcon.colcon_core.verb:Building package 'mycobot_gazebo' with the following arguments: {'ament_cmake_args': None, 'build_base': '/home/tony/Gazebo/build/mycobot_gazebo', 'catkin_cmake_args': None, 'catkin_skip_building_tests': False, 'cmake_args': None, 'cmake_clean_cache': False, 'cmake_clean_first': False, 'cmake_force_configure': False, 'cmake_target': None, 'cmake_target_skip_unavailable': False, 'install_base': '/home/tony/Gazebo/install/mycobot_gazebo', 'merge_install': False, 'path': '/home/tony/Gazebo/src/mycobot_ros2/mycobot_gazebo', 'symlink_install': True, 'test_result_base': None}
[0.304s] Level 5:colcon.colcon_core.verb:set package 'mycobot_moveit2_config' build argument 'cmake_args' from command line to 'None'
[0.304s] Level 5:colcon.colcon_core.verb:set package 'mycobot_moveit2_config' build argument 'cmake_target' from command line to 'None'
[0.304s] Level 5:colcon.colcon_core.verb:set package 'mycobot_moveit2_config' build argument 'cmake_target_skip_unavailable' from command line to 'False'
[0.304s] Level 5:colcon.colcon_core.verb:set package 'mycobot_moveit2_config' build argument 'cmake_clean_cache' from command line to 'False'
[0.304s] Level 5:colcon.colcon_core.verb:set package 'mycobot_moveit2_config' build argument 'cmake_clean_first' from command line to 'False'
[0.304s] Level 5:colcon.colcon_core.verb:set package 'mycobot_moveit2_config' build argument 'cmake_force_configure' from command line to 'False'
[0.304s] Level 5:colcon.colcon_core.verb:set package 'mycobot_moveit2_config' build argument 'ament_cmake_args' from command line to 'None'
[0.304s] Level 5:colcon.colcon_core.verb:set package 'mycobot_moveit2_config' build argument 'catkin_cmake_args' from command line to 'None'
[0.304s] Level 5:colcon.colcon_core.verb:set package 'mycobot_moveit2_config' build argument 'catkin_skip_building_tests' from command line to 'False'
[0.304s] DEBUG:colcon.colcon_core.verb:Building package 'mycobot_moveit2_config' with the following arguments: {'ament_cmake_args': None, 'build_base': '/home/tony/Gazebo/build/mycobot_moveit2_config', 'catkin_cmake_args': None, 'catkin_skip_building_tests': False, 'cmake_args': None, 'cmake_clean_cache': False, 'cmake_clean_first': False, 'cmake_force_configure': False, 'cmake_target': None, 'cmake_target_skip_unavailable': False, 'install_base': '/home/tony/Gazebo/install/mycobot_moveit2_config', 'merge_install': False, 'path': '/home/tony/Gazebo/src/mycobot_ros2/mycobot_moveit2_config', 'symlink_install': True, 'test_result_base': None}
[0.304s] INFO:colcon.colcon_core.executor:Executing jobs using 'parallel' executor
[0.306s] DEBUG:colcon.colcon_parallel_executor.executor.parallel:run_until_complete
[0.306s] INFO:colcon.colcon_ros.task.ament_cmake.build:Building ROS package in '/home/tony/Gazebo/src/mycobot_ros2/mycobot_bringup' with build type 'ament_cmake'
[0.306s] INFO:colcon.colcon_cmake.task.cmake.build:Building CMake package in '/home/tony/Gazebo/src/mycobot_ros2/mycobot_bringup'
[0.309s] INFO:colcon.colcon_core.plugin_system:Skipping extension 'colcon_core.shell.bat': Not used on non-Windows systems
[0.309s] INFO:colcon.colcon_core.shell:Skip shell extension 'powershell' for command environment: Not usable outside of PowerShell
[0.309s] DEBUG:colcon.colcon_core.shell:Skip shell extension 'dsv' for command environment
[0.314s] INFO:colcon.colcon_ros.task.ament_cmake.build:Building ROS package in '/home/tony/Gazebo/src/mycobot_ros2/mycobot_description' with build type 'ament_cmake'
[0.314s] INFO:colcon.colcon_cmake.task.cmake.build:Building CMake package in '/home/tony/Gazebo/src/mycobot_ros2/mycobot_description'
[0.315s] INFO:colcon.colcon_core.shell:Skip shell extension 'powershell' for command environment: Not usable outside of PowerShell
[0.315s] DEBUG:colcon.colcon_core.shell:Skip shell extension 'dsv' for command environment
[0.319s] INFO:colcon.colcon_ros.task.ament_cmake.build:Building ROS package in '/home/tony/Gazebo/src/mycobot_ros2/mycobot_gazebo' with build type 'ament_cmake'
[0.319s] INFO:colcon.colcon_cmake.task.cmake.build:Building CMake package in '/home/tony/Gazebo/src/mycobot_ros2/mycobot_gazebo'
[0.319s] INFO:colcon.colcon_core.shell:Skip shell extension 'powershell' for command environment: Not usable outside of PowerShell
[0.319s] DEBUG:colcon.colcon_core.shell:Skip shell extension 'dsv' for command environment
[0.324s] INFO:colcon.colcon_ros.task.ament_cmake.build:Building ROS package in '/home/tony/Gazebo/src/mycobot_ros2/mycobot_moveit2_config' with build type 'ament_cmake'
[0.324s] INFO:colcon.colcon_cmake.task.cmake.build:Building CMake package in '/home/tony/Gazebo/src/mycobot_ros2/mycobot_moveit2_config'
[0.325s] INFO:colcon.colcon_core.shell:Skip shell extension 'powershell' for command environment: Not usable outside of PowerShell
[0.325s] DEBUG:colcon.colcon_core.shell:Skip shell extension 'dsv' for command environment
[0.333s] DEBUG:colcon.colcon_core.event_handler.log_command:Invoking command in '/home/tony/Gazebo/build/mycobot_bringup': CMAKE_PREFIX_PATH=${CMAKE_PREFIX_PATH}:/opt/ros/jazzy DEBUGINFOD_URLS=https://debuginfod.ubuntu.com /usr/bin/cmake --build /home/tony/Gazebo/build/mycobot_bringup -- -j16 -l16
[0.337s] DEBUG:colcon.colcon_core.event_handler.log_command:Invoking command in '/home/tony/Gazebo/build/mycobot_description': CMAKE_PREFIX_PATH=${CMAKE_PREFIX_PATH}:/opt/ros/jazzy DEBUGINFOD_URLS=https://debuginfod.ubuntu.com /usr/bin/cmake --build /home/tony/Gazebo/build/mycobot_description -- -j16 -l16
[0.341s] DEBUG:colcon.colcon_core.event_handler.log_command:Invoking command in '/home/tony/Gazebo/build/mycobot_gazebo': CMAKE_PREFIX_PATH=${CMAKE_PREFIX_PATH}:/opt/ros/jazzy DEBUGINFOD_URLS=https://debuginfod.ubuntu.com /usr/bin/cmake --build /home/tony/Gazebo/build/mycobot_gazebo -- -j16 -l16
[0.347s] DEBUG:colcon.colcon_core.event_handler.log_command:Invoking command in '/home/tony/Gazebo/build/mycobot_moveit2_config': CMAKE_PREFIX_PATH=${CMAKE_PREFIX_PATH}:/opt/ros/jazzy DEBUGINFOD_URLS=https://debuginfod.ubuntu.com /usr/bin/cmake --build /home/tony/Gazebo/build/mycobot_moveit2_config -- -j16 -l16
[0.403s] DEBUG:colcon.colcon_core.event_handler.log_command:Invoked command in '/home/tony/Gazebo/build/mycobot_moveit2_config' returned '0': CMAKE_PREFIX_PATH=${CMAKE_PREFIX_PATH}:/opt/ros/jazzy DEBUGINFOD_URLS=https://debuginfod.ubuntu.com /usr/bin/cmake --build /home/tony/Gazebo/build/mycobot_moveit2_config -- -j16 -l16
[0.412s] DEBUG:colcon.colcon_core.event_handler.log_command:Invoking command in '/home/tony/Gazebo/build/mycobot_moveit2_config': CMAKE_PREFIX_PATH=${CMAKE_PREFIX_PATH}:/opt/ros/jazzy DEBUGINFOD_URLS=https://debuginfod.ubuntu.com /usr/bin/cmake --install /home/tony/Gazebo/build/mycobot_moveit2_config
[0.413s] DEBUG:colcon.colcon_core.event_handler.log_command:Invoked command in '/home/tony/Gazebo/build/mycobot_description' returned '0': CMAKE_PREFIX_PATH=${CMAKE_PREFIX_PATH}:/opt/ros/jazzy DEBUGINFOD_URLS=https://debuginfod.ubuntu.com /usr/bin/cmake --build /home/tony/Gazebo/build/mycobot_description -- -j16 -l16
[0.415s] DEBUG:colcon.colcon_core.event_handler.log_command:Invoking command in '/home/tony/Gazebo/build/mycobot_description': CMAKE_PREFIX_PATH=${CMAKE_PREFIX_PATH}:/opt/ros/jazzy DEBUGINFOD_URLS=https://debuginfod.ubuntu.com /usr/bin/cmake --install /home/tony/Gazebo/build/mycobot_description
[0.416s] DEBUG:colcon.colcon_core.event_handler.log_command:Invoked command in '/home/tony/Gazebo/build/mycobot_bringup' returned '0': CMAKE_PREFIX_PATH=${CMAKE_PREFIX_PATH}:/opt/ros/jazzy DEBUGINFOD_URLS=https://debuginfod.ubuntu.com /usr/bin/cmake --build /home/tony/Gazebo/build/mycobot_bringup -- -j16 -l16
[0.417s] DEBUG:colcon.colcon_core.event_handler.log_command:Invoking command in '/home/tony/Gazebo/build/mycobot_bringup': CMAKE_PREFIX_PATH=${CMAKE_PREFIX_PATH}:/opt/ros/jazzy DEBUGINFOD_URLS=https://debuginfod.ubuntu.com /usr/bin/cmake --install /home/tony/Gazebo/build/mycobot_bringup
[0.421s] DEBUG:colcon.colcon_core.event_handler.log_command:Invoked command in '/home/tony/Gazebo/build/mycobot_gazebo' returned '0': CMAKE_PREFIX_PATH=${CMAKE_PREFIX_PATH}:/opt/ros/jazzy DEBUGINFOD_URLS=https://debuginfod.ubuntu.com /usr/bin/cmake --build /home/tony/Gazebo/build/mycobot_gazebo -- -j16 -l16
[0.422s] DEBUG:colcon.colcon_core.event_handler.log_command:Invoking command in '/home/tony/Gazebo/build/mycobot_gazebo': CMAKE_PREFIX_PATH=${CMAKE_PREFIX_PATH}:/opt/ros/jazzy DEBUGINFOD_URLS=https://debuginfod.ubuntu.com /usr/bin/cmake --install /home/tony/Gazebo/build/mycobot_gazebo
[0.440s] Level 1:colcon.colcon_core.environment:create_environment_scripts_only(mycobot_moveit2_config)
[0.441s] DEBUG:colcon.colcon_core.event_handler.log_command:Invoked command in '/home/tony/Gazebo/build/mycobot_moveit2_config' returned '0': CMAKE_PREFIX_PATH=${CMAKE_PREFIX_PATH}:/opt/ros/jazzy DEBUGINFOD_URLS=https://debuginfod.ubuntu.com /usr/bin/cmake --install /home/tony/Gazebo/build/mycobot_moveit2_config
[0.445s] Level 1:colcon.colcon_core.environment:checking '/home/tony/Gazebo/install/mycobot_moveit2_config' for CMake module files
[0.446s] Level 1:colcon.colcon_core.environment:checking '/home/tony/Gazebo/install/mycobot_moveit2_config' for CMake config files
[0.446s] Level 1:colcon.colcon_core.shell:create_environment_hook('mycobot_moveit2_config', 'cmake_prefix_path')
[0.446s] INFO:colcon.colcon_core.shell:Creating environment hook '/home/tony/Gazebo/install/mycobot_moveit2_config/share/mycobot_moveit2_config/hook/cmake_prefix_path.ps1'
[0.447s] INFO:colcon.colcon_core.shell:Creating environment descriptor '/home/tony/Gazebo/install/mycobot_moveit2_config/share/mycobot_moveit2_config/hook/cmake_prefix_path.dsv'
[0.448s] INFO:colcon.colcon_core.shell:Creating environment hook '/home/tony/Gazebo/install/mycobot_moveit2_config/share/mycobot_moveit2_config/hook/cmake_prefix_path.sh'
[0.450s] Level 1:colcon.colcon_core.environment:checking '/home/tony/Gazebo/install/mycobot_moveit2_config/bin'
[0.451s] Level 1:colcon.colcon_core.environment:checking '/home/tony/Gazebo/install/mycobot_moveit2_config/lib/pkgconfig/mycobot_moveit2_config.pc'
[0.451s] Level 1:colcon.colcon_core.environment:checking '/home/tony/Gazebo/install/mycobot_moveit2_config/lib/python3.12/site-packages'
[0.451s] Level 1:colcon.colcon_core.environment:checking '/home/tony/Gazebo/install/mycobot_moveit2_config/bin'
[0.451s] INFO:colcon.colcon_core.shell:Creating package script '/home/tony/Gazebo/install/mycobot_moveit2_config/share/mycobot_moveit2_config/package.ps1'
[0.453s] INFO:colcon.colcon_core.shell:Creating package descriptor '/home/tony/Gazebo/install/mycobot_moveit2_config/share/mycobot_moveit2_config/package.dsv'
[0.454s] INFO:colcon.colcon_core.shell:Creating package script '/home/tony/Gazebo/install/mycobot_moveit2_config/share/mycobot_moveit2_config/package.sh'
[0.454s] INFO:colcon.colcon_core.shell:Creating package script '/home/tony/Gazebo/install/mycobot_moveit2_config/share/mycobot_moveit2_config/package.bash'
[0.455s] INFO:colcon.colcon_core.shell:Creating package script '/home/tony/Gazebo/install/mycobot_moveit2_config/share/mycobot_moveit2_config/package.zsh'
[0.455s] Level 1:colcon.colcon_core.environment:create_file_with_runtime_dependencies(/home/tony/Gazebo/install/mycobot_moveit2_config/share/colcon-core/packages/mycobot_moveit2_config)
[0.456s] Level 1:colcon.colcon_core.environment:create_environment_scripts_only(mycobot_moveit2_config)
[0.456s] Level 1:colcon.colcon_core.environment:checking '/home/tony/Gazebo/install/mycobot_moveit2_config' for CMake module files
[0.456s] Level 1:colcon.colcon_core.environment:checking '/home/tony/Gazebo/install/mycobot_moveit2_config' for CMake config files
[0.457s] Level 1:colcon.colcon_core.shell:create_environment_hook('mycobot_moveit2_config', 'cmake_prefix_path')
[0.457s] INFO:colcon.colcon_core.shell:Creating environment hook '/home/tony/Gazebo/install/mycobot_moveit2_config/share/mycobot_moveit2_config/hook/cmake_prefix_path.ps1'
[0.457s] INFO:colcon.colcon_core.shell:Creating environment descriptor '/home/tony/Gazebo/install/mycobot_moveit2_config/share/mycobot_moveit2_config/hook/cmake_prefix_path.dsv'
[0.457s] INFO:colcon.colcon_core.shell:Creating environment hook '/home/tony/Gazebo/install/mycobot_moveit2_config/share/mycobot_moveit2_config/hook/cmake_prefix_path.sh'
[0.458s] Level 1:colcon.colcon_core.environment:checking '/home/tony/Gazebo/install/mycobot_moveit2_config/bin'
[0.458s] Level 1:colcon.colcon_core.environment:checking '/home/tony/Gazebo/install/mycobot_moveit2_config/lib/pkgconfig/mycobot_moveit2_config.pc'
[0.458s] Level 1:colcon.colcon_core.environment:checking '/home/tony/Gazebo/install/mycobot_moveit2_config/lib/python3.12/site-packages'
[0.458s] Level 1:colcon.colcon_core.environment:checking '/home/tony/Gazebo/install/mycobot_moveit2_config/bin'
[0.459s] INFO:colcon.colcon_core.shell:Creating package script '/home/tony/Gazebo/install/mycobot_moveit2_config/share/mycobot_moveit2_config/package.ps1'
[0.460s] INFO:colcon.colcon_core.shell:Creating package descriptor '/home/tony/Gazebo/install/mycobot_moveit2_config/share/mycobot_moveit2_config/package.dsv'
[0.461s] INFO:colcon.colcon_core.shell:Creating package script '/home/tony/Gazebo/install/mycobot_moveit2_config/share/mycobot_moveit2_config/package.sh'
[0.461s] INFO:colcon.colcon_core.shell:Creating package script '/home/tony/Gazebo/install/mycobot_moveit2_config/share/mycobot_moveit2_config/package.bash'
[0.461s] INFO:colcon.colcon_core.shell:Creating package script '/home/tony/Gazebo/install/mycobot_moveit2_config/share/mycobot_moveit2_config/package.zsh'
[0.461s] Level 1:colcon.colcon_core.environment:create_file_with_runtime_dependencies(/home/tony/Gazebo/install/mycobot_moveit2_config/share/colcon-core/packages/mycobot_moveit2_config)
[0.462s] Level 1:colcon.colcon_core.environment:create_environment_scripts_only(mycobot_bringup)
[0.462s] Level 1:colcon.colcon_core.environment:checking '/home/tony/Gazebo/install/mycobot_bringup' for CMake module files
[0.463s] DEBUG:colcon.colcon_core.event_handler.log_command:Invoked command in '/home/tony/Gazebo/build/mycobot_bringup' returned '0': CMAKE_PREFIX_PATH=${CMAKE_PREFIX_PATH}:/opt/ros/jazzy DEBUGINFOD_URLS=https://debuginfod.ubuntu.com /usr/bin/cmake --install /home/tony/Gazebo/build/mycobot_bringup
[0.463s] Level 1:colcon.colcon_core.environment:checking '/home/tony/Gazebo/install/mycobot_bringup' for CMake config files
[0.463s] Level 1:colcon.colcon_core.shell:create_environment_hook('mycobot_bringup', 'cmake_prefix_path')
[0.463s] INFO:colcon.colcon_core.shell:Creating environment hook '/home/tony/Gazebo/install/mycobot_bringup/share/mycobot_bringup/hook/cmake_prefix_path.ps1'
[0.464s] INFO:colcon.colcon_core.shell:Creating environment descriptor '/home/tony/Gazebo/install/mycobot_bringup/share/mycobot_bringup/hook/cmake_prefix_path.dsv'
[0.464s] INFO:colcon.colcon_core.shell:Creating environment hook '/home/tony/Gazebo/install/mycobot_bringup/share/mycobot_bringup/hook/cmake_prefix_path.sh'
[0.464s] Level 1:colcon.colcon_core.environment:checking '/home/tony/Gazebo/install/mycobot_bringup/bin'
[0.464s] Level 1:colcon.colcon_core.environment:checking '/home/tony/Gazebo/install/mycobot_bringup/lib/pkgconfig/mycobot_bringup.pc'
[0.465s] Level 1:colcon.colcon_core.environment:checking '/home/tony/Gazebo/install/mycobot_bringup/lib/python3.12/site-packages'
[0.465s] Level 1:colcon.colcon_core.environment:checking '/home/tony/Gazebo/install/mycobot_bringup/bin'
[0.465s] INFO:colcon.colcon_core.shell:Creating package script '/home/tony/Gazebo/install/mycobot_bringup/share/mycobot_bringup/package.ps1'
[0.465s] INFO:colcon.colcon_core.shell:Creating package descriptor '/home/tony/Gazebo/install/mycobot_bringup/share/mycobot_bringup/package.dsv'
[0.466s] INFO:colcon.colcon_core.shell:Creating package script '/home/tony/Gazebo/install/mycobot_bringup/share/mycobot_bringup/package.sh'
[0.466s] INFO:colcon.colcon_core.shell:Creating package script '/home/tony/Gazebo/install/mycobot_bringup/share/mycobot_bringup/package.bash'
[0.466s] INFO:colcon.colcon_core.shell:Creating package script '/home/tony/Gazebo/install/mycobot_bringup/share/mycobot_bringup/package.zsh'
[0.466s] Level 1:colcon.colcon_core.environment:create_file_with_runtime_dependencies(/home/tony/Gazebo/install/mycobot_bringup/share/colcon-core/packages/mycobot_bringup)
[0.467s] Level 1:colcon.colcon_core.environment:create_environment_scripts_only(mycobot_bringup)
[0.467s] Level 1:colcon.colcon_core.environment:checking '/home/tony/Gazebo/install/mycobot_bringup' for CMake module files
[0.467s] Level 1:colcon.colcon_core.environment:checking '/home/tony/Gazebo/install/mycobot_bringup' for CMake config files
[0.468s] Level 1:colcon.colcon_core.shell:create_environment_hook('mycobot_bringup', 'cmake_prefix_path')
[0.468s] INFO:colcon.colcon_core.shell:Creating environment hook '/home/tony/Gazebo/install/mycobot_bringup/share/mycobot_bringup/hook/cmake_prefix_path.ps1'
[0.468s] INFO:colcon.colcon_core.shell:Creating environment descriptor '/home/tony/Gazebo/install/mycobot_bringup/share/mycobot_bringup/hook/cmake_prefix_path.dsv'
[0.468s] INFO:colcon.colcon_core.shell:Creating environment hook '/home/tony/Gazebo/install/mycobot_bringup/share/mycobot_bringup/hook/cmake_prefix_path.sh'
[0.469s] Level 1:colcon.colcon_core.environment:checking '/home/tony/Gazebo/install/mycobot_bringup/bin'
[0.469s] Level 1:colcon.colcon_core.environment:checking '/home/tony/Gazebo/install/mycobot_bringup/lib/pkgconfig/mycobot_bringup.pc'
[0.469s] Level 1:colcon.colcon_core.environment:checking '/home/tony/Gazebo/install/mycobot_bringup/lib/python3.12/site-packages'
[0.469s] Level 1:colcon.colcon_core.environment:checking '/home/tony/Gazebo/install/mycobot_bringup/bin'
[0.469s] INFO:colcon.colcon_core.shell:Creating package script '/home/tony/Gazebo/install/mycobot_bringup/share/mycobot_bringup/package.ps1'
[0.470s] INFO:colcon.colcon_core.shell:Creating package descriptor '/home/tony/Gazebo/install/mycobot_bringup/share/mycobot_bringup/package.dsv'
[0.470s] INFO:colcon.colcon_core.shell:Creating package script '/home/tony/Gazebo/install/mycobot_bringup/share/mycobot_bringup/package.sh'
[0.471s] INFO:colcon.colcon_core.shell:Creating package script '/home/tony/Gazebo/install/mycobot_bringup/share/mycobot_bringup/package.bash'
[0.471s] INFO:colcon.colcon_core.shell:Creating package script '/home/tony/Gazebo/install/mycobot_bringup/share/mycobot_bringup/package.zsh'
[0.472s] Level 1:colcon.colcon_core.environment:create_file_with_runtime_dependencies(/home/tony/Gazebo/install/mycobot_bringup/share/colcon-core/packages/mycobot_bringup)
[0.473s] Level 1:colcon.colcon_core.environment:create_environment_scripts_only(mycobot_description)
[0.473s] Level 1:colcon.colcon_core.environment:checking '/home/tony/Gazebo/install/mycobot_description' for CMake module files
[0.474s] DEBUG:colcon.colcon_core.event_handler.log_command:Invoked command in '/home/tony/Gazebo/build/mycobot_description' returned '0': CMAKE_PREFIX_PATH=${CMAKE_PREFIX_PATH}:/opt/ros/jazzy DEBUGINFOD_URLS=https://debuginfod.ubuntu.com /usr/bin/cmake --install /home/tony/Gazebo/build/mycobot_description
[0.474s] Level 1:colcon.colcon_core.environment:checking '/home/tony/Gazebo/install/mycobot_description' for CMake config files
[0.475s] Level 1:colcon.colcon_core.shell:create_environment_hook('mycobot_description', 'cmake_prefix_path')
[0.475s] INFO:colcon.colcon_core.shell:Creating environment hook '/home/tony/Gazebo/install/mycobot_description/share/mycobot_description/hook/cmake_prefix_path.ps1'
[0.476s] INFO:colcon.colcon_core.shell:Creating environment descriptor '/home/tony/Gazebo/install/mycobot_description/share/mycobot_description/hook/cmake_prefix_path.dsv'
[0.477s] INFO:colcon.colcon_core.shell:Creating environment hook '/home/tony/Gazebo/install/mycobot_description/share/mycobot_description/hook/cmake_prefix_path.sh'
[0.478s] Level 1:colcon.colcon_core.environment:checking '/home/tony/Gazebo/install/mycobot_description/bin'
[0.478s] Level 1:colcon.colcon_core.environment:checking '/home/tony/Gazebo/install/mycobot_description/lib/pkgconfig/mycobot_description.pc'
[0.478s] Level 1:colcon.colcon_core.environment:checking '/home/tony/Gazebo/install/mycobot_description/lib/python3.12/site-packages'
[0.478s] Level 1:colcon.colcon_core.environment:checking '/home/tony/Gazebo/install/mycobot_description/bin'
[0.479s] INFO:colcon.colcon_core.shell:Creating package script '/home/tony/Gazebo/install/mycobot_description/share/mycobot_description/package.ps1'
[0.479s] INFO:colcon.colcon_core.shell:Creating package descriptor '/home/tony/Gazebo/install/mycobot_description/share/mycobot_description/package.dsv'
[0.480s] INFO:colcon.colcon_core.shell:Creating package script '/home/tony/Gazebo/install/mycobot_description/share/mycobot_description/package.sh'
[0.480s] INFO:colcon.colcon_core.shell:Creating package script '/home/tony/Gazebo/install/mycobot_description/share/mycobot_description/package.bash'
[0.480s] INFO:colcon.colcon_core.shell:Creating package script '/home/tony/Gazebo/install/mycobot_description/share/mycobot_description/package.zsh'
[0.481s] Level 1:colcon.colcon_core.environment:create_file_with_runtime_dependencies(/home/tony/Gazebo/install/mycobot_description/share/colcon-core/packages/mycobot_description)
[0.481s] Level 1:colcon.colcon_core.environment:create_environment_scripts_only(mycobot_description)
[0.482s] Level 1:colcon.colcon_core.environment:checking '/home/tony/Gazebo/install/mycobot_description' for CMake module files
[0.482s] Level 1:colcon.colcon_core.environment:checking '/home/tony/Gazebo/install/mycobot_description' for CMake config files
[0.483s] Level 1:colcon.colcon_core.shell:create_environment_hook('mycobot_description', 'cmake_prefix_path')
[0.483s] INFO:colcon.colcon_core.shell:Creating environment hook '/home/tony/Gazebo/install/mycobot_description/share/mycobot_description/hook/cmake_prefix_path.ps1'
[0.483s] INFO:colcon.colcon_core.shell:Creating environment descriptor '/home/tony/Gazebo/install/mycobot_description/share/mycobot_description/hook/cmake_prefix_path.dsv'
[0.484s] INFO:colcon.colcon_core.shell:Creating environment hook '/home/tony/Gazebo/install/mycobot_description/share/mycobot_description/hook/cmake_prefix_path.sh'
[0.484s] Level 1:colcon.colcon_core.environment:checking '/home/tony/Gazebo/install/mycobot_description/bin'
[0.484s] Level 1:colcon.colcon_core.environment:checking '/home/tony/Gazebo/install/mycobot_description/lib/pkgconfig/mycobot_description.pc'
[0.484s] Level 1:colcon.colcon_core.environment:checking '/home/tony/Gazebo/install/mycobot_description/lib/python3.12/site-packages'
[0.485s] Level 1:colcon.colcon_core.environment:checking '/home/tony/Gazebo/install/mycobot_description/bin'
[0.485s] INFO:colcon.colcon_core.shell:Creating package script '/home/tony/Gazebo/install/mycobot_description/share/mycobot_description/package.ps1'
[0.486s] INFO:colcon.colcon_core.shell:Creating package descriptor '/home/tony/Gazebo/install/mycobot_description/share/mycobot_description/package.dsv'
[0.487s] INFO:colcon.colcon_core.shell:Creating package script '/home/tony/Gazebo/install/mycobot_description/share/mycobot_description/package.sh'
[0.487s] INFO:colcon.colcon_core.shell:Creating package script '/home/tony/Gazebo/install/mycobot_description/share/mycobot_description/package.bash'
[0.487s] INFO:colcon.colcon_core.shell:Creating package script '/home/tony/Gazebo/install/mycobot_description/share/mycobot_description/package.zsh'
[0.488s] Level 1:colcon.colcon_core.environment:create_file_with_runtime_dependencies(/home/tony/Gazebo/install/mycobot_description/share/colcon-core/packages/mycobot_description)
[0.488s] Level 1:colcon.colcon_core.environment:create_environment_scripts_only(mycobot_gazebo)
[0.488s] Level 1:colcon.colcon_core.environment:checking '/home/tony/Gazebo/install/mycobot_gazebo' for CMake module files
[0.489s] DEBUG:colcon.colcon_core.event_handler.log_command:Invoked command in '/home/tony/Gazebo/build/mycobot_gazebo' returned '0': CMAKE_PREFIX_PATH=${CMAKE_PREFIX_PATH}:/opt/ros/jazzy DEBUGINFOD_URLS=https://debuginfod.ubuntu.com /usr/bin/cmake --install /home/tony/Gazebo/build/mycobot_gazebo
[0.489s] Level 1:colcon.colcon_core.environment:checking '/home/tony/Gazebo/install/mycobot_gazebo' for CMake config files
[0.490s] Level 1:colcon.colcon_core.shell:create_environment_hook('mycobot_gazebo', 'cmake_prefix_path')
[0.490s] INFO:colcon.colcon_core.shell:Creating environment hook '/home/tony/Gazebo/install/mycobot_gazebo/share/mycobot_gazebo/hook/cmake_prefix_path.ps1'
[0.490s] INFO:colcon.colcon_core.shell:Creating environment descriptor '/home/tony/Gazebo/install/mycobot_gazebo/share/mycobot_gazebo/hook/cmake_prefix_path.dsv'
[0.490s] INFO:colcon.colcon_core.shell:Creating environment hook '/home/tony/Gazebo/install/mycobot_gazebo/share/mycobot_gazebo/hook/cmake_prefix_path.sh'
[0.491s] Level 1:colcon.colcon_core.environment:checking '/home/tony/Gazebo/install/mycobot_gazebo/bin'
[0.491s] Level 1:colcon.colcon_core.environment:checking '/home/tony/Gazebo/install/mycobot_gazebo/lib/pkgconfig/mycobot_gazebo.pc'
[0.491s] Level 1:colcon.colcon_core.environment:checking '/home/tony/Gazebo/install/mycobot_gazebo/lib/python3.12/site-packages'
[0.491s] Level 1:colcon.colcon_core.environment:checking '/home/tony/Gazebo/install/mycobot_gazebo/bin'
[0.492s] INFO:colcon.colcon_core.shell:Creating package script '/home/tony/Gazebo/install/mycobot_gazebo/share/mycobot_gazebo/package.ps1'
[0.492s] INFO:colcon.colcon_core.shell:Creating package descriptor '/home/tony/Gazebo/install/mycobot_gazebo/share/mycobot_gazebo/package.dsv'
[0.492s] INFO:colcon.colcon_core.shell:Creating package script '/home/tony/Gazebo/install/mycobot_gazebo/share/mycobot_gazebo/package.sh'
[0.493s] INFO:colcon.colcon_core.shell:Creating package script '/home/tony/Gazebo/install/mycobot_gazebo/share/mycobot_gazebo/package.bash'
[0.493s] INFO:colcon.colcon_core.shell:Creating package script '/home/tony/Gazebo/install/mycobot_gazebo/share/mycobot_gazebo/package.zsh'
[0.493s] Level 1:colcon.colcon_core.environment:create_file_with_runtime_dependencies(/home/tony/Gazebo/install/mycobot_gazebo/share/colcon-core/packages/mycobot_gazebo)
[0.494s] Level 1:colcon.colcon_core.environment:create_environment_scripts_only(mycobot_gazebo)
[0.494s] Level 1:colcon.colcon_core.environment:checking '/home/tony/Gazebo/install/mycobot_gazebo' for CMake module files
[0.494s] Level 1:colcon.colcon_core.environment:checking '/home/tony/Gazebo/install/mycobot_gazebo' for CMake config files
[0.494s] Level 1:colcon.colcon_core.shell:create_environment_hook('mycobot_gazebo', 'cmake_prefix_path')
[0.495s] INFO:colcon.colcon_core.shell:Creating environment hook '/home/tony/Gazebo/install/mycobot_gazebo/share/mycobot_gazebo/hook/cmake_prefix_path.ps1'
[0.495s] INFO:colcon.colcon_core.shell:Creating environment descriptor '/home/tony/Gazebo/install/mycobot_gazebo/share/mycobot_gazebo/hook/cmake_prefix_path.dsv'
[0.495s] INFO:colcon.colcon_core.shell:Creating environment hook '/home/tony/Gazebo/install/mycobot_gazebo/share/mycobot_gazebo/hook/cmake_prefix_path.sh'
[0.496s] Level 1:colcon.colcon_core.environment:checking '/home/tony/Gazebo/install/mycobot_gazebo/bin'
[0.496s] Level 1:colcon.colcon_core.environment:checking '/home/tony/Gazebo/install/mycobot_gazebo/lib/pkgconfig/mycobot_gazebo.pc'
[0.496s] Level 1:colcon.colcon_core.environment:checking '/home/tony/Gazebo/install/mycobot_gazebo/lib/python3.12/site-packages'
[0.497s] Level 1:colcon.colcon_core.environment:checking '/home/tony/Gazebo/install/mycobot_gazebo/bin'
[0.497s] INFO:colcon.colcon_core.shell:Creating package script '/home/tony/Gazebo/install/mycobot_gazebo/share/mycobot_gazebo/package.ps1'
[0.498s] INFO:colcon.colcon_core.shell:Creating package descriptor '/home/tony/Gazebo/install/mycobot_gazebo/share/mycobot_gazebo/package.dsv'
[0.498s] INFO:colcon.colcon_core.shell:Creating package script '/home/tony/Gazebo/install/mycobot_gazebo/share/mycobot_gazebo/package.sh'
[0.499s] INFO:colcon.colcon_core.shell:Creating package script '/home/tony/Gazebo/install/mycobot_gazebo/share/mycobot_gazebo/package.bash'
[0.499s] INFO:colcon.colcon_core.shell:Creating package script '/home/tony/Gazebo/install/mycobot_gazebo/share/mycobot_gazebo/package.zsh'
[0.500s] Level 1:colcon.colcon_core.environment:create_file_with_runtime_dependencies(/home/tony/Gazebo/install/mycobot_gazebo/share/colcon-core/packages/mycobot_gazebo)
[0.500s] DEBUG:colcon.colcon_parallel_executor.executor.parallel:closing loop
[0.500s] DEBUG:colcon.colcon_parallel_executor.executor.parallel:loop closed
[0.500s] DEBUG:colcon.colcon_parallel_executor.executor.parallel:run_until_complete finished with '0'
[0.500s] DEBUG:colcon.colcon_core.event_reactor:joining thread
[0.506s] INFO:colcon.colcon_core.plugin_system:Skipping extension 'colcon_notification.desktop_notification.terminal_notifier': Not used on non-Darwin systems
[0.506s] INFO:colcon.colcon_core.plugin_system:Skipping extension 'colcon_notification.desktop_notification.win32': Not used on non-Windows systems
[0.506s] INFO:colcon.colcon_notification.desktop_notification:Sending desktop notification using 'notify2'
[0.521s] DEBUG:colcon.colcon_core.event_reactor:joined thread
[0.521s] INFO:colcon.colcon_core.shell:Creating prefix script '/home/tony/Gazebo/install/local_setup.ps1'
[0.522s] INFO:colcon.colcon_core.shell:Creating prefix util module '/home/tony/Gazebo/install/_local_setup_util_ps1.py'
[0.523s] INFO:colcon.colcon_core.shell:Creating prefix chain script '/home/tony/Gazebo/install/setup.ps1'
[0.524s] INFO:colcon.colcon_core.shell:Creating prefix script '/home/tony/Gazebo/install/local_setup.sh'
[0.525s] INFO:colcon.colcon_core.shell:Creating prefix util module '/home/tony/Gazebo/install/_local_setup_util_sh.py'
[0.525s] INFO:colcon.colcon_core.shell:Creating prefix chain script '/home/tony/Gazebo/install/setup.sh'
[0.526s] INFO:colcon.colcon_core.shell:Creating prefix script '/home/tony/Gazebo/install/local_setup.bash'
[0.526s] INFO:colcon.colcon_core.shell:Creating prefix chain script '/home/tony/Gazebo/install/setup.bash'
[0.527s] INFO:colcon.colcon_core.shell:Creating prefix script '/home/tony/Gazebo/install/local_setup.zsh'
[0.528s] INFO:colcon.colcon_core.shell:Creating prefix chain script '/home/tony/Gazebo/install/setup.zsh'
