[0.025s] Invoking command in '/home/tony/Gazebo/build/mycobot_moveit2_config': CMAKE_PREFIX_PATH=${CMAKE_PREFIX_PATH}:/opt/ros/jazzy DEBUGINFOD_URLS=https://debuginfod.ubuntu.com /usr/bin/cmake /home/tony/Gazebo/src/mycobot_ros2/mycobot_moveit2_config -DAMENT_CMAKE_SYMLINK_INSTALL=1 -DCMAKE_INSTALL_PREFIX=/home/tony/Gazebo/install/mycobot_moveit2_config
[0.131s] -- The C compiler identification is GNU 13.3.0
[0.215s] -- The CXX compiler identification is GNU 13.3.0
[0.236s] -- Detecting C compiler ABI info
[0.336s] -- Detecting C compiler ABI info - done
[0.347s] -- Check for working C compiler: /usr/bin/cc - skipped
[0.348s] -- Detecting C compile features
[0.348s] -- Detecting C compile features - done
[0.359s] -- Detecting CXX compiler ABI info
[0.463s] -- Detecting CXX compiler ABI info - done
[0.474s] -- Check for working CXX compiler: /usr/bin/c++ - skipped
[0.474s] -- Detecting CXX compile features
[0.475s] -- Detecting CXX compile features - done
[0.481s] -- Found ament_cmake: 2.5.6 (/opt/ros/jazzy/share/ament_cmake/cmake)
[0.733s] -- Found Python3: /usr/bin/python3 (found version "3.12.3") found components: Interpreter 
[0.874s] -- Override CMake install command with custom implementation using symlinks instead of copying resources
[0.924s] -- Found ament_lint_auto: 0.17.5 (/opt/ros/jazzy/share/ament_lint_auto/cmake)
[1.050s] -- Added test 'flake8' to check Python code syntax and style conventions
[1.050s] -- Configured 'flake8' exclude dirs and/or files: 
[1.051s] -- Added test 'lint_cmake' to check CMake code style
[1.051s] -- Added test 'pep257' to check Python code against some of the docstring style conventions in PEP 257
[1.053s] -- Added test 'xmllint' to check XML markup files
[1.054s] -- Configuring done (1.0s)
[1.057s] -- Generating done (0.0s)
[1.058s] -- Build files have been written to: /home/tony/Gazebo/build/mycobot_moveit2_config
[1.063s] Invoked command in '/home/tony/Gazebo/build/mycobot_moveit2_config' returned '0': CMAKE_PREFIX_PATH=${CMAKE_PREFIX_PATH}:/opt/ros/jazzy DEBUGINFOD_URLS=https://debuginfod.ubuntu.com /usr/bin/cmake /home/tony/Gazebo/src/mycobot_ros2/mycobot_moveit2_config -DAMENT_CMAKE_SYMLINK_INSTALL=1 -DCMAKE_INSTALL_PREFIX=/home/tony/Gazebo/install/mycobot_moveit2_config
[1.064s] Invoking command in '/home/tony/Gazebo/build/mycobot_moveit2_config': CMAKE_PREFIX_PATH=${CMAKE_PREFIX_PATH}:/opt/ros/jazzy DEBUGINFOD_URLS=https://debuginfod.ubuntu.com /usr/bin/cmake --build /home/tony/Gazebo/build/mycobot_moveit2_config -- -j16 -l16
[1.115s] Invoked command in '/home/tony/Gazebo/build/mycobot_moveit2_config' returned '0': CMAKE_PREFIX_PATH=${CMAKE_PREFIX_PATH}:/opt/ros/jazzy DEBUGINFOD_URLS=https://debuginfod.ubuntu.com /usr/bin/cmake --build /home/tony/Gazebo/build/mycobot_moveit2_config -- -j16 -l16
[1.116s] Invoking command in '/home/tony/Gazebo/build/mycobot_moveit2_config': CMAKE_PREFIX_PATH=${CMAKE_PREFIX_PATH}:/opt/ros/jazzy DEBUGINFOD_URLS=https://debuginfod.ubuntu.com /usr/bin/cmake --install /home/tony/Gazebo/build/mycobot_moveit2_config
[1.125s] -- Install configuration: ""
[1.125s] -- Execute custom install script
[1.126s] -- Symlinking: /home/tony/Gazebo/install/mycobot_moveit2_config/share/mycobot_moveit2_config/launch/ros2_controllers.launch.py
[1.133s] -- Symlinking: /home/tony/Gazebo/install/mycobot_moveit2_config/share/mycobot_moveit2_config/config/mycobot_280/ros2_controllers.yaml
[1.141s] -- Symlinking: /home/tony/Gazebo/install/mycobot_moveit2_config/share/mycobot_moveit2_config/config/mycobot_280/ros2_controllers_template.yaml
[1.149s] -- Symlinking: /home/tony/Gazebo/install/mycobot_moveit2_config/share/ament_index/resource_index/package_run_dependencies/mycobot_moveit2_config
[1.157s] -- Symlinking: /home/tony/Gazebo/install/mycobot_moveit2_config/share/ament_index/resource_index/parent_prefix_path/mycobot_moveit2_config
[1.165s] -- Symlinking: /home/tony/Gazebo/install/mycobot_moveit2_config/share/mycobot_moveit2_config/environment/ament_prefix_path.sh
[1.173s] -- Symlinking: /home/tony/Gazebo/install/mycobot_moveit2_config/share/mycobot_moveit2_config/environment/ament_prefix_path.dsv
[1.181s] -- Symlinking: /home/tony/Gazebo/install/mycobot_moveit2_config/share/mycobot_moveit2_config/environment/path.sh
[1.189s] -- Symlinking: /home/tony/Gazebo/install/mycobot_moveit2_config/share/mycobot_moveit2_config/environment/path.dsv
[1.199s] -- Symlinking: /home/tony/Gazebo/install/mycobot_moveit2_config/share/mycobot_moveit2_config/local_setup.bash
[1.210s] -- Symlinking: /home/tony/Gazebo/install/mycobot_moveit2_config/share/mycobot_moveit2_config/local_setup.sh
[1.218s] -- Symlinking: /home/tony/Gazebo/install/mycobot_moveit2_config/share/mycobot_moveit2_config/local_setup.zsh
[1.229s] -- Symlinking: /home/tony/Gazebo/install/mycobot_moveit2_config/share/mycobot_moveit2_config/local_setup.dsv
[1.237s] -- Symlinking: /home/tony/Gazebo/install/mycobot_moveit2_config/share/mycobot_moveit2_config/package.dsv
[1.246s] -- Symlinking: /home/tony/Gazebo/install/mycobot_moveit2_config/share/ament_index/resource_index/packages/mycobot_moveit2_config
[1.254s] -- Symlinking: /home/tony/Gazebo/install/mycobot_moveit2_config/share/mycobot_moveit2_config/cmake/mycobot_moveit2_configConfig.cmake
[1.263s] -- Symlinking: /home/tony/Gazebo/install/mycobot_moveit2_config/share/mycobot_moveit2_config/cmake/mycobot_moveit2_configConfig-version.cmake
[1.271s] -- Symlinking: /home/tony/Gazebo/install/mycobot_moveit2_config/share/mycobot_moveit2_config/package.xml
[1.281s] Invoked command in '/home/tony/Gazebo/build/mycobot_moveit2_config' returned '0': CMAKE_PREFIX_PATH=${CMAKE_PREFIX_PATH}:/opt/ros/jazzy DEBUGINFOD_URLS=https://debuginfod.ubuntu.com /usr/bin/cmake --install /home/tony/Gazebo/build/mycobot_moveit2_config
