[0.127s] DEBUG:colcon:Command line arguments: ['/usr/bin/colcon', 'build', '--symlink-install']
[0.127s] DEBUG:colcon:Parsed command line arguments: Namespace(log_base=None, log_level=None, verb_name='build', build_base='build', install_base='install', merge_install=False, symlink_install=True, test_result_base=None, continue_on_error=False, executor='parallel', parallel_workers=16, event_handlers=None, ignore_user_meta=False, metas=['./colcon.meta'], base_paths=['.'], packages_ignore=None, packages_ignore_regex=None, paths=None, packages_up_to=None, packages_up_to_regex=None, packages_above=None, packages_above_and_dependencies=None, packages_above_depth=None, packages_select_by_dep=None, packages_skip_by_dep=None, packages_skip_up_to=None, packages_select_build_failed=False, packages_skip_build_finished=False, packages_select_test_failures=False, packages_skip_test_passed=False, packages_select=None, packages_skip=None, packages_select_regex=None, packages_skip_regex=None, packages_start=None, packages_end=None, allow_overriding=[], cmake_args=None, cmake_target=None, cmake_target_skip_unavailable=False, cmake_clean_cache=False, cmake_clean_first=False, cmake_force_configure=False, ament_cmake_args=None, catkin_cmake_args=None, catkin_skip_building_tests=False, mixin_files=None, mixin=None, verb_parser=<colcon_mixin.mixin.mixin_argument.MixinArgumentDecorator object at 0x706fa71a13d0>, verb_extension=<colcon_core.verb.build.BuildVerb object at 0x706fa71a11f0>, main=<bound method BuildVerb.main of <colcon_core.verb.build.BuildVerb object at 0x706fa71a11f0>>, mixin_verb=('build',))
[0.168s] Level 1:colcon.colcon_core.package_discovery:discover_packages(colcon_meta) check parameters
[0.169s] Level 1:colcon.colcon_core.package_discovery:discover_packages(recursive) check parameters
[0.169s] Level 1:colcon.colcon_core.package_discovery:discover_packages(ignore) check parameters
[0.169s] Level 1:colcon.colcon_core.package_discovery:discover_packages(path) check parameters
[0.169s] Level 1:colcon.colcon_core.package_discovery:discover_packages(colcon_meta) discover
[0.169s] Level 1:colcon.colcon_core.package_discovery:discover_packages(recursive) discover
[0.169s] INFO:colcon.colcon_core.package_discovery:Crawling recursively for packages in '/home/tony/Gazebo'
[0.169s] Level 1:colcon.colcon_core.package_identification:_identify(.) by extensions ['ignore', 'ignore_ament_install']
[0.169s] Level 1:colcon.colcon_core.package_identification:_identify(.) by extension 'ignore'
[0.169s] Level 1:colcon.colcon_core.package_identification:_identify(.) by extension 'ignore_ament_install'
[0.169s] Level 1:colcon.colcon_core.package_identification:_identify(.) by extensions ['colcon_pkg']
[0.169s] Level 1:colcon.colcon_core.package_identification:_identify(.) by extension 'colcon_pkg'
[0.169s] Level 1:colcon.colcon_core.package_identification:_identify(.) by extensions ['colcon_meta']
[0.169s] Level 1:colcon.colcon_core.package_identification:_identify(.) by extension 'colcon_meta'
[0.169s] Level 1:colcon.colcon_core.package_identification:_identify(.) by extensions ['ros']
[0.169s] Level 1:colcon.colcon_core.package_identification:_identify(.) by extension 'ros'
[0.210s] Level 1:colcon.colcon_core.package_identification:_identify(.) by extensions ['cmake', 'python']
[0.210s] Level 1:colcon.colcon_core.package_identification:_identify(.) by extension 'cmake'
[0.210s] Level 1:colcon.colcon_core.package_identification:_identify(.) by extension 'python'
[0.211s] Level 1:colcon.colcon_core.package_identification:_identify(.) by extensions ['python_setup_py']
[0.211s] Level 1:colcon.colcon_core.package_identification:_identify(.) by extension 'python_setup_py'
[0.211s] Level 1:colcon.colcon_core.package_identification:_identify(build) by extensions ['ignore', 'ignore_ament_install']
[0.211s] Level 1:colcon.colcon_core.package_identification:_identify(build) by extension 'ignore'
[0.211s] Level 1:colcon.colcon_core.package_identification:_identify(build) ignored
[0.211s] Level 1:colcon.colcon_core.package_identification:_identify(install) by extensions ['ignore', 'ignore_ament_install']
[0.211s] Level 1:colcon.colcon_core.package_identification:_identify(install) by extension 'ignore'
[0.212s] Level 1:colcon.colcon_core.package_identification:_identify(install) ignored
[0.212s] Level 1:colcon.colcon_core.package_identification:_identify(log) by extensions ['ignore', 'ignore_ament_install']
[0.212s] Level 1:colcon.colcon_core.package_identification:_identify(log) by extension 'ignore'
[0.212s] Level 1:colcon.colcon_core.package_identification:_identify(log) ignored
[0.212s] Level 1:colcon.colcon_core.package_identification:_identify(src) by extensions ['ignore', 'ignore_ament_install']
[0.212s] Level 1:colcon.colcon_core.package_identification:_identify(src) by extension 'ignore'
[0.212s] Level 1:colcon.colcon_core.package_identification:_identify(src) by extension 'ignore_ament_install'
[0.212s] Level 1:colcon.colcon_core.package_identification:_identify(src) by extensions ['colcon_pkg']
[0.212s] Level 1:colcon.colcon_core.package_identification:_identify(src) by extension 'colcon_pkg'
[0.212s] Level 1:colcon.colcon_core.package_identification:_identify(src) by extensions ['colcon_meta']
[0.212s] Level 1:colcon.colcon_core.package_identification:_identify(src) by extension 'colcon_meta'
[0.212s] Level 1:colcon.colcon_core.package_identification:_identify(src) by extensions ['ros']
[0.213s] Level 1:colcon.colcon_core.package_identification:_identify(src) by extension 'ros'
[0.213s] Level 1:colcon.colcon_core.package_identification:_identify(src) by extensions ['cmake', 'python']
[0.213s] Level 1:colcon.colcon_core.package_identification:_identify(src) by extension 'cmake'
[0.213s] Level 1:colcon.colcon_core.package_identification:_identify(src) by extension 'python'
[0.213s] Level 1:colcon.colcon_core.package_identification:_identify(src) by extensions ['python_setup_py']
[0.213s] Level 1:colcon.colcon_core.package_identification:_identify(src) by extension 'python_setup_py'
[0.213s] Level 1:colcon.colcon_core.package_identification:_identify(src/mycobot_ros2) by extensions ['ignore', 'ignore_ament_install']
[0.213s] Level 1:colcon.colcon_core.package_identification:_identify(src/mycobot_ros2) by extension 'ignore'
[0.213s] Level 1:colcon.colcon_core.package_identification:_identify(src/mycobot_ros2) by extension 'ignore_ament_install'
[0.213s] Level 1:colcon.colcon_core.package_identification:_identify(src/mycobot_ros2) by extensions ['colcon_pkg']
[0.213s] Level 1:colcon.colcon_core.package_identification:_identify(src/mycobot_ros2) by extension 'colcon_pkg'
[0.213s] Level 1:colcon.colcon_core.package_identification:_identify(src/mycobot_ros2) by extensions ['colcon_meta']
[0.213s] Level 1:colcon.colcon_core.package_identification:_identify(src/mycobot_ros2) by extension 'colcon_meta'
[0.213s] Level 1:colcon.colcon_core.package_identification:_identify(src/mycobot_ros2) by extensions ['ros']
[0.213s] Level 1:colcon.colcon_core.package_identification:_identify(src/mycobot_ros2) by extension 'ros'
[0.214s] Level 1:colcon.colcon_core.package_identification:_identify(src/mycobot_ros2) by extensions ['cmake', 'python']
[0.214s] Level 1:colcon.colcon_core.package_identification:_identify(src/mycobot_ros2) by extension 'cmake'
[0.214s] Level 1:colcon.colcon_core.package_identification:_identify(src/mycobot_ros2) by extension 'python'
[0.214s] Level 1:colcon.colcon_core.package_identification:_identify(src/mycobot_ros2) by extensions ['python_setup_py']
[0.214s] Level 1:colcon.colcon_core.package_identification:_identify(src/mycobot_ros2) by extension 'python_setup_py'
[0.214s] Level 1:colcon.colcon_core.package_identification:_identify(src/mycobot_ros2/build) by extensions ['ignore', 'ignore_ament_install']
[0.214s] Level 1:colcon.colcon_core.package_identification:_identify(src/mycobot_ros2/build) by extension 'ignore'
[0.214s] Level 1:colcon.colcon_core.package_identification:_identify(src/mycobot_ros2/build) ignored
[0.214s] Level 1:colcon.colcon_core.package_identification:_identify(src/mycobot_ros2/install) by extensions ['ignore', 'ignore_ament_install']
[0.214s] Level 1:colcon.colcon_core.package_identification:_identify(src/mycobot_ros2/install) by extension 'ignore'
[0.214s] Level 1:colcon.colcon_core.package_identification:_identify(src/mycobot_ros2/install) ignored
[0.214s] Level 1:colcon.colcon_core.package_identification:_identify(src/mycobot_ros2/log) by extensions ['ignore', 'ignore_ament_install']
[0.215s] Level 1:colcon.colcon_core.package_identification:_identify(src/mycobot_ros2/log) by extension 'ignore'
[0.215s] Level 1:colcon.colcon_core.package_identification:_identify(src/mycobot_ros2/log) ignored
[0.215s] Level 1:colcon.colcon_core.package_identification:_identify(src/mycobot_ros2/mycobot_bringup) by extensions ['ignore', 'ignore_ament_install']
[0.215s] Level 1:colcon.colcon_core.package_identification:_identify(src/mycobot_ros2/mycobot_bringup) by extension 'ignore'
[0.215s] Level 1:colcon.colcon_core.package_identification:_identify(src/mycobot_ros2/mycobot_bringup) by extension 'ignore_ament_install'
[0.215s] Level 1:colcon.colcon_core.package_identification:_identify(src/mycobot_ros2/mycobot_bringup) by extensions ['colcon_pkg']
[0.215s] Level 1:colcon.colcon_core.package_identification:_identify(src/mycobot_ros2/mycobot_bringup) by extension 'colcon_pkg'
[0.215s] Level 1:colcon.colcon_core.package_identification:_identify(src/mycobot_ros2/mycobot_bringup) by extensions ['colcon_meta']
[0.215s] Level 1:colcon.colcon_core.package_identification:_identify(src/mycobot_ros2/mycobot_bringup) by extension 'colcon_meta'
[0.215s] Level 1:colcon.colcon_core.package_identification:_identify(src/mycobot_ros2/mycobot_bringup) by extensions ['ros']
[0.215s] Level 1:colcon.colcon_core.package_identification:_identify(src/mycobot_ros2/mycobot_bringup) by extension 'ros'
[0.218s] DEBUG:colcon.colcon_core.package_identification:Package 'src/mycobot_ros2/mycobot_bringup' with type 'ros.ament_cmake' and name 'mycobot_bringup'
[0.218s] Level 1:colcon.colcon_core.package_identification:_identify(src/mycobot_ros2/mycobot_description) by extensions ['ignore', 'ignore_ament_install']
[0.218s] Level 1:colcon.colcon_core.package_identification:_identify(src/mycobot_ros2/mycobot_description) by extension 'ignore'
[0.218s] Level 1:colcon.colcon_core.package_identification:_identify(src/mycobot_ros2/mycobot_description) by extension 'ignore_ament_install'
[0.218s] Level 1:colcon.colcon_core.package_identification:_identify(src/mycobot_ros2/mycobot_description) by extensions ['colcon_pkg']
[0.218s] Level 1:colcon.colcon_core.package_identification:_identify(src/mycobot_ros2/mycobot_description) by extension 'colcon_pkg'
[0.218s] Level 1:colcon.colcon_core.package_identification:_identify(src/mycobot_ros2/mycobot_description) by extensions ['colcon_meta']
[0.218s] Level 1:colcon.colcon_core.package_identification:_identify(src/mycobot_ros2/mycobot_description) by extension 'colcon_meta'
[0.218s] Level 1:colcon.colcon_core.package_identification:_identify(src/mycobot_ros2/mycobot_description) by extensions ['ros']
[0.218s] Level 1:colcon.colcon_core.package_identification:_identify(src/mycobot_ros2/mycobot_description) by extension 'ros'
[0.219s] DEBUG:colcon.colcon_core.package_identification:Package 'src/mycobot_ros2/mycobot_description' with type 'ros.ament_cmake' and name 'mycobot_description'
[0.219s] Level 1:colcon.colcon_core.package_identification:_identify(src/mycobot_ros2/mycobot_gazebo) by extensions ['ignore', 'ignore_ament_install']
[0.219s] Level 1:colcon.colcon_core.package_identification:_identify(src/mycobot_ros2/mycobot_gazebo) by extension 'ignore'
[0.219s] Level 1:colcon.colcon_core.package_identification:_identify(src/mycobot_ros2/mycobot_gazebo) by extension 'ignore_ament_install'
[0.219s] Level 1:colcon.colcon_core.package_identification:_identify(src/mycobot_ros2/mycobot_gazebo) by extensions ['colcon_pkg']
[0.219s] Level 1:colcon.colcon_core.package_identification:_identify(src/mycobot_ros2/mycobot_gazebo) by extension 'colcon_pkg'
[0.219s] Level 1:colcon.colcon_core.package_identification:_identify(src/mycobot_ros2/mycobot_gazebo) by extensions ['colcon_meta']
[0.219s] Level 1:colcon.colcon_core.package_identification:_identify(src/mycobot_ros2/mycobot_gazebo) by extension 'colcon_meta'
[0.219s] Level 1:colcon.colcon_core.package_identification:_identify(src/mycobot_ros2/mycobot_gazebo) by extensions ['ros']
[0.219s] Level 1:colcon.colcon_core.package_identification:_identify(src/mycobot_ros2/mycobot_gazebo) by extension 'ros'
[0.220s] DEBUG:colcon.colcon_core.package_identification:Package 'src/mycobot_ros2/mycobot_gazebo' with type 'ros.ament_cmake' and name 'mycobot_gazebo'
[0.220s] Level 1:colcon.colcon_core.package_identification:_identify(src/mycobot_ros2/mycobot_moveit2_config) by extensions ['ignore', 'ignore_ament_install']
[0.220s] Level 1:colcon.colcon_core.package_identification:_identify(src/mycobot_ros2/mycobot_moveit2_config) by extension 'ignore'
[0.220s] Level 1:colcon.colcon_core.package_identification:_identify(src/mycobot_ros2/mycobot_moveit2_config) by extension 'ignore_ament_install'
[0.220s] Level 1:colcon.colcon_core.package_identification:_identify(src/mycobot_ros2/mycobot_moveit2_config) by extensions ['colcon_pkg']
[0.221s] Level 1:colcon.colcon_core.package_identification:_identify(src/mycobot_ros2/mycobot_moveit2_config) by extension 'colcon_pkg'
[0.221s] Level 1:colcon.colcon_core.package_identification:_identify(src/mycobot_ros2/mycobot_moveit2_config) by extensions ['colcon_meta']
[0.221s] Level 1:colcon.colcon_core.package_identification:_identify(src/mycobot_ros2/mycobot_moveit2_config) by extension 'colcon_meta'
[0.221s] Level 1:colcon.colcon_core.package_identification:_identify(src/mycobot_ros2/mycobot_moveit2_config) by extensions ['ros']
[0.221s] Level 1:colcon.colcon_core.package_identification:_identify(src/mycobot_ros2/mycobot_moveit2_config) by extension 'ros'
[0.221s] DEBUG:colcon.colcon_core.package_identification:Package 'src/mycobot_ros2/mycobot_moveit2_config' with type 'ros.ament_cmake' and name 'mycobot_moveit2_config'
[0.221s] Level 1:colcon.colcon_core.package_discovery:discover_packages(recursive) using defaults
[0.221s] Level 1:colcon.colcon_core.package_discovery:discover_packages(ignore) discover
[0.221s] Level 1:colcon.colcon_core.package_discovery:discover_packages(ignore) using defaults
[0.221s] Level 1:colcon.colcon_core.package_discovery:discover_packages(path) discover
[0.221s] Level 1:colcon.colcon_core.package_discovery:discover_packages(path) using defaults
[0.242s] Level 1:colcon.colcon_core.package_discovery:discover_packages(prefix_path) check parameters
[0.242s] Level 1:colcon.colcon_core.package_discovery:discover_packages(prefix_path) discover
[0.245s] DEBUG:colcon.colcon_installed_package_information.package_discovery:Found 403 installed packages in /opt/ros/jazzy
[0.246s] Level 1:colcon.colcon_core.package_discovery:discover_packages(prefix_path) using defaults
[0.324s] Level 5:colcon.colcon_core.verb:set package 'mycobot_bringup' build argument 'cmake_args' from command line to 'None'
[0.324s] Level 5:colcon.colcon_core.verb:set package 'mycobot_bringup' build argument 'cmake_target' from command line to 'None'
[0.324s] Level 5:colcon.colcon_core.verb:set package 'mycobot_bringup' build argument 'cmake_target_skip_unavailable' from command line to 'False'
[0.324s] Level 5:colcon.colcon_core.verb:set package 'mycobot_bringup' build argument 'cmake_clean_cache' from command line to 'False'
[0.324s] Level 5:colcon.colcon_core.verb:set package 'mycobot_bringup' build argument 'cmake_clean_first' from command line to 'False'
[0.324s] Level 5:colcon.colcon_core.verb:set package 'mycobot_bringup' build argument 'cmake_force_configure' from command line to 'False'
[0.324s] Level 5:colcon.colcon_core.verb:set package 'mycobot_bringup' build argument 'ament_cmake_args' from command line to 'None'
[0.324s] Level 5:colcon.colcon_core.verb:set package 'mycobot_bringup' build argument 'catkin_cmake_args' from command line to 'None'
[0.324s] Level 5:colcon.colcon_core.verb:set package 'mycobot_bringup' build argument 'catkin_skip_building_tests' from command line to 'False'
[0.324s] DEBUG:colcon.colcon_core.verb:Building package 'mycobot_bringup' with the following arguments: {'ament_cmake_args': None, 'build_base': '/home/tony/Gazebo/build/mycobot_bringup', 'catkin_cmake_args': None, 'catkin_skip_building_tests': False, 'cmake_args': None, 'cmake_clean_cache': False, 'cmake_clean_first': False, 'cmake_force_configure': False, 'cmake_target': None, 'cmake_target_skip_unavailable': False, 'install_base': '/home/tony/Gazebo/install/mycobot_bringup', 'merge_install': False, 'path': '/home/tony/Gazebo/src/mycobot_ros2/mycobot_bringup', 'symlink_install': True, 'test_result_base': None}
[0.324s] Level 5:colcon.colcon_core.verb:set package 'mycobot_description' build argument 'cmake_args' from command line to 'None'
[0.324s] Level 5:colcon.colcon_core.verb:set package 'mycobot_description' build argument 'cmake_target' from command line to 'None'
[0.324s] Level 5:colcon.colcon_core.verb:set package 'mycobot_description' build argument 'cmake_target_skip_unavailable' from command line to 'False'
[0.324s] Level 5:colcon.colcon_core.verb:set package 'mycobot_description' build argument 'cmake_clean_cache' from command line to 'False'
[0.324s] Level 5:colcon.colcon_core.verb:set package 'mycobot_description' build argument 'cmake_clean_first' from command line to 'False'
[0.324s] Level 5:colcon.colcon_core.verb:set package 'mycobot_description' build argument 'cmake_force_configure' from command line to 'False'
[0.324s] Level 5:colcon.colcon_core.verb:set package 'mycobot_description' build argument 'ament_cmake_args' from command line to 'None'
[0.324s] Level 5:colcon.colcon_core.verb:set package 'mycobot_description' build argument 'catkin_cmake_args' from command line to 'None'
[0.324s] Level 5:colcon.colcon_core.verb:set package 'mycobot_description' build argument 'catkin_skip_building_tests' from command line to 'False'
[0.324s] DEBUG:colcon.colcon_core.verb:Building package 'mycobot_description' with the following arguments: {'ament_cmake_args': None, 'build_base': '/home/tony/Gazebo/build/mycobot_description', 'catkin_cmake_args': None, 'catkin_skip_building_tests': False, 'cmake_args': None, 'cmake_clean_cache': False, 'cmake_clean_first': False, 'cmake_force_configure': False, 'cmake_target': None, 'cmake_target_skip_unavailable': False, 'install_base': '/home/tony/Gazebo/install/mycobot_description', 'merge_install': False, 'path': '/home/tony/Gazebo/src/mycobot_ros2/mycobot_description', 'symlink_install': True, 'test_result_base': None}
[0.325s] Level 5:colcon.colcon_core.verb:set package 'mycobot_gazebo' build argument 'cmake_args' from command line to 'None'
[0.325s] Level 5:colcon.colcon_core.verb:set package 'mycobot_gazebo' build argument 'cmake_target' from command line to 'None'
[0.325s] Level 5:colcon.colcon_core.verb:set package 'mycobot_gazebo' build argument 'cmake_target_skip_unavailable' from command line to 'False'
[0.325s] Level 5:colcon.colcon_core.verb:set package 'mycobot_gazebo' build argument 'cmake_clean_cache' from command line to 'False'
[0.325s] Level 5:colcon.colcon_core.verb:set package 'mycobot_gazebo' build argument 'cmake_clean_first' from command line to 'False'
[0.325s] Level 5:colcon.colcon_core.verb:set package 'mycobot_gazebo' build argument 'cmake_force_configure' from command line to 'False'
[0.325s] Level 5:colcon.colcon_core.verb:set package 'mycobot_gazebo' build argument 'ament_cmake_args' from command line to 'None'
[0.325s] Level 5:colcon.colcon_core.verb:set package 'mycobot_gazebo' build argument 'catkin_cmake_args' from command line to 'None'
[0.325s] Level 5:colcon.colcon_core.verb:set package 'mycobot_gazebo' build argument 'catkin_skip_building_tests' from command line to 'False'
[0.325s] DEBUG:colcon.colcon_core.verb:Building package 'mycobot_gazebo' with the following arguments: {'ament_cmake_args': None, 'build_base': '/home/tony/Gazebo/build/mycobot_gazebo', 'catkin_cmake_args': None, 'catkin_skip_building_tests': False, 'cmake_args': None, 'cmake_clean_cache': False, 'cmake_clean_first': False, 'cmake_force_configure': False, 'cmake_target': None, 'cmake_target_skip_unavailable': False, 'install_base': '/home/tony/Gazebo/install/mycobot_gazebo', 'merge_install': False, 'path': '/home/tony/Gazebo/src/mycobot_ros2/mycobot_gazebo', 'symlink_install': True, 'test_result_base': None}
[0.325s] Level 5:colcon.colcon_core.verb:set package 'mycobot_moveit2_config' build argument 'cmake_args' from command line to 'None'
[0.325s] Level 5:colcon.colcon_core.verb:set package 'mycobot_moveit2_config' build argument 'cmake_target' from command line to 'None'
[0.325s] Level 5:colcon.colcon_core.verb:set package 'mycobot_moveit2_config' build argument 'cmake_target_skip_unavailable' from command line to 'False'
[0.325s] Level 5:colcon.colcon_core.verb:set package 'mycobot_moveit2_config' build argument 'cmake_clean_cache' from command line to 'False'
[0.325s] Level 5:colcon.colcon_core.verb:set package 'mycobot_moveit2_config' build argument 'cmake_clean_first' from command line to 'False'
[0.325s] Level 5:colcon.colcon_core.verb:set package 'mycobot_moveit2_config' build argument 'cmake_force_configure' from command line to 'False'
[0.325s] Level 5:colcon.colcon_core.verb:set package 'mycobot_moveit2_config' build argument 'ament_cmake_args' from command line to 'None'
[0.325s] Level 5:colcon.colcon_core.verb:set package 'mycobot_moveit2_config' build argument 'catkin_cmake_args' from command line to 'None'
[0.325s] Level 5:colcon.colcon_core.verb:set package 'mycobot_moveit2_config' build argument 'catkin_skip_building_tests' from command line to 'False'
[0.325s] DEBUG:colcon.colcon_core.verb:Building package 'mycobot_moveit2_config' with the following arguments: {'ament_cmake_args': None, 'build_base': '/home/tony/Gazebo/build/mycobot_moveit2_config', 'catkin_cmake_args': None, 'catkin_skip_building_tests': False, 'cmake_args': None, 'cmake_clean_cache': False, 'cmake_clean_first': False, 'cmake_force_configure': False, 'cmake_target': None, 'cmake_target_skip_unavailable': False, 'install_base': '/home/tony/Gazebo/install/mycobot_moveit2_config', 'merge_install': False, 'path': '/home/tony/Gazebo/src/mycobot_ros2/mycobot_moveit2_config', 'symlink_install': True, 'test_result_base': None}
[0.325s] INFO:colcon.colcon_core.executor:Executing jobs using 'parallel' executor
[0.326s] DEBUG:colcon.colcon_parallel_executor.executor.parallel:run_until_complete
[0.326s] INFO:colcon.colcon_ros.task.ament_cmake.build:Building ROS package in '/home/tony/Gazebo/src/mycobot_ros2/mycobot_bringup' with build type 'ament_cmake'
[0.326s] INFO:colcon.colcon_cmake.task.cmake.build:Building CMake package in '/home/tony/Gazebo/src/mycobot_ros2/mycobot_bringup'
[0.328s] INFO:colcon.colcon_core.plugin_system:Skipping extension 'colcon_core.shell.bat': Not used on non-Windows systems
[0.328s] INFO:colcon.colcon_core.shell:Skip shell extension 'powershell' for command environment: Not usable outside of PowerShell
[0.328s] DEBUG:colcon.colcon_core.shell:Skip shell extension 'dsv' for command environment
[0.331s] INFO:colcon.colcon_ros.task.ament_cmake.build:Building ROS package in '/home/tony/Gazebo/src/mycobot_ros2/mycobot_description' with build type 'ament_cmake'
[0.331s] INFO:colcon.colcon_cmake.task.cmake.build:Building CMake package in '/home/tony/Gazebo/src/mycobot_ros2/mycobot_description'
[0.331s] INFO:colcon.colcon_core.shell:Skip shell extension 'powershell' for command environment: Not usable outside of PowerShell
[0.331s] DEBUG:colcon.colcon_core.shell:Skip shell extension 'dsv' for command environment
[0.334s] INFO:colcon.colcon_ros.task.ament_cmake.build:Building ROS package in '/home/tony/Gazebo/src/mycobot_ros2/mycobot_gazebo' with build type 'ament_cmake'
[0.334s] INFO:colcon.colcon_cmake.task.cmake.build:Building CMake package in '/home/tony/Gazebo/src/mycobot_ros2/mycobot_gazebo'
[0.334s] INFO:colcon.colcon_core.shell:Skip shell extension 'powershell' for command environment: Not usable outside of PowerShell
[0.334s] DEBUG:colcon.colcon_core.shell:Skip shell extension 'dsv' for command environment
[0.337s] INFO:colcon.colcon_ros.task.ament_cmake.build:Building ROS package in '/home/tony/Gazebo/src/mycobot_ros2/mycobot_moveit2_config' with build type 'ament_cmake'
[0.337s] INFO:colcon.colcon_cmake.task.cmake.build:Building CMake package in '/home/tony/Gazebo/src/mycobot_ros2/mycobot_moveit2_config'
[0.338s] INFO:colcon.colcon_core.shell:Skip shell extension 'powershell' for command environment: Not usable outside of PowerShell
[0.338s] DEBUG:colcon.colcon_core.shell:Skip shell extension 'dsv' for command environment
[0.346s] DEBUG:colcon.colcon_core.event_handler.log_command:Invoking command in '/home/tony/Gazebo/build/mycobot_bringup': CMAKE_PREFIX_PATH=${CMAKE_PREFIX_PATH}:/opt/ros/jazzy DEBUGINFOD_URLS=https://debuginfod.ubuntu.com /usr/bin/cmake --build /home/tony/Gazebo/build/mycobot_bringup -- -j16 -l16
[0.347s] DEBUG:colcon.colcon_core.event_handler.log_command:Invoking command in '/home/tony/Gazebo/build/mycobot_description': CMAKE_PREFIX_PATH=${CMAKE_PREFIX_PATH}:/opt/ros/jazzy DEBUGINFOD_URLS=https://debuginfod.ubuntu.com /usr/bin/cmake /home/tony/Gazebo/src/mycobot_ros2/mycobot_description -DAMENT_CMAKE_SYMLINK_INSTALL=1 -DCMAKE_INSTALL_PREFIX=/home/tony/Gazebo/install/mycobot_description
[0.349s] DEBUG:colcon.colcon_core.event_handler.log_command:Invoking command in '/home/tony/Gazebo/build/mycobot_gazebo': CMAKE_PREFIX_PATH=${CMAKE_PREFIX_PATH}:/opt/ros/jazzy DEBUGINFOD_URLS=https://debuginfod.ubuntu.com /usr/bin/cmake /home/tony/Gazebo/src/mycobot_ros2/mycobot_gazebo -DAMENT_CMAKE_SYMLINK_INSTALL=1 -DCMAKE_INSTALL_PREFIX=/home/tony/Gazebo/install/mycobot_gazebo
[0.354s] DEBUG:colcon.colcon_core.event_handler.log_command:Invoking command in '/home/tony/Gazebo/build/mycobot_moveit2_config': CMAKE_PREFIX_PATH=${CMAKE_PREFIX_PATH}:/opt/ros/jazzy DEBUGINFOD_URLS=https://debuginfod.ubuntu.com /usr/bin/cmake /home/tony/Gazebo/src/mycobot_ros2/mycobot_moveit2_config -DAMENT_CMAKE_SYMLINK_INSTALL=1 -DCMAKE_INSTALL_PREFIX=/home/tony/Gazebo/install/mycobot_moveit2_config
[0.397s] DEBUG:colcon.colcon_core.event_handler.log_command:Invoked command in '/home/tony/Gazebo/build/mycobot_bringup' returned '0': CMAKE_PREFIX_PATH=${CMAKE_PREFIX_PATH}:/opt/ros/jazzy DEBUGINFOD_URLS=https://debuginfod.ubuntu.com /usr/bin/cmake --build /home/tony/Gazebo/build/mycobot_bringup -- -j16 -l16
[0.411s] DEBUG:colcon.colcon_core.event_handler.log_command:Invoking command in '/home/tony/Gazebo/build/mycobot_bringup': CMAKE_PREFIX_PATH=${CMAKE_PREFIX_PATH}:/opt/ros/jazzy DEBUGINFOD_URLS=https://debuginfod.ubuntu.com /usr/bin/cmake --install /home/tony/Gazebo/build/mycobot_bringup
[0.439s] Level 1:colcon.colcon_core.environment:create_environment_scripts_only(mycobot_bringup)
[0.439s] DEBUG:colcon.colcon_core.event_handler.log_command:Invoked command in '/home/tony/Gazebo/build/mycobot_bringup' returned '0': CMAKE_PREFIX_PATH=${CMAKE_PREFIX_PATH}:/opt/ros/jazzy DEBUGINFOD_URLS=https://debuginfod.ubuntu.com /usr/bin/cmake --install /home/tony/Gazebo/build/mycobot_bringup
[0.442s] Level 1:colcon.colcon_core.environment:checking '/home/tony/Gazebo/install/mycobot_bringup' for CMake module files
[0.442s] Level 1:colcon.colcon_core.environment:checking '/home/tony/Gazebo/install/mycobot_bringup' for CMake config files
[0.443s] Level 1:colcon.colcon_core.shell:create_environment_hook('mycobot_bringup', 'cmake_prefix_path')
[0.443s] INFO:colcon.colcon_core.shell:Creating environment hook '/home/tony/Gazebo/install/mycobot_bringup/share/mycobot_bringup/hook/cmake_prefix_path.ps1'
[0.443s] INFO:colcon.colcon_core.shell:Creating environment descriptor '/home/tony/Gazebo/install/mycobot_bringup/share/mycobot_bringup/hook/cmake_prefix_path.dsv'
[0.444s] INFO:colcon.colcon_core.shell:Creating environment hook '/home/tony/Gazebo/install/mycobot_bringup/share/mycobot_bringup/hook/cmake_prefix_path.sh'
[0.444s] Level 1:colcon.colcon_core.environment:checking '/home/tony/Gazebo/install/mycobot_bringup/bin'
[0.444s] Level 1:colcon.colcon_core.environment:checking '/home/tony/Gazebo/install/mycobot_bringup/lib/pkgconfig/mycobot_bringup.pc'
[0.445s] Level 1:colcon.colcon_core.environment:checking '/home/tony/Gazebo/install/mycobot_bringup/lib/python3.12/site-packages'
[0.445s] Level 1:colcon.colcon_core.environment:checking '/home/tony/Gazebo/install/mycobot_bringup/bin'
[0.445s] INFO:colcon.colcon_core.shell:Creating package script '/home/tony/Gazebo/install/mycobot_bringup/share/mycobot_bringup/package.ps1'
[0.446s] INFO:colcon.colcon_core.shell:Creating package descriptor '/home/tony/Gazebo/install/mycobot_bringup/share/mycobot_bringup/package.dsv'
[0.447s] INFO:colcon.colcon_core.shell:Creating package script '/home/tony/Gazebo/install/mycobot_bringup/share/mycobot_bringup/package.sh'
[0.447s] INFO:colcon.colcon_core.shell:Creating package script '/home/tony/Gazebo/install/mycobot_bringup/share/mycobot_bringup/package.bash'
[0.448s] INFO:colcon.colcon_core.shell:Creating package script '/home/tony/Gazebo/install/mycobot_bringup/share/mycobot_bringup/package.zsh'
[0.448s] Level 1:colcon.colcon_core.environment:create_file_with_runtime_dependencies(/home/tony/Gazebo/install/mycobot_bringup/share/colcon-core/packages/mycobot_bringup)
[0.449s] Level 1:colcon.colcon_core.environment:create_environment_scripts_only(mycobot_bringup)
[0.449s] Level 1:colcon.colcon_core.environment:checking '/home/tony/Gazebo/install/mycobot_bringup' for CMake module files
[0.450s] Level 1:colcon.colcon_core.environment:checking '/home/tony/Gazebo/install/mycobot_bringup' for CMake config files
[0.451s] Level 1:colcon.colcon_core.shell:create_environment_hook('mycobot_bringup', 'cmake_prefix_path')
[0.451s] INFO:colcon.colcon_core.shell:Creating environment hook '/home/tony/Gazebo/install/mycobot_bringup/share/mycobot_bringup/hook/cmake_prefix_path.ps1'
[0.452s] INFO:colcon.colcon_core.shell:Creating environment descriptor '/home/tony/Gazebo/install/mycobot_bringup/share/mycobot_bringup/hook/cmake_prefix_path.dsv'
[0.453s] INFO:colcon.colcon_core.shell:Creating environment hook '/home/tony/Gazebo/install/mycobot_bringup/share/mycobot_bringup/hook/cmake_prefix_path.sh'
[0.453s] Level 1:colcon.colcon_core.environment:checking '/home/tony/Gazebo/install/mycobot_bringup/bin'
[0.453s] Level 1:colcon.colcon_core.environment:checking '/home/tony/Gazebo/install/mycobot_bringup/lib/pkgconfig/mycobot_bringup.pc'
[0.453s] Level 1:colcon.colcon_core.environment:checking '/home/tony/Gazebo/install/mycobot_bringup/lib/python3.12/site-packages'
[0.454s] Level 1:colcon.colcon_core.environment:checking '/home/tony/Gazebo/install/mycobot_bringup/bin'
[0.454s] INFO:colcon.colcon_core.shell:Creating package script '/home/tony/Gazebo/install/mycobot_bringup/share/mycobot_bringup/package.ps1'
[0.455s] INFO:colcon.colcon_core.shell:Creating package descriptor '/home/tony/Gazebo/install/mycobot_bringup/share/mycobot_bringup/package.dsv'
[0.455s] INFO:colcon.colcon_core.shell:Creating package script '/home/tony/Gazebo/install/mycobot_bringup/share/mycobot_bringup/package.sh'
[0.456s] INFO:colcon.colcon_core.shell:Creating package script '/home/tony/Gazebo/install/mycobot_bringup/share/mycobot_bringup/package.bash'
[0.456s] INFO:colcon.colcon_core.shell:Creating package script '/home/tony/Gazebo/install/mycobot_bringup/share/mycobot_bringup/package.zsh'
[0.456s] Level 1:colcon.colcon_core.environment:create_file_with_runtime_dependencies(/home/tony/Gazebo/install/mycobot_bringup/share/colcon-core/packages/mycobot_bringup)
[1.122s] DEBUG:colcon.colcon_core.event_handler.log_command:Invoked command in '/home/tony/Gazebo/build/mycobot_moveit2_config' returned '0': CMAKE_PREFIX_PATH=${CMAKE_PREFIX_PATH}:/opt/ros/jazzy DEBUGINFOD_URLS=https://debuginfod.ubuntu.com /usr/bin/cmake /home/tony/Gazebo/src/mycobot_ros2/mycobot_moveit2_config -DAMENT_CMAKE_SYMLINK_INSTALL=1 -DCMAKE_INSTALL_PREFIX=/home/tony/Gazebo/install/mycobot_moveit2_config
[1.123s] DEBUG:colcon.colcon_core.event_handler.log_command:Invoking command in '/home/tony/Gazebo/build/mycobot_moveit2_config': CMAKE_PREFIX_PATH=${CMAKE_PREFIX_PATH}:/opt/ros/jazzy DEBUGINFOD_URLS=https://debuginfod.ubuntu.com /usr/bin/cmake --build /home/tony/Gazebo/build/mycobot_moveit2_config -- -j16 -l16
[1.145s] DEBUG:colcon.colcon_core.event_handler.log_command:Invoked command in '/home/tony/Gazebo/build/mycobot_description' returned '0': CMAKE_PREFIX_PATH=${CMAKE_PREFIX_PATH}:/opt/ros/jazzy DEBUGINFOD_URLS=https://debuginfod.ubuntu.com /usr/bin/cmake /home/tony/Gazebo/src/mycobot_ros2/mycobot_description -DAMENT_CMAKE_SYMLINK_INSTALL=1 -DCMAKE_INSTALL_PREFIX=/home/tony/Gazebo/install/mycobot_description
[1.146s] DEBUG:colcon.colcon_core.event_handler.log_command:Invoking command in '/home/tony/Gazebo/build/mycobot_description': CMAKE_PREFIX_PATH=${CMAKE_PREFIX_PATH}:/opt/ros/jazzy DEBUGINFOD_URLS=https://debuginfod.ubuntu.com /usr/bin/cmake --build /home/tony/Gazebo/build/mycobot_description -- -j16 -l16
[1.158s] DEBUG:colcon.colcon_core.event_handler.log_command:Invoked command in '/home/tony/Gazebo/build/mycobot_moveit2_config' returned '0': CMAKE_PREFIX_PATH=${CMAKE_PREFIX_PATH}:/opt/ros/jazzy DEBUGINFOD_URLS=https://debuginfod.ubuntu.com /usr/bin/cmake --build /home/tony/Gazebo/build/mycobot_moveit2_config -- -j16 -l16
[1.160s] DEBUG:colcon.colcon_core.event_handler.log_command:Invoking command in '/home/tony/Gazebo/build/mycobot_moveit2_config': CMAKE_PREFIX_PATH=${CMAKE_PREFIX_PATH}:/opt/ros/jazzy DEBUGINFOD_URLS=https://debuginfod.ubuntu.com /usr/bin/cmake --install /home/tony/Gazebo/build/mycobot_moveit2_config
[1.184s] DEBUG:colcon.colcon_core.event_handler.log_command:Invoked command in '/home/tony/Gazebo/build/mycobot_description' returned '0': CMAKE_PREFIX_PATH=${CMAKE_PREFIX_PATH}:/opt/ros/jazzy DEBUGINFOD_URLS=https://debuginfod.ubuntu.com /usr/bin/cmake --build /home/tony/Gazebo/build/mycobot_description -- -j16 -l16
[1.186s] DEBUG:colcon.colcon_core.event_handler.log_command:Invoking command in '/home/tony/Gazebo/build/mycobot_description': CMAKE_PREFIX_PATH=${CMAKE_PREFIX_PATH}:/opt/ros/jazzy DEBUGINFOD_URLS=https://debuginfod.ubuntu.com /usr/bin/cmake --install /home/tony/Gazebo/build/mycobot_description
[1.289s] Level 1:colcon.colcon_core.environment:create_environment_scripts_only(mycobot_moveit2_config)
[1.290s] Level 1:colcon.colcon_core.environment:checking '/home/tony/Gazebo/install/mycobot_moveit2_config' for CMake module files
[1.290s] DEBUG:colcon.colcon_core.event_handler.log_command:Invoked command in '/home/tony/Gazebo/build/mycobot_moveit2_config' returned '0': CMAKE_PREFIX_PATH=${CMAKE_PREFIX_PATH}:/opt/ros/jazzy DEBUGINFOD_URLS=https://debuginfod.ubuntu.com /usr/bin/cmake --install /home/tony/Gazebo/build/mycobot_moveit2_config
[1.290s] Level 1:colcon.colcon_core.environment:checking '/home/tony/Gazebo/install/mycobot_moveit2_config' for CMake config files
[1.291s] Level 1:colcon.colcon_core.shell:create_environment_hook('mycobot_moveit2_config', 'cmake_prefix_path')
[1.291s] INFO:colcon.colcon_core.shell:Creating environment hook '/home/tony/Gazebo/install/mycobot_moveit2_config/share/mycobot_moveit2_config/hook/cmake_prefix_path.ps1'
[1.291s] INFO:colcon.colcon_core.shell:Creating environment descriptor '/home/tony/Gazebo/install/mycobot_moveit2_config/share/mycobot_moveit2_config/hook/cmake_prefix_path.dsv'
[1.292s] INFO:colcon.colcon_core.shell:Creating environment hook '/home/tony/Gazebo/install/mycobot_moveit2_config/share/mycobot_moveit2_config/hook/cmake_prefix_path.sh'
[1.292s] Level 1:colcon.colcon_core.environment:checking '/home/tony/Gazebo/install/mycobot_moveit2_config/bin'
[1.292s] Level 1:colcon.colcon_core.environment:checking '/home/tony/Gazebo/install/mycobot_moveit2_config/lib/pkgconfig/mycobot_moveit2_config.pc'
[1.292s] Level 1:colcon.colcon_core.environment:checking '/home/tony/Gazebo/install/mycobot_moveit2_config/lib/python3.12/site-packages'
[1.293s] Level 1:colcon.colcon_core.environment:checking '/home/tony/Gazebo/install/mycobot_moveit2_config/bin'
[1.293s] INFO:colcon.colcon_core.shell:Creating package script '/home/tony/Gazebo/install/mycobot_moveit2_config/share/mycobot_moveit2_config/package.ps1'
[1.293s] INFO:colcon.colcon_core.shell:Creating package descriptor '/home/tony/Gazebo/install/mycobot_moveit2_config/share/mycobot_moveit2_config/package.dsv'
[1.294s] INFO:colcon.colcon_core.shell:Creating package script '/home/tony/Gazebo/install/mycobot_moveit2_config/share/mycobot_moveit2_config/package.sh'
[1.294s] INFO:colcon.colcon_core.shell:Creating package script '/home/tony/Gazebo/install/mycobot_moveit2_config/share/mycobot_moveit2_config/package.bash'
[1.294s] INFO:colcon.colcon_core.shell:Creating package script '/home/tony/Gazebo/install/mycobot_moveit2_config/share/mycobot_moveit2_config/package.zsh'
[1.295s] Level 1:colcon.colcon_core.environment:create_file_with_runtime_dependencies(/home/tony/Gazebo/install/mycobot_moveit2_config/share/colcon-core/packages/mycobot_moveit2_config)
[1.295s] Level 1:colcon.colcon_core.environment:create_environment_scripts_only(mycobot_moveit2_config)
[1.295s] Level 1:colcon.colcon_core.environment:checking '/home/tony/Gazebo/install/mycobot_moveit2_config' for CMake module files
[1.296s] Level 1:colcon.colcon_core.environment:checking '/home/tony/Gazebo/install/mycobot_moveit2_config' for CMake config files
[1.296s] Level 1:colcon.colcon_core.shell:create_environment_hook('mycobot_moveit2_config', 'cmake_prefix_path')
[1.296s] INFO:colcon.colcon_core.shell:Creating environment hook '/home/tony/Gazebo/install/mycobot_moveit2_config/share/mycobot_moveit2_config/hook/cmake_prefix_path.ps1'
[1.296s] INFO:colcon.colcon_core.shell:Creating environment descriptor '/home/tony/Gazebo/install/mycobot_moveit2_config/share/mycobot_moveit2_config/hook/cmake_prefix_path.dsv'
[1.297s] INFO:colcon.colcon_core.shell:Creating environment hook '/home/tony/Gazebo/install/mycobot_moveit2_config/share/mycobot_moveit2_config/hook/cmake_prefix_path.sh'
[1.297s] Level 1:colcon.colcon_core.environment:checking '/home/tony/Gazebo/install/mycobot_moveit2_config/bin'
[1.297s] Level 1:colcon.colcon_core.environment:checking '/home/tony/Gazebo/install/mycobot_moveit2_config/lib/pkgconfig/mycobot_moveit2_config.pc'
[1.297s] Level 1:colcon.colcon_core.environment:checking '/home/tony/Gazebo/install/mycobot_moveit2_config/lib/python3.12/site-packages'
[1.298s] Level 1:colcon.colcon_core.environment:checking '/home/tony/Gazebo/install/mycobot_moveit2_config/bin'
[1.298s] INFO:colcon.colcon_core.shell:Creating package script '/home/tony/Gazebo/install/mycobot_moveit2_config/share/mycobot_moveit2_config/package.ps1'
[1.298s] INFO:colcon.colcon_core.shell:Creating package descriptor '/home/tony/Gazebo/install/mycobot_moveit2_config/share/mycobot_moveit2_config/package.dsv'
[1.299s] INFO:colcon.colcon_core.shell:Creating package script '/home/tony/Gazebo/install/mycobot_moveit2_config/share/mycobot_moveit2_config/package.sh'
[1.299s] INFO:colcon.colcon_core.shell:Creating package script '/home/tony/Gazebo/install/mycobot_moveit2_config/share/mycobot_moveit2_config/package.bash'
[1.300s] INFO:colcon.colcon_core.shell:Creating package script '/home/tony/Gazebo/install/mycobot_moveit2_config/share/mycobot_moveit2_config/package.zsh'
[1.300s] Level 1:colcon.colcon_core.environment:create_file_with_runtime_dependencies(/home/tony/Gazebo/install/mycobot_moveit2_config/share/colcon-core/packages/mycobot_moveit2_config)
[1.313s] Level 1:colcon.colcon_core.environment:create_environment_scripts_only(mycobot_description)
[1.314s] Level 1:colcon.colcon_core.environment:checking '/home/tony/Gazebo/install/mycobot_description' for CMake module files
[1.316s] DEBUG:colcon.colcon_core.event_handler.log_command:Invoked command in '/home/tony/Gazebo/build/mycobot_description' returned '0': CMAKE_PREFIX_PATH=${CMAKE_PREFIX_PATH}:/opt/ros/jazzy DEBUGINFOD_URLS=https://debuginfod.ubuntu.com /usr/bin/cmake --install /home/tony/Gazebo/build/mycobot_description
[1.316s] Level 1:colcon.colcon_core.environment:checking '/home/tony/Gazebo/install/mycobot_description' for CMake config files
[1.317s] Level 1:colcon.colcon_core.shell:create_environment_hook('mycobot_description', 'cmake_prefix_path')
[1.317s] INFO:colcon.colcon_core.shell:Creating environment hook '/home/tony/Gazebo/install/mycobot_description/share/mycobot_description/hook/cmake_prefix_path.ps1'
[1.317s] INFO:colcon.colcon_core.shell:Creating environment descriptor '/home/tony/Gazebo/install/mycobot_description/share/mycobot_description/hook/cmake_prefix_path.dsv'
[1.318s] INFO:colcon.colcon_core.shell:Creating environment hook '/home/tony/Gazebo/install/mycobot_description/share/mycobot_description/hook/cmake_prefix_path.sh'
[1.318s] Level 1:colcon.colcon_core.environment:checking '/home/tony/Gazebo/install/mycobot_description/bin'
[1.318s] Level 1:colcon.colcon_core.environment:checking '/home/tony/Gazebo/install/mycobot_description/lib/pkgconfig/mycobot_description.pc'
[1.318s] Level 1:colcon.colcon_core.environment:checking '/home/tony/Gazebo/install/mycobot_description/lib/python3.12/site-packages'
[1.319s] Level 1:colcon.colcon_core.environment:checking '/home/tony/Gazebo/install/mycobot_description/bin'
[1.320s] INFO:colcon.colcon_core.shell:Creating package script '/home/tony/Gazebo/install/mycobot_description/share/mycobot_description/package.ps1'
[1.321s] INFO:colcon.colcon_core.shell:Creating package descriptor '/home/tony/Gazebo/install/mycobot_description/share/mycobot_description/package.dsv'
[1.321s] INFO:colcon.colcon_core.shell:Creating package script '/home/tony/Gazebo/install/mycobot_description/share/mycobot_description/package.sh'
[1.321s] INFO:colcon.colcon_core.shell:Creating package script '/home/tony/Gazebo/install/mycobot_description/share/mycobot_description/package.bash'
[1.322s] INFO:colcon.colcon_core.shell:Creating package script '/home/tony/Gazebo/install/mycobot_description/share/mycobot_description/package.zsh'
[1.322s] Level 1:colcon.colcon_core.environment:create_file_with_runtime_dependencies(/home/tony/Gazebo/install/mycobot_description/share/colcon-core/packages/mycobot_description)
[1.323s] Level 1:colcon.colcon_core.environment:create_environment_scripts_only(mycobot_description)
[1.323s] Level 1:colcon.colcon_core.environment:checking '/home/tony/Gazebo/install/mycobot_description' for CMake module files
[1.323s] Level 1:colcon.colcon_core.environment:checking '/home/tony/Gazebo/install/mycobot_description' for CMake config files
[1.323s] Level 1:colcon.colcon_core.shell:create_environment_hook('mycobot_description', 'cmake_prefix_path')
[1.324s] INFO:colcon.colcon_core.shell:Creating environment hook '/home/tony/Gazebo/install/mycobot_description/share/mycobot_description/hook/cmake_prefix_path.ps1'
[1.325s] INFO:colcon.colcon_core.shell:Creating environment descriptor '/home/tony/Gazebo/install/mycobot_description/share/mycobot_description/hook/cmake_prefix_path.dsv'
[1.325s] INFO:colcon.colcon_core.shell:Creating environment hook '/home/tony/Gazebo/install/mycobot_description/share/mycobot_description/hook/cmake_prefix_path.sh'
[1.326s] Level 1:colcon.colcon_core.environment:checking '/home/tony/Gazebo/install/mycobot_description/bin'
[1.326s] Level 1:colcon.colcon_core.environment:checking '/home/tony/Gazebo/install/mycobot_description/lib/pkgconfig/mycobot_description.pc'
[1.326s] Level 1:colcon.colcon_core.environment:checking '/home/tony/Gazebo/install/mycobot_description/lib/python3.12/site-packages'
[1.327s] Level 1:colcon.colcon_core.environment:checking '/home/tony/Gazebo/install/mycobot_description/bin'
[1.327s] INFO:colcon.colcon_core.shell:Creating package script '/home/tony/Gazebo/install/mycobot_description/share/mycobot_description/package.ps1'
[1.328s] INFO:colcon.colcon_core.shell:Creating package descriptor '/home/tony/Gazebo/install/mycobot_description/share/mycobot_description/package.dsv'
[1.328s] INFO:colcon.colcon_core.shell:Creating package script '/home/tony/Gazebo/install/mycobot_description/share/mycobot_description/package.sh'
[1.328s] INFO:colcon.colcon_core.shell:Creating package script '/home/tony/Gazebo/install/mycobot_description/share/mycobot_description/package.bash'
[1.329s] INFO:colcon.colcon_core.shell:Creating package script '/home/tony/Gazebo/install/mycobot_description/share/mycobot_description/package.zsh'
[1.329s] Level 1:colcon.colcon_core.environment:create_file_with_runtime_dependencies(/home/tony/Gazebo/install/mycobot_description/share/colcon-core/packages/mycobot_description)
[2.522s] DEBUG:colcon.colcon_core.event_handler.log_command:Invoked command in '/home/tony/Gazebo/build/mycobot_gazebo' returned '0': CMAKE_PREFIX_PATH=${CMAKE_PREFIX_PATH}:/opt/ros/jazzy DEBUGINFOD_URLS=https://debuginfod.ubuntu.com /usr/bin/cmake /home/tony/Gazebo/src/mycobot_ros2/mycobot_gazebo -DAMENT_CMAKE_SYMLINK_INSTALL=1 -DCMAKE_INSTALL_PREFIX=/home/tony/Gazebo/install/mycobot_gazebo
[2.523s] DEBUG:colcon.colcon_core.event_handler.log_command:Invoking command in '/home/tony/Gazebo/build/mycobot_gazebo': CMAKE_PREFIX_PATH=${CMAKE_PREFIX_PATH}:/opt/ros/jazzy DEBUGINFOD_URLS=https://debuginfod.ubuntu.com /usr/bin/cmake --build /home/tony/Gazebo/build/mycobot_gazebo -- -j16 -l16
[2.564s] DEBUG:colcon.colcon_core.event_handler.log_command:Invoked command in '/home/tony/Gazebo/build/mycobot_gazebo' returned '0': CMAKE_PREFIX_PATH=${CMAKE_PREFIX_PATH}:/opt/ros/jazzy DEBUGINFOD_URLS=https://debuginfod.ubuntu.com /usr/bin/cmake --build /home/tony/Gazebo/build/mycobot_gazebo -- -j16 -l16
[2.565s] DEBUG:colcon.colcon_core.event_handler.log_command:Invoking command in '/home/tony/Gazebo/build/mycobot_gazebo': CMAKE_PREFIX_PATH=${CMAKE_PREFIX_PATH}:/opt/ros/jazzy DEBUGINFOD_URLS=https://debuginfod.ubuntu.com /usr/bin/cmake --install /home/tony/Gazebo/build/mycobot_gazebo
[2.723s] Level 1:colcon.colcon_core.environment:create_environment_scripts_only(mycobot_gazebo)
[2.723s] Level 1:colcon.colcon_core.environment:checking '/home/tony/Gazebo/install/mycobot_gazebo' for CMake module files
[2.724s] DEBUG:colcon.colcon_core.event_handler.log_command:Invoked command in '/home/tony/Gazebo/build/mycobot_gazebo' returned '0': CMAKE_PREFIX_PATH=${CMAKE_PREFIX_PATH}:/opt/ros/jazzy DEBUGINFOD_URLS=https://debuginfod.ubuntu.com /usr/bin/cmake --install /home/tony/Gazebo/build/mycobot_gazebo
[2.724s] Level 1:colcon.colcon_core.environment:checking '/home/tony/Gazebo/install/mycobot_gazebo' for CMake config files
[2.724s] Level 1:colcon.colcon_core.shell:create_environment_hook('mycobot_gazebo', 'cmake_prefix_path')
[2.724s] INFO:colcon.colcon_core.shell:Creating environment hook '/home/tony/Gazebo/install/mycobot_gazebo/share/mycobot_gazebo/hook/cmake_prefix_path.ps1'
[2.725s] INFO:colcon.colcon_core.shell:Creating environment descriptor '/home/tony/Gazebo/install/mycobot_gazebo/share/mycobot_gazebo/hook/cmake_prefix_path.dsv'
[2.725s] INFO:colcon.colcon_core.shell:Creating environment hook '/home/tony/Gazebo/install/mycobot_gazebo/share/mycobot_gazebo/hook/cmake_prefix_path.sh'
[2.726s] Level 1:colcon.colcon_core.environment:checking '/home/tony/Gazebo/install/mycobot_gazebo/bin'
[2.726s] Level 1:colcon.colcon_core.environment:checking '/home/tony/Gazebo/install/mycobot_gazebo/lib/pkgconfig/mycobot_gazebo.pc'
[2.726s] Level 1:colcon.colcon_core.environment:checking '/home/tony/Gazebo/install/mycobot_gazebo/lib/python3.12/site-packages'
[2.726s] Level 1:colcon.colcon_core.environment:checking '/home/tony/Gazebo/install/mycobot_gazebo/bin'
[2.726s] INFO:colcon.colcon_core.shell:Creating package script '/home/tony/Gazebo/install/mycobot_gazebo/share/mycobot_gazebo/package.ps1'
[2.727s] INFO:colcon.colcon_core.shell:Creating package descriptor '/home/tony/Gazebo/install/mycobot_gazebo/share/mycobot_gazebo/package.dsv'
[2.727s] INFO:colcon.colcon_core.shell:Creating package script '/home/tony/Gazebo/install/mycobot_gazebo/share/mycobot_gazebo/package.sh'
[2.727s] INFO:colcon.colcon_core.shell:Creating package script '/home/tony/Gazebo/install/mycobot_gazebo/share/mycobot_gazebo/package.bash'
[2.728s] INFO:colcon.colcon_core.shell:Creating package script '/home/tony/Gazebo/install/mycobot_gazebo/share/mycobot_gazebo/package.zsh'
[2.728s] Level 1:colcon.colcon_core.environment:create_file_with_runtime_dependencies(/home/tony/Gazebo/install/mycobot_gazebo/share/colcon-core/packages/mycobot_gazebo)
[2.728s] Level 1:colcon.colcon_core.environment:create_environment_scripts_only(mycobot_gazebo)
[2.728s] Level 1:colcon.colcon_core.environment:checking '/home/tony/Gazebo/install/mycobot_gazebo' for CMake module files
[2.729s] Level 1:colcon.colcon_core.environment:checking '/home/tony/Gazebo/install/mycobot_gazebo' for CMake config files
[2.729s] Level 1:colcon.colcon_core.shell:create_environment_hook('mycobot_gazebo', 'cmake_prefix_path')
[2.729s] INFO:colcon.colcon_core.shell:Creating environment hook '/home/tony/Gazebo/install/mycobot_gazebo/share/mycobot_gazebo/hook/cmake_prefix_path.ps1'
[2.729s] INFO:colcon.colcon_core.shell:Creating environment descriptor '/home/tony/Gazebo/install/mycobot_gazebo/share/mycobot_gazebo/hook/cmake_prefix_path.dsv'
[2.730s] INFO:colcon.colcon_core.shell:Creating environment hook '/home/tony/Gazebo/install/mycobot_gazebo/share/mycobot_gazebo/hook/cmake_prefix_path.sh'
[2.730s] Level 1:colcon.colcon_core.environment:checking '/home/tony/Gazebo/install/mycobot_gazebo/bin'
[2.730s] Level 1:colcon.colcon_core.environment:checking '/home/tony/Gazebo/install/mycobot_gazebo/lib/pkgconfig/mycobot_gazebo.pc'
[2.730s] Level 1:colcon.colcon_core.environment:checking '/home/tony/Gazebo/install/mycobot_gazebo/lib/python3.12/site-packages'
[2.731s] Level 1:colcon.colcon_core.environment:checking '/home/tony/Gazebo/install/mycobot_gazebo/bin'
[2.731s] INFO:colcon.colcon_core.shell:Creating package script '/home/tony/Gazebo/install/mycobot_gazebo/share/mycobot_gazebo/package.ps1'
[2.731s] INFO:colcon.colcon_core.shell:Creating package descriptor '/home/tony/Gazebo/install/mycobot_gazebo/share/mycobot_gazebo/package.dsv'
[2.732s] INFO:colcon.colcon_core.shell:Creating package script '/home/tony/Gazebo/install/mycobot_gazebo/share/mycobot_gazebo/package.sh'
[2.732s] INFO:colcon.colcon_core.shell:Creating package script '/home/tony/Gazebo/install/mycobot_gazebo/share/mycobot_gazebo/package.bash'
[2.732s] INFO:colcon.colcon_core.shell:Creating package script '/home/tony/Gazebo/install/mycobot_gazebo/share/mycobot_gazebo/package.zsh'
[2.733s] Level 1:colcon.colcon_core.environment:create_file_with_runtime_dependencies(/home/tony/Gazebo/install/mycobot_gazebo/share/colcon-core/packages/mycobot_gazebo)
[2.733s] DEBUG:colcon.colcon_parallel_executor.executor.parallel:closing loop
[2.733s] DEBUG:colcon.colcon_parallel_executor.executor.parallel:loop closed
[2.733s] DEBUG:colcon.colcon_parallel_executor.executor.parallel:run_until_complete finished with '0'
[2.733s] DEBUG:colcon.colcon_core.event_reactor:joining thread
[2.739s] INFO:colcon.colcon_core.plugin_system:Skipping extension 'colcon_notification.desktop_notification.terminal_notifier': Not used on non-Darwin systems
[2.739s] INFO:colcon.colcon_core.plugin_system:Skipping extension 'colcon_notification.desktop_notification.win32': Not used on non-Windows systems
[2.739s] INFO:colcon.colcon_notification.desktop_notification:Sending desktop notification using 'notify2'
[2.754s] DEBUG:colcon.colcon_core.event_reactor:joined thread
[2.754s] INFO:colcon.colcon_core.shell:Creating prefix script '/home/tony/Gazebo/install/local_setup.ps1'
[2.755s] INFO:colcon.colcon_core.shell:Creating prefix util module '/home/tony/Gazebo/install/_local_setup_util_ps1.py'
[2.756s] INFO:colcon.colcon_core.shell:Creating prefix chain script '/home/tony/Gazebo/install/setup.ps1'
[2.757s] INFO:colcon.colcon_core.shell:Creating prefix script '/home/tony/Gazebo/install/local_setup.sh'
[2.757s] INFO:colcon.colcon_core.shell:Creating prefix util module '/home/tony/Gazebo/install/_local_setup_util_sh.py'
[2.758s] INFO:colcon.colcon_core.shell:Creating prefix chain script '/home/tony/Gazebo/install/setup.sh'
[2.759s] INFO:colcon.colcon_core.shell:Creating prefix script '/home/tony/Gazebo/install/local_setup.bash'
[2.759s] INFO:colcon.colcon_core.shell:Creating prefix chain script '/home/tony/Gazebo/install/setup.bash'
[2.760s] INFO:colcon.colcon_core.shell:Creating prefix script '/home/tony/Gazebo/install/local_setup.zsh'
[2.761s] INFO:colcon.colcon_core.shell:Creating prefix chain script '/home/tony/Gazebo/install/setup.zsh'
