[0.023s] Invoking command in '/home/tony/Gazebo/build/mycobot_description': CMAKE_PREFIX_PATH=${CMAKE_PREFIX_PATH}:/opt/ros/jazzy DEBUGINFOD_URLS=https://debuginfod.ubuntu.com /usr/bin/cmake --build /home/tony/Gazebo/build/mycobot_description -- -j16 -l16
[0.123s] Invoked command in '/home/tony/Gazebo/build/mycobot_description' returned '0': CMAKE_PREFIX_PATH=${CMAKE_PREFIX_PATH}:/opt/ros/jazzy DEBUGINFOD_URLS=https://debuginfod.ubuntu.com /usr/bin/cmake --build /home/tony/Gazebo/build/mycobot_description -- -j16 -l16
[0.124s] Invoking command in '/home/tony/Gazebo/build/mycobot_description': CMAKE_PREFIX_PATH=${CMAKE_PREFIX_PATH}:/opt/ros/jazzy DEBUGINFOD_URLS=https://debuginfod.ubuntu.com /usr/bin/cmake --install /home/tony/Gazebo/build/mycobot_description
[0.141s] -- Install configuration: ""
[0.142s] -- Execute custom install script
[0.142s] -- Up-to-date symlink: /home/tony/Gazebo/install/mycobot_description/share/mycobot_description/launch/robot_description.launch.py
[0.142s] -- Up-to-date symlink: /home/tony/Gazebo/install/mycobot_description/share/mycobot_description/meshes/adaptive_gripper/visual/gripper_base.dae
[0.142s] -- Up-to-date symlink: /home/tony/Gazebo/install/mycobot_description/share/mycobot_description/meshes/adaptive_gripper/visual/gripper_left1.dae
[0.143s] -- Up-to-date symlink: /home/tony/Gazebo/install/mycobot_description/share/mycobot_description/meshes/adaptive_gripper/visual/gripper_left2.dae
[0.143s] -- Up-to-date symlink: /home/tony/Gazebo/install/mycobot_description/share/mycobot_description/meshes/adaptive_gripper/visual/gripper_left3.dae
[0.143s] -- Up-to-date symlink: /home/tony/Gazebo/install/mycobot_description/share/mycobot_description/meshes/adaptive_gripper/visual/gripper_right1.dae
[0.143s] -- Up-to-date symlink: /home/tony/Gazebo/install/mycobot_description/share/mycobot_description/meshes/adaptive_gripper/visual/gripper_right2.dae
[0.143s] -- Up-to-date symlink: /home/tony/Gazebo/install/mycobot_description/share/mycobot_description/meshes/adaptive_gripper/visual/gripper_right3.dae
[0.144s] -- Up-to-date symlink: /home/tony/Gazebo/install/mycobot_description/share/mycobot_description/meshes/d435/visual/d435.stl
[0.144s] -- Up-to-date symlink: /home/tony/Gazebo/install/mycobot_description/share/mycobot_description/meshes/g_shape_base_v2_0/visual/base_link.dae
[0.144s] -- Up-to-date symlink: /home/tony/Gazebo/install/mycobot_description/share/mycobot_description/meshes/mycobot_280/visual/link1.dae
[0.144s] -- Up-to-date symlink: /home/tony/Gazebo/install/mycobot_description/share/mycobot_description/meshes/mycobot_280/visual/link1.png
[0.145s] -- Up-to-date symlink: /home/tony/Gazebo/install/mycobot_description/share/mycobot_description/meshes/mycobot_280/visual/link2.dae
[0.145s] -- Up-to-date symlink: /home/tony/Gazebo/install/mycobot_description/share/mycobot_description/meshes/mycobot_280/visual/link2.png
[0.145s] -- Up-to-date symlink: /home/tony/Gazebo/install/mycobot_description/share/mycobot_description/meshes/mycobot_280/visual/link3.dae
[0.146s] -- Up-to-date symlink: /home/tony/Gazebo/install/mycobot_description/share/mycobot_description/meshes/mycobot_280/visual/link3.png
[0.146s] -- Up-to-date symlink: /home/tony/Gazebo/install/mycobot_description/share/mycobot_description/meshes/mycobot_280/visual/link4.dae
[0.146s] -- Up-to-date symlink: /home/tony/Gazebo/install/mycobot_description/share/mycobot_description/meshes/mycobot_280/visual/link4.png
[0.146s] -- Up-to-date symlink: /home/tony/Gazebo/install/mycobot_description/share/mycobot_description/meshes/mycobot_280/visual/link5.dae
[0.147s] -- Up-to-date symlink: /home/tony/Gazebo/install/mycobot_description/share/mycobot_description/meshes/mycobot_280/visual/link5.png
[0.147s] -- Up-to-date symlink: /home/tony/Gazebo/install/mycobot_description/share/mycobot_description/meshes/mycobot_280/visual/link6.dae
[0.147s] -- Up-to-date symlink: /home/tony/Gazebo/install/mycobot_description/share/mycobot_description/meshes/mycobot_280/visual/link6.png
[0.147s] -- Up-to-date symlink: /home/tony/Gazebo/install/mycobot_description/share/mycobot_description/meshes/mycobot_280/visual/link7.dae
[0.147s] -- Up-to-date symlink: /home/tony/Gazebo/install/mycobot_description/share/mycobot_description/meshes/mycobot_280/visual/link7.png
[0.148s] -- Up-to-date symlink: /home/tony/Gazebo/install/mycobot_description/share/mycobot_description/meshes/mycobot_280/visual/suit_env.dae
[0.148s] [33mCMake Warning (dev) at ament_cmake_symlink_install/ament_cmake_symlink_install.cmake:67 (file):
[0.148s]   Policy CMP0009 is not set: FILE GLOB_RECURSE calls should not follow
[0.148s]   symlinks by default.  Run "cmake --help-policy CMP0009" for policy details.
[0.148s]   Use the cmake_policy command to set the policy and suppress this warning.
[0.148s] Call Stack (most recent call first):
[0.149s]   ament_cmake_symlink_install/ament_cmake_symlink_install.cmake:319 (ament_cmake_symlink_install_directory)
[0.149s]   cmake_install.cmake:46 (include)
[0.149s] This warning is for project developers.  Use -Wno-dev to suppress it.
[0.149s] [0m
[0.149s] -- Up-to-date symlink: /home/tony/Gazebo/install/mycobot_description/share/mycobot_description/urdf/control/gazebo_sim_ros2_control.urdf.xacro
[0.149s] -- Up-to-date symlink: /home/tony/Gazebo/install/mycobot_description/share/mycobot_description/urdf/control/mycobot_280_ros2_control.urdf.xacro
[0.149s] -- Up-to-date symlink: /home/tony/Gazebo/install/mycobot_description/share/mycobot_description/urdf/mech/adaptive_gripper.urdf.xacro
[0.150s] -- Up-to-date symlink: /home/tony/Gazebo/install/mycobot_description/share/mycobot_description/urdf/mech/g_shape_base_v2_0.urdf.xacro
[0.150s] -- Up-to-date symlink: /home/tony/Gazebo/install/mycobot_description/share/mycobot_description/urdf/mech/mycobot_280_arm.urdf.xacro
[0.150s] -- Up-to-date symlink: /home/tony/Gazebo/install/mycobot_description/share/mycobot_description/urdf/mycobot280_rviz.png
[0.150s] -- Symlinking: /home/tony/Gazebo/install/mycobot_description/share/mycobot_description/urdf/robots/build/.built_by
[0.165s] -- Symlinking: /home/tony/Gazebo/install/mycobot_description/share/mycobot_description/urdf/robots/build/COLCON_IGNORE
[0.182s] -- Symlinking: /home/tony/Gazebo/install/mycobot_description/share/mycobot_description/urdf/robots/install/.colcon_install_layout
[0.200s] -- Symlinking: /home/tony/Gazebo/install/mycobot_description/share/mycobot_description/urdf/robots/install/COLCON_IGNORE
[0.216s] -- Symlinking: /home/tony/Gazebo/install/mycobot_description/share/mycobot_description/urdf/robots/install/_local_setup_util_ps1.py
[0.234s] -- Symlinking: /home/tony/Gazebo/install/mycobot_description/share/mycobot_description/urdf/robots/install/_local_setup_util_sh.py
[0.250s] -- Symlinking: /home/tony/Gazebo/install/mycobot_description/share/mycobot_description/urdf/robots/install/local_setup.bash
[0.265s] -- Symlinking: /home/tony/Gazebo/install/mycobot_description/share/mycobot_description/urdf/robots/install/local_setup.ps1
[0.279s] -- Symlinking: /home/tony/Gazebo/install/mycobot_description/share/mycobot_description/urdf/robots/install/local_setup.sh
[0.295s] -- Symlinking: /home/tony/Gazebo/install/mycobot_description/share/mycobot_description/urdf/robots/install/local_setup.zsh
[0.309s] -- Symlinking: /home/tony/Gazebo/install/mycobot_description/share/mycobot_description/urdf/robots/install/setup.bash
[0.326s] -- Symlinking: /home/tony/Gazebo/install/mycobot_description/share/mycobot_description/urdf/robots/install/setup.ps1
[0.341s] -- Symlinking: /home/tony/Gazebo/install/mycobot_description/share/mycobot_description/urdf/robots/install/setup.sh
[0.357s] -- Symlinking: /home/tony/Gazebo/install/mycobot_description/share/mycobot_description/urdf/robots/install/setup.zsh
[0.375s] -- Symlinking: /home/tony/Gazebo/install/mycobot_description/share/mycobot_description/urdf/robots/log/COLCON_IGNORE
[0.391s] -- Symlinking: /home/tony/Gazebo/install/mycobot_description/share/mycobot_description/urdf/robots/log/build_2026-09-13_22-42-04/events.log
[0.405s] -- Symlinking: /home/tony/Gazebo/install/mycobot_description/share/mycobot_description/urdf/robots/log/build_2026-09-13_22-42-04/logger_all.log
[0.419s] -- Symlinking: /home/tony/Gazebo/install/mycobot_description/share/mycobot_description/urdf/robots/log/latest/events.log
[0.432s] -- Symlinking: /home/tony/Gazebo/install/mycobot_description/share/mycobot_description/urdf/robots/log/latest/logger_all.log
[0.445s] -- Symlinking: /home/tony/Gazebo/install/mycobot_description/share/mycobot_description/urdf/robots/log/latest_build/events.log
[0.460s] -- Symlinking: /home/tony/Gazebo/install/mycobot_description/share/mycobot_description/urdf/robots/log/latest_build/logger_all.log
[0.474s] -- Symlinking: /home/tony/Gazebo/install/mycobot_description/share/mycobot_description/urdf/robots/mycobot_280.urdf
[0.487s] -- Up-to-date symlink: /home/tony/Gazebo/install/mycobot_description/share/mycobot_description/urdf/robots/mycobot_280.urdf.xacro
[0.487s] -- Up-to-date symlink: /home/tony/Gazebo/install/mycobot_description/share/mycobot_description/urdf/sensors/intel_rgbd_cam_d435.urdf.xacro
[0.488s] -- Up-to-date symlink: /home/tony/Gazebo/install/mycobot_description/share/mycobot_description/rviz/default.rviz
[0.488s] -- Up-to-date symlink: /home/tony/Gazebo/install/mycobot_description/share/mycobot_description/rviz/mycobot_280_description.rviz
[0.488s] -- Up-to-date symlink: /home/tony/Gazebo/install/mycobot_description/share/ament_index/resource_index/package_run_dependencies/mycobot_description
[0.488s] -- Up-to-date symlink: /home/tony/Gazebo/install/mycobot_description/share/ament_index/resource_index/parent_prefix_path/mycobot_description
[0.488s] -- Up-to-date symlink: /home/tony/Gazebo/install/mycobot_description/share/mycobot_description/environment/ament_prefix_path.sh
[0.488s] -- Up-to-date symlink: /home/tony/Gazebo/install/mycobot_description/share/mycobot_description/environment/ament_prefix_path.dsv
[0.489s] -- Up-to-date symlink: /home/tony/Gazebo/install/mycobot_description/share/mycobot_description/environment/path.sh
[0.489s] -- Up-to-date symlink: /home/tony/Gazebo/install/mycobot_description/share/mycobot_description/environment/path.dsv
[0.489s] -- Up-to-date symlink: /home/tony/Gazebo/install/mycobot_description/share/mycobot_description/local_setup.bash
[0.489s] -- Up-to-date symlink: /home/tony/Gazebo/install/mycobot_description/share/mycobot_description/local_setup.sh
[0.489s] -- Up-to-date symlink: /home/tony/Gazebo/install/mycobot_description/share/mycobot_description/local_setup.zsh
[0.490s] -- Up-to-date symlink: /home/tony/Gazebo/install/mycobot_description/share/mycobot_description/local_setup.dsv
[0.490s] -- Symlinking: /home/tony/Gazebo/install/mycobot_description/share/mycobot_description/package.dsv
[0.504s] -- Up-to-date symlink: /home/tony/Gazebo/install/mycobot_description/share/ament_index/resource_index/packages/mycobot_description
[0.505s] -- Up-to-date symlink: /home/tony/Gazebo/install/mycobot_description/share/mycobot_description/cmake/mycobot_descriptionConfig.cmake
[0.505s] -- Up-to-date symlink: /home/tony/Gazebo/install/mycobot_description/share/mycobot_description/cmake/mycobot_descriptionConfig-version.cmake
[0.505s] -- Up-to-date symlink: /home/tony/Gazebo/install/mycobot_description/share/mycobot_description/package.xml
[0.509s] Invoked command in '/home/tony/Gazebo/build/mycobot_description' returned '0': CMAKE_PREFIX_PATH=${CMAKE_PREFIX_PATH}:/opt/ros/jazzy DEBUGINFOD_URLS=https://debuginfod.ubuntu.com /usr/bin/cmake --install /home/tony/Gazebo/build/mycobot_description
