-- Found ament_cmake: 2.5.6 (/opt/ros/jazzy/share/ament_cmake/cmake)
-- Override CMake install command with custom implementation using symlinks instead of copying resources
-- Found ament_lint_auto: 0.17.5 (/opt/ros/jazzy/share/ament_lint_auto/cmake)
-- Added test 'lint_cmake' to check CMake code style
-- Added test 'xmllint' to check XML markup files
-- Configuring done (0.3s)
-- Generating done (0.0s)
-- Build files have been written to: /home/tony/Gazebo/build/mycobot_bringup
-- Install configuration: ""
-- Execute custom install script
-- Up-to-date symlink: /home/tony/Gazebo/install/mycobot_bringup/share/mycobot_bringup/scripts/start.sh
-- Up-to-date symlink: /home/tony/Gazebo/install/mycobot_bringup/share/ament_index/resource_index/package_run_dependencies/mycobot_bringup
-- Up-to-date symlink: /home/tony/Gazebo/install/mycobot_bringup/share/ament_index/resource_index/parent_prefix_path/mycobot_bringup
-- Up-to-date symlink: /home/tony/Gazebo/install/mycobot_bringup/share/mycobot_bringup/environment/ament_prefix_path.sh
-- Up-to-date symlink: /home/tony/Gazebo/install/mycobot_bringup/share/mycobot_bringup/environment/ament_prefix_path.dsv
-- Up-to-date symlink: /home/tony/Gazebo/install/mycobot_bringup/share/mycobot_bringup/environment/path.sh
-- Up-to-date symlink: /home/tony/Gazebo/install/mycobot_bringup/share/mycobot_bringup/environment/path.dsv
-- Up-to-date symlink: /home/tony/Gazebo/install/mycobot_bringup/share/mycobot_bringup/local_setup.bash
-- Up-to-date symlink: /home/tony/Gazebo/install/mycobot_bringup/share/mycobot_bringup/local_setup.sh
-- Up-to-date symlink: /home/tony/Gazebo/install/mycobot_bringup/share/mycobot_bringup/local_setup.zsh
-- Up-to-date symlink: /home/tony/Gazebo/install/mycobot_bringup/share/mycobot_bringup/local_setup.dsv
-- Symlinking: /home/tony/Gazebo/install/mycobot_bringup/share/mycobot_bringup/package.dsv
-- Up-to-date symlink: /home/tony/Gazebo/install/mycobot_bringup/share/ament_index/resource_index/packages/mycobot_bringup
-- Up-to-date symlink: /home/tony/Gazebo/install/mycobot_bringup/share/mycobot_bringup/cmake/mycobot_bringupConfig.cmake
-- Up-to-date symlink: /home/tony/Gazebo/install/mycobot_bringup/share/mycobot_bringup/cmake/mycobot_bringupConfig-version.cmake
-- Up-to-date symlink: /home/tony/Gazebo/install/mycobot_bringup/share/mycobot_bringup/package.xml
