[0.020s] Invoking command in '/home/tony/Gazebo/build/mycobot_bringup': CMAKE_PREFIX_PATH=${CMAKE_PREFIX_PATH}:/opt/ros/jazzy DEBUGINFOD_URLS=https://debuginfod.ubuntu.com /usr/bin/cmake /home/tony/Gazebo/src/mycobot_ros2/mycobot_bringup -DAMENT_CMAKE_SYMLINK_INSTALL=1 -DCMAKE_INSTALL_PREFIX=/home/tony/Gazebo/install/mycobot_bringup
[0.097s] -- The C compiler identification is GNU 13.3.0
[0.165s] -- The CXX compiler identification is GNU 13.3.0
[0.184s] -- Detecting C compiler ABI info
[0.271s] -- Detecting C compiler ABI info - done
[0.280s] -- Check for working C compiler: /usr/bin/cc - skipped
[0.281s] -- Detecting C compile features
[0.281s] -- Detecting C compile features - done
[0.289s] -- Detecting CXX compiler ABI info
[0.412s] -- Detecting CXX compiler ABI info - done
[0.424s] -- Check for working CXX compiler: /usr/bin/c++ - skipped
[0.424s] -- Detecting CXX compile features
[0.425s] -- Detecting CXX compile features - done
[0.430s] -- Found ament_cmake: 2.5.6 (/opt/ros/jazzy/share/ament_cmake/cmake)
[0.631s] -- Found Python3: /usr/bin/python3 (found version "3.12.3") found components: Interpreter 
[0.755s] -- Override CMake install command with custom implementation using symlinks instead of copying resources
[0.818s] -- Found ament_lint_auto: 0.17.5 (/opt/ros/jazzy/share/ament_lint_auto/cmake)
[0.996s] -- Added test 'lint_cmake' to check CMake code style
[0.997s] -- Added test 'xmllint' to check XML markup files
[0.999s] -- Configuring done (1.0s)
[1.003s] -- Generating done (0.0s)
[1.005s] -- Build files have been written to: /home/tony/Gazebo/build/mycobot_bringup
[1.011s] Invoked command in '/home/tony/Gazebo/build/mycobot_bringup' returned '0': CMAKE_PREFIX_PATH=${CMAKE_PREFIX_PATH}:/opt/ros/jazzy DEBUGINFOD_URLS=https://debuginfod.ubuntu.com /usr/bin/cmake /home/tony/Gazebo/src/mycobot_ros2/mycobot_bringup -DAMENT_CMAKE_SYMLINK_INSTALL=1 -DCMAKE_INSTALL_PREFIX=/home/tony/Gazebo/install/mycobot_bringup
[1.013s] Invoking command in '/home/tony/Gazebo/build/mycobot_bringup': CMAKE_PREFIX_PATH=${CMAKE_PREFIX_PATH}:/opt/ros/jazzy DEBUGINFOD_URLS=https://debuginfod.ubuntu.com /usr/bin/cmake --build /home/tony/Gazebo/build/mycobot_bringup -- -j16 -l16
[1.063s] Invoked command in '/home/tony/Gazebo/build/mycobot_bringup' returned '0': CMAKE_PREFIX_PATH=${CMAKE_PREFIX_PATH}:/opt/ros/jazzy DEBUGINFOD_URLS=https://debuginfod.ubuntu.com /usr/bin/cmake --build /home/tony/Gazebo/build/mycobot_bringup -- -j16 -l16
[1.064s] Invoking command in '/home/tony/Gazebo/build/mycobot_bringup': CMAKE_PREFIX_PATH=${CMAKE_PREFIX_PATH}:/opt/ros/jazzy DEBUGINFOD_URLS=https://debuginfod.ubuntu.com /usr/bin/cmake --install /home/tony/Gazebo/build/mycobot_bringup
[1.075s] -- Install configuration: ""
[1.075s] -- Execute custom install script
[1.076s] -- Symlinking: /home/tony/Gazebo/install/mycobot_bringup/share/mycobot_bringup/scripts/start.sh
[1.089s] -- Symlinking: /home/tony/Gazebo/install/mycobot_bringup/share/ament_index/resource_index/package_run_dependencies/mycobot_bringup
[1.098s] -- Symlinking: /home/tony/Gazebo/install/mycobot_bringup/share/ament_index/resource_index/parent_prefix_path/mycobot_bringup
[1.111s] -- Symlinking: /home/tony/Gazebo/install/mycobot_bringup/share/mycobot_bringup/environment/ament_prefix_path.sh
[1.123s] -- Symlinking: /home/tony/Gazebo/install/mycobot_bringup/share/mycobot_bringup/environment/ament_prefix_path.dsv
[1.133s] -- Symlinking: /home/tony/Gazebo/install/mycobot_bringup/share/mycobot_bringup/environment/path.sh
[1.146s] -- Symlinking: /home/tony/Gazebo/install/mycobot_bringup/share/mycobot_bringup/environment/path.dsv
[1.157s] -- Symlinking: /home/tony/Gazebo/install/mycobot_bringup/share/mycobot_bringup/local_setup.bash
[1.166s] -- Symlinking: /home/tony/Gazebo/install/mycobot_bringup/share/mycobot_bringup/local_setup.sh
[1.174s] -- Symlinking: /home/tony/Gazebo/install/mycobot_bringup/share/mycobot_bringup/local_setup.zsh
[1.182s] -- Symlinking: /home/tony/Gazebo/install/mycobot_bringup/share/mycobot_bringup/local_setup.dsv
[1.190s] -- Symlinking: /home/tony/Gazebo/install/mycobot_bringup/share/mycobot_bringup/package.dsv
[1.197s] -- Symlinking: /home/tony/Gazebo/install/mycobot_bringup/share/ament_index/resource_index/packages/mycobot_bringup
[1.205s] -- Symlinking: /home/tony/Gazebo/install/mycobot_bringup/share/mycobot_bringup/cmake/mycobot_bringupConfig.cmake
[1.214s] -- Symlinking: /home/tony/Gazebo/install/mycobot_bringup/share/mycobot_bringup/cmake/mycobot_bringupConfig-version.cmake
[1.224s] -- Symlinking: /home/tony/Gazebo/install/mycobot_bringup/share/mycobot_bringup/package.xml
[1.235s] Invoked command in '/home/tony/Gazebo/build/mycobot_bringup' returned '0': CMAKE_PREFIX_PATH=${CMAKE_PREFIX_PATH}:/opt/ros/jazzy DEBUGINFOD_URLS=https://debuginfod.ubuntu.com /usr/bin/cmake --install /home/tony/Gazebo/build/mycobot_bringup
