[0.024s] Invoking command in '/home/tony/Gazebo/build/mycobot_bringup': CMAKE_PREFIX_PATH=${CMAKE_PREFIX_PATH}:/opt/ros/jazzy DEBUGINFOD_URLS=https://debuginfod.ubuntu.com /usr/bin/cmake --build /home/tony/Gazebo/build/mycobot_bringup -- -j16 -l16
[0.102s] Invoked command in '/home/tony/Gazebo/build/mycobot_bringup' returned '0': CMAKE_PREFIX_PATH=${CMAKE_PREFIX_PATH}:/opt/ros/jazzy DEBUGINFOD_URLS=https://debuginfod.ubuntu.com /usr/bin/cmake --build /home/tony/Gazebo/build/mycobot_bringup -- -j16 -l16
[0.116s] Invoking command in '/home/tony/Gazebo/build/mycobot_bringup': CMAKE_PREFIX_PATH=${CMAKE_PREFIX_PATH}:/opt/ros/jazzy DEBUGINFOD_URLS=https://debuginfod.ubuntu.com /usr/bin/cmake --install /home/tony/Gazebo/build/mycobot_bringup
[0.133s] -- Install configuration: ""
[0.133s] -- Execute custom install script
[0.134s] -- Up-to-date symlink: /home/tony/Gazebo/install/mycobot_bringup/share/mycobot_bringup/scripts/start.sh
[0.134s] -- Up-to-date symlink: /home/tony/Gazebo/install/mycobot_bringup/share/ament_index/resource_index/package_run_dependencies/mycobot_bringup
[0.134s] -- Up-to-date symlink: /home/tony/Gazebo/install/mycobot_bringup/share/ament_index/resource_index/parent_prefix_path/mycobot_bringup
[0.134s] -- Up-to-date symlink: /home/tony/Gazebo/install/mycobot_bringup/share/mycobot_bringup/environment/ament_prefix_path.sh
[0.135s] -- Up-to-date symlink: /home/tony/Gazebo/install/mycobot_bringup/share/mycobot_bringup/environment/ament_prefix_path.dsv
[0.135s] -- Up-to-date symlink: /home/tony/Gazebo/install/mycobot_bringup/share/mycobot_bringup/environment/path.sh
[0.135s] -- Up-to-date symlink: /home/tony/Gazebo/install/mycobot_bringup/share/mycobot_bringup/environment/path.dsv
[0.136s] -- Up-to-date symlink: /home/tony/Gazebo/install/mycobot_bringup/share/mycobot_bringup/local_setup.bash
[0.136s] -- Up-to-date symlink: /home/tony/Gazebo/install/mycobot_bringup/share/mycobot_bringup/local_setup.sh
[0.136s] -- Up-to-date symlink: /home/tony/Gazebo/install/mycobot_bringup/share/mycobot_bringup/local_setup.zsh
[0.136s] -- Up-to-date symlink: /home/tony/Gazebo/install/mycobot_bringup/share/mycobot_bringup/local_setup.dsv
[0.137s] -- Symlinking: /home/tony/Gazebo/install/mycobot_bringup/share/mycobot_bringup/package.dsv
[0.150s] -- Up-to-date symlink: /home/tony/Gazebo/install/mycobot_bringup/share/ament_index/resource_index/packages/mycobot_bringup
[0.151s] -- Up-to-date symlink: /home/tony/Gazebo/install/mycobot_bringup/share/mycobot_bringup/cmake/mycobot_bringupConfig.cmake
[0.151s] -- Up-to-date symlink: /home/tony/Gazebo/install/mycobot_bringup/share/mycobot_bringup/cmake/mycobot_bringupConfig-version.cmake
[0.151s] -- Up-to-date symlink: /home/tony/Gazebo/install/mycobot_bringup/share/mycobot_bringup/package.xml
[0.154s] Invoked command in '/home/tony/Gazebo/build/mycobot_bringup' returned '0': CMAKE_PREFIX_PATH=${CMAKE_PREFIX_PATH}:/opt/ros/jazzy DEBUGINFOD_URLS=https://debuginfod.ubuntu.com /usr/bin/cmake --install /home/tony/Gazebo/build/mycobot_bringup
