-- The C compiler identification is GNU 13.3.0
-- The CXX compiler identification is GNU 13.3.0
-- Detecting C compiler ABI info
-- Detecting C compiler ABI info - done
-- Check for working C compiler: /usr/bin/cc - skipped
-- Detecting C compile features
-- Detecting C compile features - done
-- Detecting CXX compiler ABI info
-- Detecting CXX compiler ABI info - done
-- Check for working CXX compiler: /usr/bin/c++ - skipped
-- Detecting CXX compile features
-- Detecting CXX compile features - done
-- Found ament_cmake: 2.5.6 (/opt/ros/jazzy/share/ament_cmake/cmake)
-- Found Python3: /usr/bin/python3 (found version "3.12.3") found components: Interpreter 
-- Override CMake install command with custom implementation using symlinks instead of copying resources
-- Found controller_manager: 4.48.0 (/opt/ros/jazzy/share/controller_manager/cmake)
-- Found rosidl_generator_c: 4.6.9 (/opt/ros/jazzy/share/rosidl_generator_c/cmake)
-- Found rosidl_generator_cpp: 4.6.9 (/opt/ros/jazzy/share/rosidl_generator_cpp/cmake)
-- Using all available rosidl_typesupport_c: rosidl_typesupport_fastrtps_c;rosidl_typesupport_introspection_c
-- Using all available rosidl_typesupport_cpp: rosidl_typesupport_fastrtps_cpp;rosidl_typesupport_introspection_cpp
-- Found rmw_implementation_cmake: 7.3.3 (/opt/ros/jazzy/share/rmw_implementation_cmake/cmake)
-- Found rmw_fastrtps_cpp: 8.4.4 (/opt/ros/jazzy/share/rmw_fastrtps_cpp/cmake)
-- Found OpenSSL: /usr/lib/x86_64-linux-gnu/libcrypto.so (found version "3.0.13")  
-- Found FastRTPS: /opt/ros/jazzy/include (Required is at least version "2.13") 
-- Using RMW implementation 'rmw_fastrtps_cpp' as default
[0mCMake Deprecation Warning at /opt/ros/jazzy/share/tl_expected/cmake/tl_expectedConfig.cmake:37 (message):
  Package 'tl_expected' is deprecated (This package will be removed in ROS 2
  Lyrical Luth.

        Use tl/expected.hpp from libexpected-dev,
        or rcpputils/tl_expected/expected.hpp if the system header is not available)
Call Stack (most recent call first):
  /opt/ros/jazzy/share/parameter_traits/cmake/ament_cmake_export_dependencies-extras.cmake:21 (find_package)
  /opt/ros/jazzy/share/parameter_traits/cmake/parameter_traitsConfig.cmake:41 (include)
  /opt/ros/jazzy/share/controller_manager/cmake/ament_cmake_export_dependencies-extras.cmake:21 (find_package)
  /opt/ros/jazzy/share/controller_manager/cmake/controller_managerConfig.cmake:41 (include)
  CMakeLists.txt:10 (find_package)

[0m
-- Found Boost: /usr/lib/x86_64-linux-gnu/cmake/Boost-1.83.0/BoostConfig.cmake (found version "1.83.0")  
-- Found gripper_controllers: 4.42.1 (/opt/ros/jazzy/share/gripper_controllers/cmake)
-- Found eigen3_cmake_module: 0.3.1 (/opt/ros/jazzy/share/eigen3_cmake_module/cmake)
-- Found Eigen3: TRUE (found version "3.4.0") 
-- Ensuring Eigen3 include directory is part of orocos-kdl CMake target
-- Found ros2_control: 4.48.0 (/opt/ros/jazzy/share/ros2_control/cmake)
-- Found ros2_controllers: 4.42.1 (/opt/ros/jazzy/share/ros2_controllers/cmake)
-- Found xacro: 2.1.1 (/opt/ros/jazzy/share/xacro/cmake)
-- Found ament_lint_auto: 0.17.5 (/opt/ros/jazzy/share/ament_lint_auto/cmake)
-- Added test 'flake8' to check Python code syntax and style conventions
-- Configured 'flake8' exclude dirs and/or files: 
-- Added test 'lint_cmake' to check CMake code style
-- Added test 'pep257' to check Python code against some of the docstring style conventions in PEP 257
-- Added test 'xmllint' to check XML markup files
-- Configuring done (2.3s)
-- Generating done (0.0s)
-- Build files have been written to: /home/tony/Gazebo/build/mycobot_gazebo
-- Install configuration: ""
-- Execute custom install script
-- Symlinking: /home/tony/Gazebo/install/mycobot_gazebo/share/mycobot_gazebo/launch/gazebo.launch.py
-- Symlinking: /home/tony/Gazebo/install/mycobot_gazebo/share/mycobot_gazebo/config/topic_bridge.yaml
-- Symlinking: /home/tony/Gazebo/install/mycobot_gazebo/share/mycobot_gazebo/worlds/pick_and_place.world
-- Symlinking: /home/tony/Gazebo/install/mycobot_gazebo/share/ament_index/resource_index/package_run_dependencies/mycobot_gazebo
-- Symlinking: /home/tony/Gazebo/install/mycobot_gazebo/share/ament_index/resource_index/parent_prefix_path/mycobot_gazebo
-- Symlinking: /home/tony/Gazebo/install/mycobot_gazebo/share/mycobot_gazebo/environment/ament_prefix_path.sh
-- Symlinking: /home/tony/Gazebo/install/mycobot_gazebo/share/mycobot_gazebo/environment/ament_prefix_path.dsv
-- Symlinking: /home/tony/Gazebo/install/mycobot_gazebo/share/mycobot_gazebo/environment/path.sh
-- Symlinking: /home/tony/Gazebo/install/mycobot_gazebo/share/mycobot_gazebo/environment/path.dsv
-- Symlinking: /home/tony/Gazebo/install/mycobot_gazebo/share/mycobot_gazebo/local_setup.bash
-- Symlinking: /home/tony/Gazebo/install/mycobot_gazebo/share/mycobot_gazebo/local_setup.sh
-- Symlinking: /home/tony/Gazebo/install/mycobot_gazebo/share/mycobot_gazebo/local_setup.zsh
-- Symlinking: /home/tony/Gazebo/install/mycobot_gazebo/share/mycobot_gazebo/local_setup.dsv
-- Symlinking: /home/tony/Gazebo/install/mycobot_gazebo/share/mycobot_gazebo/package.dsv
-- Symlinking: /home/tony/Gazebo/install/mycobot_gazebo/share/ament_index/resource_index/packages/mycobot_gazebo
-- Symlinking: /home/tony/Gazebo/install/mycobot_gazebo/share/mycobot_gazebo/cmake/mycobot_gazeboConfig.cmake
-- Symlinking: /home/tony/Gazebo/install/mycobot_gazebo/share/mycobot_gazebo/cmake/mycobot_gazeboConfig-version.cmake
-- Symlinking: /home/tony/Gazebo/install/mycobot_gazebo/share/mycobot_gazebo/package.xml
