[0.016s] Invoking command in '/home/tony/Gazebo/build/mycobot_description': CMAKE_PREFIX_PATH=${CMAKE_PREFIX_PATH}:/opt/ros/jazzy DEBUGINFOD_URLS=https://debuginfod.ubuntu.com /usr/bin/cmake /home/tony/Gazebo/src/mycobot_ros2/mycobot_description -DAMENT_CMAKE_SYMLINK_INSTALL=1 -DCMAKE_INSTALL_PREFIX=/home/tony/Gazebo/install/mycobot_description
[0.086s] -- The C compiler identification is GNU 13.3.0
[0.147s] -- The CXX compiler identification is GNU 13.3.0
[0.163s] -- Detecting C compiler ABI info
[0.261s] -- Detecting C compiler ABI info - done
[0.270s] -- Check for working C compiler: /usr/bin/cc - skipped
[0.271s] -- Detecting C compile features
[0.271s] -- Detecting C compile features - done
[0.280s] -- Detecting CXX compiler ABI info
[0.396s] -- Detecting CXX compiler ABI info - done
[0.408s] -- Check for working CXX compiler: /usr/bin/c++ - skipped
[0.409s] -- Detecting CXX compile features
[0.410s] -- Detecting CXX compile features - done
[0.415s] -- Found ament_cmake: 2.5.6 (/opt/ros/jazzy/share/ament_cmake/cmake)
[0.564s] -- Found Python3: /usr/bin/python3 (found version "3.12.3") found components: Interpreter 
[0.637s] -- Override CMake install command with custom implementation using symlinks instead of copying resources
[0.696s] -- Found ament_lint_auto: 0.17.5 (/opt/ros/jazzy/share/ament_lint_auto/cmake)
[0.801s] -- Added test 'flake8' to check Python code syntax and style conventions
[0.801s] -- Configured 'flake8' exclude dirs and/or files: 
[0.802s] -- Added test 'lint_cmake' to check CMake code style
[0.803s] -- Added test 'pep257' to check Python code against some of the docstring style conventions in PEP 257
[0.803s] -- Added test 'xmllint' to check XML markup files
[0.805s] -- Configuring done (0.8s)
[0.808s] -- Generating done (0.0s)
[0.809s] -- Build files have been written to: /home/tony/Gazebo/build/mycobot_description
[0.814s] Invoked command in '/home/tony/Gazebo/build/mycobot_description' returned '0': CMAKE_PREFIX_PATH=${CMAKE_PREFIX_PATH}:/opt/ros/jazzy DEBUGINFOD_URLS=https://debuginfod.ubuntu.com /usr/bin/cmake /home/tony/Gazebo/src/mycobot_ros2/mycobot_description -DAMENT_CMAKE_SYMLINK_INSTALL=1 -DCMAKE_INSTALL_PREFIX=/home/tony/Gazebo/install/mycobot_description
[0.815s] Invoking command in '/home/tony/Gazebo/build/mycobot_description': CMAKE_PREFIX_PATH=${CMAKE_PREFIX_PATH}:/opt/ros/jazzy DEBUGINFOD_URLS=https://debuginfod.ubuntu.com /usr/bin/cmake --build /home/tony/Gazebo/build/mycobot_description -- -j16 -l16
[0.853s] Invoked command in '/home/tony/Gazebo/build/mycobot_description' returned '0': CMAKE_PREFIX_PATH=${CMAKE_PREFIX_PATH}:/opt/ros/jazzy DEBUGINFOD_URLS=https://debuginfod.ubuntu.com /usr/bin/cmake --build /home/tony/Gazebo/build/mycobot_description -- -j16 -l16
[0.854s] Invoking command in '/home/tony/Gazebo/build/mycobot_description': CMAKE_PREFIX_PATH=${CMAKE_PREFIX_PATH}:/opt/ros/jazzy DEBUGINFOD_URLS=https://debuginfod.ubuntu.com /usr/bin/cmake --install /home/tony/Gazebo/build/mycobot_description
[0.861s] -- Install configuration: ""
[0.861s] -- Execute custom install script
[0.861s] -- Symlinking: /home/tony/Gazebo/install/mycobot_description/share/ament_index/resource_index/package_run_dependencies/mycobot_description
[0.868s] -- Symlinking: /home/tony/Gazebo/install/mycobot_description/share/ament_index/resource_index/parent_prefix_path/mycobot_description
[0.876s] -- Symlinking: /home/tony/Gazebo/install/mycobot_description/share/mycobot_description/environment/ament_prefix_path.sh
[0.883s] -- Symlinking: /home/tony/Gazebo/install/mycobot_description/share/mycobot_description/environment/ament_prefix_path.dsv
[0.891s] -- Symlinking: /home/tony/Gazebo/install/mycobot_description/share/mycobot_description/environment/path.sh
[0.898s] -- Symlinking: /home/tony/Gazebo/install/mycobot_description/share/mycobot_description/environment/path.dsv
[0.908s] -- Symlinking: /home/tony/Gazebo/install/mycobot_description/share/mycobot_description/local_setup.bash
[0.917s] -- Symlinking: /home/tony/Gazebo/install/mycobot_description/share/mycobot_description/local_setup.sh
[0.926s] -- Symlinking: /home/tony/Gazebo/install/mycobot_description/share/mycobot_description/local_setup.zsh
[0.934s] -- Symlinking: /home/tony/Gazebo/install/mycobot_description/share/mycobot_description/local_setup.dsv
[0.942s] -- Symlinking: /home/tony/Gazebo/install/mycobot_description/share/mycobot_description/package.dsv
[0.949s] -- Symlinking: /home/tony/Gazebo/install/mycobot_description/share/ament_index/resource_index/packages/mycobot_description
[0.957s] -- Symlinking: /home/tony/Gazebo/install/mycobot_description/share/mycobot_description/cmake/mycobot_descriptionConfig.cmake
[0.965s] -- Symlinking: /home/tony/Gazebo/install/mycobot_description/share/mycobot_description/cmake/mycobot_descriptionConfig-version.cmake
[0.973s] -- Symlinking: /home/tony/Gazebo/install/mycobot_description/share/mycobot_description/package.xml
[0.984s] Invoked command in '/home/tony/Gazebo/build/mycobot_description' returned '0': CMAKE_PREFIX_PATH=${CMAKE_PREFIX_PATH}:/opt/ros/jazzy DEBUGINFOD_URLS=https://debuginfod.ubuntu.com /usr/bin/cmake --install /home/tony/Gazebo/build/mycobot_description
