[0.019s] Invoking command in '/home/tony/Gazebo/build/mycobot_moveit2_config': CMAKE_PREFIX_PATH=${CMAKE_PREFIX_PATH}:/opt/ros/jazzy DEBUGINFOD_URLS=https://debuginfod.ubuntu.com /usr/bin/cmake /home/tony/Gazebo/src/mycobot_ros2/mycobot_moveit2_config -DAMENT_CMAKE_SYMLINK_INSTALL=1 -DCMAKE_INSTALL_PREFIX=/home/tony/Gazebo/install/mycobot_moveit2_config
[0.081s] -- The C compiler identification is GNU 13.3.0
[0.151s] -- The CXX compiler identification is GNU 13.3.0
[0.171s] -- Detecting C compiler ABI info
[0.257s] -- Detecting C compiler ABI info - done
[0.266s] -- Check for working C compiler: /usr/bin/cc - skipped
[0.267s] -- Detecting C compile features
[0.267s] -- Detecting C compile features - done
[0.275s] -- Detecting CXX compiler ABI info
[0.398s] -- Detecting CXX compiler ABI info - done
[0.409s] -- Check for working CXX compiler: /usr/bin/c++ - skipped
[0.409s] -- Detecting CXX compile features
[0.409s] -- Detecting CXX compile features - done
[0.416s] -- Found ament_cmake: 2.5.6 (/opt/ros/jazzy/share/ament_cmake/cmake)
[0.614s] -- Found Python3: /usr/bin/python3 (found version "3.12.3") found components: Interpreter 
[0.742s] -- Override CMake install command with custom implementation using symlinks instead of copying resources
[0.787s] -- Found ament_lint_auto: 0.17.5 (/opt/ros/jazzy/share/ament_lint_auto/cmake)
[0.957s] -- Added test 'flake8' to check Python code syntax and style conventions
[0.957s] -- Configured 'flake8' exclude dirs and/or files: 
[0.958s] -- Added test 'lint_cmake' to check CMake code style
[0.960s] -- Added test 'pep257' to check Python code against some of the docstring style conventions in PEP 257
[0.961s] -- Added test 'xmllint' to check XML markup files
[0.964s] -- Configuring done (0.9s)
[0.968s] -- Generating done (0.0s)
[0.972s] -- Build files have been written to: /home/tony/Gazebo/build/mycobot_moveit2_config
[0.980s] Invoked command in '/home/tony/Gazebo/build/mycobot_moveit2_config' returned '0': CMAKE_PREFIX_PATH=${CMAKE_PREFIX_PATH}:/opt/ros/jazzy DEBUGINFOD_URLS=https://debuginfod.ubuntu.com /usr/bin/cmake /home/tony/Gazebo/src/mycobot_ros2/mycobot_moveit2_config -DAMENT_CMAKE_SYMLINK_INSTALL=1 -DCMAKE_INSTALL_PREFIX=/home/tony/Gazebo/install/mycobot_moveit2_config
[0.982s] Invoking command in '/home/tony/Gazebo/build/mycobot_moveit2_config': CMAKE_PREFIX_PATH=${CMAKE_PREFIX_PATH}:/opt/ros/jazzy DEBUGINFOD_URLS=https://debuginfod.ubuntu.com /usr/bin/cmake --build /home/tony/Gazebo/build/mycobot_moveit2_config -- -j16 -l16
[1.031s] Invoked command in '/home/tony/Gazebo/build/mycobot_moveit2_config' returned '0': CMAKE_PREFIX_PATH=${CMAKE_PREFIX_PATH}:/opt/ros/jazzy DEBUGINFOD_URLS=https://debuginfod.ubuntu.com /usr/bin/cmake --build /home/tony/Gazebo/build/mycobot_moveit2_config -- -j16 -l16
[1.045s] Invoking command in '/home/tony/Gazebo/build/mycobot_moveit2_config': CMAKE_PREFIX_PATH=${CMAKE_PREFIX_PATH}:/opt/ros/jazzy DEBUGINFOD_URLS=https://debuginfod.ubuntu.com /usr/bin/cmake --install /home/tony/Gazebo/build/mycobot_moveit2_config
[1.053s] -- Install configuration: ""
[1.053s] -- Execute custom install script
[1.055s] -- Symlinking: /home/tony/Gazebo/install/mycobot_moveit2_config/share/mycobot_moveit2_config/launch/ros2_controllers.launch.py
[1.067s] -- Symlinking: /home/tony/Gazebo/install/mycobot_moveit2_config/share/mycobot_moveit2_config/config/mycobot_280/ros2_controllers.yaml
[1.080s] -- Symlinking: /home/tony/Gazebo/install/mycobot_moveit2_config/share/mycobot_moveit2_config/config/mycobot_280/ros2_controllers_template.yaml
[1.093s] -- Symlinking: /home/tony/Gazebo/install/mycobot_moveit2_config/share/ament_index/resource_index/package_run_dependencies/mycobot_moveit2_config
[1.106s] -- Symlinking: /home/tony/Gazebo/install/mycobot_moveit2_config/share/ament_index/resource_index/parent_prefix_path/mycobot_moveit2_config
[1.117s] -- Symlinking: /home/tony/Gazebo/install/mycobot_moveit2_config/share/mycobot_moveit2_config/environment/ament_prefix_path.sh
[1.131s] -- Symlinking: /home/tony/Gazebo/install/mycobot_moveit2_config/share/mycobot_moveit2_config/environment/ament_prefix_path.dsv
[1.143s] -- Symlinking: /home/tony/Gazebo/install/mycobot_moveit2_config/share/mycobot_moveit2_config/environment/path.sh
[1.152s] -- Symlinking: /home/tony/Gazebo/install/mycobot_moveit2_config/share/mycobot_moveit2_config/environment/path.dsv
[1.160s] -- Symlinking: /home/tony/Gazebo/install/mycobot_moveit2_config/share/mycobot_moveit2_config/local_setup.bash
[1.168s] -- Symlinking: /home/tony/Gazebo/install/mycobot_moveit2_config/share/mycobot_moveit2_config/local_setup.sh
[1.176s] -- Symlinking: /home/tony/Gazebo/install/mycobot_moveit2_config/share/mycobot_moveit2_config/local_setup.zsh
[1.183s] -- Symlinking: /home/tony/Gazebo/install/mycobot_moveit2_config/share/mycobot_moveit2_config/local_setup.dsv
[1.191s] -- Symlinking: /home/tony/Gazebo/install/mycobot_moveit2_config/share/mycobot_moveit2_config/package.dsv
[1.200s] -- Symlinking: /home/tony/Gazebo/install/mycobot_moveit2_config/share/ament_index/resource_index/packages/mycobot_moveit2_config
[1.210s] -- Symlinking: /home/tony/Gazebo/install/mycobot_moveit2_config/share/mycobot_moveit2_config/cmake/mycobot_moveit2_configConfig.cmake
[1.220s] -- Symlinking: /home/tony/Gazebo/install/mycobot_moveit2_config/share/mycobot_moveit2_config/cmake/mycobot_moveit2_configConfig-version.cmake
[1.227s] -- Symlinking: /home/tony/Gazebo/install/mycobot_moveit2_config/share/mycobot_moveit2_config/package.xml
[1.237s] Invoked command in '/home/tony/Gazebo/build/mycobot_moveit2_config' returned '0': CMAKE_PREFIX_PATH=${CMAKE_PREFIX_PATH}:/opt/ros/jazzy DEBUGINFOD_URLS=https://debuginfod.ubuntu.com /usr/bin/cmake --install /home/tony/Gazebo/build/mycobot_moveit2_config
