[0.128s] DEBUG:colcon:Command line arguments: ['/usr/bin/colcon', 'build', '--symlink-install']
[0.128s] DEBUG:colcon:Parsed command line arguments: Namespace(log_base=None, log_level=None, verb_name='build', build_base='build', install_base='install', merge_install=False, symlink_install=True, test_result_base=None, continue_on_error=False, executor='parallel', parallel_workers=16, event_handlers=None, ignore_user_meta=False, metas=['./colcon.meta'], base_paths=['.'], packages_ignore=None, packages_ignore_regex=None, paths=None, packages_up_to=None, packages_up_to_regex=None, packages_above=None, packages_above_and_dependencies=None, packages_above_depth=None, packages_select_by_dep=None, packages_skip_by_dep=None, packages_skip_up_to=None, packages_select_build_failed=False, packages_skip_build_finished=False, packages_select_test_failures=False, packages_skip_test_passed=False, packages_select=None, packages_skip=None, packages_select_regex=None, packages_skip_regex=None, packages_start=None, packages_end=None, allow_overriding=[], cmake_args=None, cmake_target=None, cmake_target_skip_unavailable=False, cmake_clean_cache=False, cmake_clean_first=False, cmake_force_configure=False, ament_cmake_args=None, catkin_cmake_args=None, catkin_skip_building_tests=False, mixin_files=None, mixin=None, verb_parser=<colcon_mixin.mixin.mixin_argument.MixinArgumentDecorator object at 0x7a65ea88bbf0>, verb_extension=<colcon_core.verb.build.BuildVerb object at 0x7a65ea88b800>, main=<bound method BuildVerb.main of <colcon_core.verb.build.BuildVerb object at 0x7a65ea88b800>>, mixin_verb=('build',))
[0.161s] Level 1:colcon.colcon_core.package_discovery:discover_packages(colcon_meta) check parameters
[0.161s] Level 1:colcon.colcon_core.package_discovery:discover_packages(recursive) check parameters
[0.161s] Level 1:colcon.colcon_core.package_discovery:discover_packages(ignore) check parameters
[0.161s] Level 1:colcon.colcon_core.package_discovery:discover_packages(path) check parameters
[0.161s] Level 1:colcon.colcon_core.package_discovery:discover_packages(colcon_meta) discover
[0.162s] Level 1:colcon.colcon_core.package_discovery:discover_packages(recursive) discover
[0.162s] INFO:colcon.colcon_core.package_discovery:Crawling recursively for packages in '/home/tony/Gazebo'
[0.162s] Level 1:colcon.colcon_core.package_identification:_identify(.) by extensions ['ignore', 'ignore_ament_install']
[0.162s] Level 1:colcon.colcon_core.package_identification:_identify(.) by extension 'ignore'
[0.162s] Level 1:colcon.colcon_core.package_identification:_identify(.) by extension 'ignore_ament_install'
[0.162s] Level 1:colcon.colcon_core.package_identification:_identify(.) by extensions ['colcon_pkg']
[0.162s] Level 1:colcon.colcon_core.package_identification:_identify(.) by extension 'colcon_pkg'
[0.162s] Level 1:colcon.colcon_core.package_identification:_identify(.) by extensions ['colcon_meta']
[0.162s] Level 1:colcon.colcon_core.package_identification:_identify(.) by extension 'colcon_meta'
[0.162s] Level 1:colcon.colcon_core.package_identification:_identify(.) by extensions ['ros']
[0.162s] Level 1:colcon.colcon_core.package_identification:_identify(.) by extension 'ros'
[0.185s] Level 1:colcon.colcon_core.package_identification:_identify(.) by extensions ['cmake', 'python']
[0.185s] Level 1:colcon.colcon_core.package_identification:_identify(.) by extension 'cmake'
[0.186s] Level 1:colcon.colcon_core.package_identification:_identify(.) by extension 'python'
[0.186s] Level 1:colcon.colcon_core.package_identification:_identify(.) by extensions ['python_setup_py']
[0.186s] Level 1:colcon.colcon_core.package_identification:_identify(.) by extension 'python_setup_py'
[0.186s] Level 1:colcon.colcon_core.package_identification:_identify(Note) by extensions ['ignore', 'ignore_ament_install']
[0.186s] Level 1:colcon.colcon_core.package_identification:_identify(Note) by extension 'ignore'
[0.186s] Level 1:colcon.colcon_core.package_identification:_identify(Note) by extension 'ignore_ament_install'
[0.186s] Level 1:colcon.colcon_core.package_identification:_identify(Note) by extensions ['colcon_pkg']
[0.186s] Level 1:colcon.colcon_core.package_identification:_identify(Note) by extension 'colcon_pkg'
[0.186s] Level 1:colcon.colcon_core.package_identification:_identify(Note) by extensions ['colcon_meta']
[0.186s] Level 1:colcon.colcon_core.package_identification:_identify(Note) by extension 'colcon_meta'
[0.186s] Level 1:colcon.colcon_core.package_identification:_identify(Note) by extensions ['ros']
[0.186s] Level 1:colcon.colcon_core.package_identification:_identify(Note) by extension 'ros'
[0.186s] Level 1:colcon.colcon_core.package_identification:_identify(Note) by extensions ['cmake', 'python']
[0.186s] Level 1:colcon.colcon_core.package_identification:_identify(Note) by extension 'cmake'
[0.186s] Level 1:colcon.colcon_core.package_identification:_identify(Note) by extension 'python'
[0.186s] Level 1:colcon.colcon_core.package_identification:_identify(Note) by extensions ['python_setup_py']
[0.186s] Level 1:colcon.colcon_core.package_identification:_identify(Note) by extension 'python_setup_py'
[0.186s] Level 1:colcon.colcon_core.package_identification:_identify(Note/robot_description) by extensions ['ignore', 'ignore_ament_install']
[0.187s] Level 1:colcon.colcon_core.package_identification:_identify(Note/robot_description) by extension 'ignore'
[0.187s] Level 1:colcon.colcon_core.package_identification:_identify(Note/robot_description) by extension 'ignore_ament_install'
[0.187s] Level 1:colcon.colcon_core.package_identification:_identify(Note/robot_description) by extensions ['colcon_pkg']
[0.187s] Level 1:colcon.colcon_core.package_identification:_identify(Note/robot_description) by extension 'colcon_pkg'
[0.187s] Level 1:colcon.colcon_core.package_identification:_identify(Note/robot_description) by extensions ['colcon_meta']
[0.187s] Level 1:colcon.colcon_core.package_identification:_identify(Note/robot_description) by extension 'colcon_meta'
[0.187s] Level 1:colcon.colcon_core.package_identification:_identify(Note/robot_description) by extensions ['ros']
[0.187s] Level 1:colcon.colcon_core.package_identification:_identify(Note/robot_description) by extension 'ros'
[0.187s] Level 1:colcon.colcon_core.package_identification:_identify(Note/robot_description) by extensions ['cmake', 'python']
[0.187s] Level 1:colcon.colcon_core.package_identification:_identify(Note/robot_description) by extension 'cmake'
[0.187s] Level 1:colcon.colcon_core.package_identification:_identify(Note/robot_description) by extension 'python'
[0.187s] Level 1:colcon.colcon_core.package_identification:_identify(Note/robot_description) by extensions ['python_setup_py']
[0.187s] Level 1:colcon.colcon_core.package_identification:_identify(Note/robot_description) by extension 'python_setup_py'
[0.187s] Level 1:colcon.colcon_core.package_identification:_identify(Note/robot_description/photos) by extensions ['ignore', 'ignore_ament_install']
[0.187s] Level 1:colcon.colcon_core.package_identification:_identify(Note/robot_description/photos) by extension 'ignore'
[0.187s] Level 1:colcon.colcon_core.package_identification:_identify(Note/robot_description/photos) by extension 'ignore_ament_install'
[0.187s] Level 1:colcon.colcon_core.package_identification:_identify(Note/robot_description/photos) by extensions ['colcon_pkg']
[0.187s] Level 1:colcon.colcon_core.package_identification:_identify(Note/robot_description/photos) by extension 'colcon_pkg'
[0.187s] Level 1:colcon.colcon_core.package_identification:_identify(Note/robot_description/photos) by extensions ['colcon_meta']
[0.187s] Level 1:colcon.colcon_core.package_identification:_identify(Note/robot_description/photos) by extension 'colcon_meta'
[0.188s] Level 1:colcon.colcon_core.package_identification:_identify(Note/robot_description/photos) by extensions ['ros']
[0.188s] Level 1:colcon.colcon_core.package_identification:_identify(Note/robot_description/photos) by extension 'ros'
[0.188s] Level 1:colcon.colcon_core.package_identification:_identify(Note/robot_description/photos) by extensions ['cmake', 'python']
[0.188s] Level 1:colcon.colcon_core.package_identification:_identify(Note/robot_description/photos) by extension 'cmake'
[0.188s] Level 1:colcon.colcon_core.package_identification:_identify(Note/robot_description/photos) by extension 'python'
[0.188s] Level 1:colcon.colcon_core.package_identification:_identify(Note/robot_description/photos) by extensions ['python_setup_py']
[0.188s] Level 1:colcon.colcon_core.package_identification:_identify(Note/robot_description/photos) by extension 'python_setup_py'
[0.188s] Level 1:colcon.colcon_core.package_identification:_identify(build) by extensions ['ignore', 'ignore_ament_install']
[0.188s] Level 1:colcon.colcon_core.package_identification:_identify(build) by extension 'ignore'
[0.188s] Level 1:colcon.colcon_core.package_identification:_identify(build) ignored
[0.188s] Level 1:colcon.colcon_core.package_identification:_identify(install) by extensions ['ignore', 'ignore_ament_install']
[0.188s] Level 1:colcon.colcon_core.package_identification:_identify(install) by extension 'ignore'
[0.188s] Level 1:colcon.colcon_core.package_identification:_identify(install) ignored
[0.188s] Level 1:colcon.colcon_core.package_identification:_identify(log) by extensions ['ignore', 'ignore_ament_install']
[0.188s] Level 1:colcon.colcon_core.package_identification:_identify(log) by extension 'ignore'
[0.188s] Level 1:colcon.colcon_core.package_identification:_identify(log) ignored
[0.189s] Level 1:colcon.colcon_core.package_identification:_identify(src) by extensions ['ignore', 'ignore_ament_install']
[0.189s] Level 1:colcon.colcon_core.package_identification:_identify(src) by extension 'ignore'
[0.189s] Level 1:colcon.colcon_core.package_identification:_identify(src) by extension 'ignore_ament_install'
[0.189s] Level 1:colcon.colcon_core.package_identification:_identify(src) by extensions ['colcon_pkg']
[0.189s] Level 1:colcon.colcon_core.package_identification:_identify(src) by extension 'colcon_pkg'
[0.189s] Level 1:colcon.colcon_core.package_identification:_identify(src) by extensions ['colcon_meta']
[0.189s] Level 1:colcon.colcon_core.package_identification:_identify(src) by extension 'colcon_meta'
[0.189s] Level 1:colcon.colcon_core.package_identification:_identify(src) by extensions ['ros']
[0.189s] Level 1:colcon.colcon_core.package_identification:_identify(src) by extension 'ros'
[0.189s] Level 1:colcon.colcon_core.package_identification:_identify(src) by extensions ['cmake', 'python']
[0.189s] Level 1:colcon.colcon_core.package_identification:_identify(src) by extension 'cmake'
[0.189s] Level 1:colcon.colcon_core.package_identification:_identify(src) by extension 'python'
[0.189s] Level 1:colcon.colcon_core.package_identification:_identify(src) by extensions ['python_setup_py']
[0.189s] Level 1:colcon.colcon_core.package_identification:_identify(src) by extension 'python_setup_py'
[0.189s] Level 1:colcon.colcon_core.package_identification:_identify(src/mycobot_ros2) by extensions ['ignore', 'ignore_ament_install']
[0.189s] Level 1:colcon.colcon_core.package_identification:_identify(src/mycobot_ros2) by extension 'ignore'
[0.189s] Level 1:colcon.colcon_core.package_identification:_identify(src/mycobot_ros2) by extension 'ignore_ament_install'
[0.189s] Level 1:colcon.colcon_core.package_identification:_identify(src/mycobot_ros2) by extensions ['colcon_pkg']
[0.189s] Level 1:colcon.colcon_core.package_identification:_identify(src/mycobot_ros2) by extension 'colcon_pkg'
[0.190s] Level 1:colcon.colcon_core.package_identification:_identify(src/mycobot_ros2) by extensions ['colcon_meta']
[0.190s] Level 1:colcon.colcon_core.package_identification:_identify(src/mycobot_ros2) by extension 'colcon_meta'
[0.190s] Level 1:colcon.colcon_core.package_identification:_identify(src/mycobot_ros2) by extensions ['ros']
[0.190s] Level 1:colcon.colcon_core.package_identification:_identify(src/mycobot_ros2) by extension 'ros'
[0.190s] Level 1:colcon.colcon_core.package_identification:_identify(src/mycobot_ros2) by extensions ['cmake', 'python']
[0.190s] Level 1:colcon.colcon_core.package_identification:_identify(src/mycobot_ros2) by extension 'cmake'
[0.190s] Level 1:colcon.colcon_core.package_identification:_identify(src/mycobot_ros2) by extension 'python'
[0.190s] Level 1:colcon.colcon_core.package_identification:_identify(src/mycobot_ros2) by extensions ['python_setup_py']
[0.190s] Level 1:colcon.colcon_core.package_identification:_identify(src/mycobot_ros2) by extension 'python_setup_py'
[0.190s] Level 1:colcon.colcon_core.package_identification:_identify(src/mycobot_ros2/mycobot_bringup) by extensions ['ignore', 'ignore_ament_install']
[0.190s] Level 1:colcon.colcon_core.package_identification:_identify(src/mycobot_ros2/mycobot_bringup) by extension 'ignore'
[0.190s] Level 1:colcon.colcon_core.package_identification:_identify(src/mycobot_ros2/mycobot_bringup) by extension 'ignore_ament_install'
[0.190s] Level 1:colcon.colcon_core.package_identification:_identify(src/mycobot_ros2/mycobot_bringup) by extensions ['colcon_pkg']
[0.190s] Level 1:colcon.colcon_core.package_identification:_identify(src/mycobot_ros2/mycobot_bringup) by extension 'colcon_pkg'
[0.190s] Level 1:colcon.colcon_core.package_identification:_identify(src/mycobot_ros2/mycobot_bringup) by extensions ['colcon_meta']
[0.190s] Level 1:colcon.colcon_core.package_identification:_identify(src/mycobot_ros2/mycobot_bringup) by extension 'colcon_meta'
[0.190s] Level 1:colcon.colcon_core.package_identification:_identify(src/mycobot_ros2/mycobot_bringup) by extensions ['ros']
[0.190s] Level 1:colcon.colcon_core.package_identification:_identify(src/mycobot_ros2/mycobot_bringup) by extension 'ros'
[0.193s] DEBUG:colcon.colcon_core.package_identification:Package 'src/mycobot_ros2/mycobot_bringup' with type 'ros.ament_cmake' and name 'mycobot_bringup'
[0.193s] Level 1:colcon.colcon_core.package_identification:_identify(src/mycobot_ros2/mycobot_description) by extensions ['ignore', 'ignore_ament_install']
[0.193s] Level 1:colcon.colcon_core.package_identification:_identify(src/mycobot_ros2/mycobot_description) by extension 'ignore'
[0.193s] Level 1:colcon.colcon_core.package_identification:_identify(src/mycobot_ros2/mycobot_description) by extension 'ignore_ament_install'
[0.193s] Level 1:colcon.colcon_core.package_identification:_identify(src/mycobot_ros2/mycobot_description) by extensions ['colcon_pkg']
[0.193s] Level 1:colcon.colcon_core.package_identification:_identify(src/mycobot_ros2/mycobot_description) by extension 'colcon_pkg'
[0.193s] Level 1:colcon.colcon_core.package_identification:_identify(src/mycobot_ros2/mycobot_description) by extensions ['colcon_meta']
[0.193s] Level 1:colcon.colcon_core.package_identification:_identify(src/mycobot_ros2/mycobot_description) by extension 'colcon_meta'
[0.193s] Level 1:colcon.colcon_core.package_identification:_identify(src/mycobot_ros2/mycobot_description) by extensions ['ros']
[0.193s] Level 1:colcon.colcon_core.package_identification:_identify(src/mycobot_ros2/mycobot_description) by extension 'ros'
[0.194s] DEBUG:colcon.colcon_core.package_identification:Package 'src/mycobot_ros2/mycobot_description' with type 'ros.ament_cmake' and name 'mycobot_description'
[0.194s] Level 1:colcon.colcon_core.package_identification:_identify(src/mycobot_ros2/mycobot_gazebo) by extensions ['ignore', 'ignore_ament_install']
[0.194s] Level 1:colcon.colcon_core.package_identification:_identify(src/mycobot_ros2/mycobot_gazebo) by extension 'ignore'
[0.194s] Level 1:colcon.colcon_core.package_identification:_identify(src/mycobot_ros2/mycobot_gazebo) by extension 'ignore_ament_install'
[0.194s] Level 1:colcon.colcon_core.package_identification:_identify(src/mycobot_ros2/mycobot_gazebo) by extensions ['colcon_pkg']
[0.194s] Level 1:colcon.colcon_core.package_identification:_identify(src/mycobot_ros2/mycobot_gazebo) by extension 'colcon_pkg'
[0.194s] Level 1:colcon.colcon_core.package_identification:_identify(src/mycobot_ros2/mycobot_gazebo) by extensions ['colcon_meta']
[0.194s] Level 1:colcon.colcon_core.package_identification:_identify(src/mycobot_ros2/mycobot_gazebo) by extension 'colcon_meta'
[0.194s] Level 1:colcon.colcon_core.package_identification:_identify(src/mycobot_ros2/mycobot_gazebo) by extensions ['ros']
[0.194s] Level 1:colcon.colcon_core.package_identification:_identify(src/mycobot_ros2/mycobot_gazebo) by extension 'ros'
[0.195s] DEBUG:colcon.colcon_core.package_identification:Package 'src/mycobot_ros2/mycobot_gazebo' with type 'ros.ament_cmake' and name 'mycobot_gazebo'
[0.195s] Level 1:colcon.colcon_core.package_identification:_identify(src/mycobot_ros2/mycobot_moveit2_config) by extensions ['ignore', 'ignore_ament_install']
[0.195s] Level 1:colcon.colcon_core.package_identification:_identify(src/mycobot_ros2/mycobot_moveit2_config) by extension 'ignore'
[0.195s] Level 1:colcon.colcon_core.package_identification:_identify(src/mycobot_ros2/mycobot_moveit2_config) by extension 'ignore_ament_install'
[0.196s] Level 1:colcon.colcon_core.package_identification:_identify(src/mycobot_ros2/mycobot_moveit2_config) by extensions ['colcon_pkg']
[0.196s] Level 1:colcon.colcon_core.package_identification:_identify(src/mycobot_ros2/mycobot_moveit2_config) by extension 'colcon_pkg'
[0.196s] Level 1:colcon.colcon_core.package_identification:_identify(src/mycobot_ros2/mycobot_moveit2_config) by extensions ['colcon_meta']
[0.196s] Level 1:colcon.colcon_core.package_identification:_identify(src/mycobot_ros2/mycobot_moveit2_config) by extension 'colcon_meta'
[0.196s] Level 1:colcon.colcon_core.package_identification:_identify(src/mycobot_ros2/mycobot_moveit2_config) by extensions ['ros']
[0.196s] Level 1:colcon.colcon_core.package_identification:_identify(src/mycobot_ros2/mycobot_moveit2_config) by extension 'ros'
[0.196s] DEBUG:colcon.colcon_core.package_identification:Package 'src/mycobot_ros2/mycobot_moveit2_config' with type 'ros.ament_cmake' and name 'mycobot_moveit2_config'
[0.196s] Level 1:colcon.colcon_core.package_discovery:discover_packages(recursive) using defaults
[0.196s] Level 1:colcon.colcon_core.package_discovery:discover_packages(ignore) discover
[0.196s] Level 1:colcon.colcon_core.package_discovery:discover_packages(ignore) using defaults
[0.196s] Level 1:colcon.colcon_core.package_discovery:discover_packages(path) discover
[0.196s] Level 1:colcon.colcon_core.package_discovery:discover_packages(path) using defaults
[0.213s] Level 1:colcon.colcon_core.package_discovery:discover_packages(prefix_path) check parameters
[0.213s] Level 1:colcon.colcon_core.package_discovery:discover_packages(prefix_path) discover
[0.215s] DEBUG:colcon.colcon_installed_package_information.package_discovery:Found 4 installed packages in /home/tony/Gazebo/install
[0.217s] DEBUG:colcon.colcon_installed_package_information.package_discovery:Found 405 installed packages in /opt/ros/jazzy
[0.218s] Level 1:colcon.colcon_core.package_discovery:discover_packages(prefix_path) using defaults
[0.272s] Level 5:colcon.colcon_core.verb:set package 'mycobot_bringup' build argument 'cmake_args' from command line to 'None'
[0.272s] Level 5:colcon.colcon_core.verb:set package 'mycobot_bringup' build argument 'cmake_target' from command line to 'None'
[0.272s] Level 5:colcon.colcon_core.verb:set package 'mycobot_bringup' build argument 'cmake_target_skip_unavailable' from command line to 'False'
[0.272s] Level 5:colcon.colcon_core.verb:set package 'mycobot_bringup' build argument 'cmake_clean_cache' from command line to 'False'
[0.272s] Level 5:colcon.colcon_core.verb:set package 'mycobot_bringup' build argument 'cmake_clean_first' from command line to 'False'
[0.272s] Level 5:colcon.colcon_core.verb:set package 'mycobot_bringup' build argument 'cmake_force_configure' from command line to 'False'
[0.272s] Level 5:colcon.colcon_core.verb:set package 'mycobot_bringup' build argument 'ament_cmake_args' from command line to 'None'
[0.272s] Level 5:colcon.colcon_core.verb:set package 'mycobot_bringup' build argument 'catkin_cmake_args' from command line to 'None'
[0.273s] Level 5:colcon.colcon_core.verb:set package 'mycobot_bringup' build argument 'catkin_skip_building_tests' from command line to 'False'
[0.273s] DEBUG:colcon.colcon_core.verb:Building package 'mycobot_bringup' with the following arguments: {'ament_cmake_args': None, 'build_base': '/home/tony/Gazebo/build/mycobot_bringup', 'catkin_cmake_args': None, 'catkin_skip_building_tests': False, 'cmake_args': None, 'cmake_clean_cache': False, 'cmake_clean_first': False, 'cmake_force_configure': False, 'cmake_target': None, 'cmake_target_skip_unavailable': False, 'install_base': '/home/tony/Gazebo/install/mycobot_bringup', 'merge_install': False, 'path': '/home/tony/Gazebo/src/mycobot_ros2/mycobot_bringup', 'symlink_install': True, 'test_result_base': None}
[0.273s] Level 5:colcon.colcon_core.verb:set package 'mycobot_description' build argument 'cmake_args' from command line to 'None'
[0.273s] Level 5:colcon.colcon_core.verb:set package 'mycobot_description' build argument 'cmake_target' from command line to 'None'
[0.273s] Level 5:colcon.colcon_core.verb:set package 'mycobot_description' build argument 'cmake_target_skip_unavailable' from command line to 'False'
[0.273s] Level 5:colcon.colcon_core.verb:set package 'mycobot_description' build argument 'cmake_clean_cache' from command line to 'False'
[0.273s] Level 5:colcon.colcon_core.verb:set package 'mycobot_description' build argument 'cmake_clean_first' from command line to 'False'
[0.273s] Level 5:colcon.colcon_core.verb:set package 'mycobot_description' build argument 'cmake_force_configure' from command line to 'False'
[0.273s] Level 5:colcon.colcon_core.verb:set package 'mycobot_description' build argument 'ament_cmake_args' from command line to 'None'
[0.273s] Level 5:colcon.colcon_core.verb:set package 'mycobot_description' build argument 'catkin_cmake_args' from command line to 'None'
[0.273s] Level 5:colcon.colcon_core.verb:set package 'mycobot_description' build argument 'catkin_skip_building_tests' from command line to 'False'
[0.273s] DEBUG:colcon.colcon_core.verb:Building package 'mycobot_description' with the following arguments: {'ament_cmake_args': None, 'build_base': '/home/tony/Gazebo/build/mycobot_description', 'catkin_cmake_args': None, 'catkin_skip_building_tests': False, 'cmake_args': None, 'cmake_clean_cache': False, 'cmake_clean_first': False, 'cmake_force_configure': False, 'cmake_target': None, 'cmake_target_skip_unavailable': False, 'install_base': '/home/tony/Gazebo/install/mycobot_description', 'merge_install': False, 'path': '/home/tony/Gazebo/src/mycobot_ros2/mycobot_description', 'symlink_install': True, 'test_result_base': None}
[0.273s] Level 5:colcon.colcon_core.verb:set package 'mycobot_gazebo' build argument 'cmake_args' from command line to 'None'
[0.273s] Level 5:colcon.colcon_core.verb:set package 'mycobot_gazebo' build argument 'cmake_target' from command line to 'None'
[0.273s] Level 5:colcon.colcon_core.verb:set package 'mycobot_gazebo' build argument 'cmake_target_skip_unavailable' from command line to 'False'
[0.273s] Level 5:colcon.colcon_core.verb:set package 'mycobot_gazebo' build argument 'cmake_clean_cache' from command line to 'False'
[0.273s] Level 5:colcon.colcon_core.verb:set package 'mycobot_gazebo' build argument 'cmake_clean_first' from command line to 'False'
[0.273s] Level 5:colcon.colcon_core.verb:set package 'mycobot_gazebo' build argument 'cmake_force_configure' from command line to 'False'
[0.273s] Level 5:colcon.colcon_core.verb:set package 'mycobot_gazebo' build argument 'ament_cmake_args' from command line to 'None'
[0.273s] Level 5:colcon.colcon_core.verb:set package 'mycobot_gazebo' build argument 'catkin_cmake_args' from command line to 'None'
[0.274s] Level 5:colcon.colcon_core.verb:set package 'mycobot_gazebo' build argument 'catkin_skip_building_tests' from command line to 'False'
[0.274s] DEBUG:colcon.colcon_core.verb:Building package 'mycobot_gazebo' with the following arguments: {'ament_cmake_args': None, 'build_base': '/home/tony/Gazebo/build/mycobot_gazebo', 'catkin_cmake_args': None, 'catkin_skip_building_tests': False, 'cmake_args': None, 'cmake_clean_cache': False, 'cmake_clean_first': False, 'cmake_force_configure': False, 'cmake_target': None, 'cmake_target_skip_unavailable': False, 'install_base': '/home/tony/Gazebo/install/mycobot_gazebo', 'merge_install': False, 'path': '/home/tony/Gazebo/src/mycobot_ros2/mycobot_gazebo', 'symlink_install': True, 'test_result_base': None}
[0.274s] Level 5:colcon.colcon_core.verb:set package 'mycobot_moveit2_config' build argument 'cmake_args' from command line to 'None'
[0.274s] Level 5:colcon.colcon_core.verb:set package 'mycobot_moveit2_config' build argument 'cmake_target' from command line to 'None'
[0.274s] Level 5:colcon.colcon_core.verb:set package 'mycobot_moveit2_config' build argument 'cmake_target_skip_unavailable' from command line to 'False'
[0.274s] Level 5:colcon.colcon_core.verb:set package 'mycobot_moveit2_config' build argument 'cmake_clean_cache' from command line to 'False'
[0.274s] Level 5:colcon.colcon_core.verb:set package 'mycobot_moveit2_config' build argument 'cmake_clean_first' from command line to 'False'
[0.274s] Level 5:colcon.colcon_core.verb:set package 'mycobot_moveit2_config' build argument 'cmake_force_configure' from command line to 'False'
[0.274s] Level 5:colcon.colcon_core.verb:set package 'mycobot_moveit2_config' build argument 'ament_cmake_args' from command line to 'None'
[0.274s] Level 5:colcon.colcon_core.verb:set package 'mycobot_moveit2_config' build argument 'catkin_cmake_args' from command line to 'None'
[0.274s] Level 5:colcon.colcon_core.verb:set package 'mycobot_moveit2_config' build argument 'catkin_skip_building_tests' from command line to 'False'
[0.274s] DEBUG:colcon.colcon_core.verb:Building package 'mycobot_moveit2_config' with the following arguments: {'ament_cmake_args': None, 'build_base': '/home/tony/Gazebo/build/mycobot_moveit2_config', 'catkin_cmake_args': None, 'catkin_skip_building_tests': False, 'cmake_args': None, 'cmake_clean_cache': False, 'cmake_clean_first': False, 'cmake_force_configure': False, 'cmake_target': None, 'cmake_target_skip_unavailable': False, 'install_base': '/home/tony/Gazebo/install/mycobot_moveit2_config', 'merge_install': False, 'path': '/home/tony/Gazebo/src/mycobot_ros2/mycobot_moveit2_config', 'symlink_install': True, 'test_result_base': None}
[0.274s] INFO:colcon.colcon_core.executor:Executing jobs using 'parallel' executor
[0.275s] DEBUG:colcon.colcon_parallel_executor.executor.parallel:run_until_complete
[0.275s] INFO:colcon.colcon_ros.task.ament_cmake.build:Building ROS package in '/home/tony/Gazebo/src/mycobot_ros2/mycobot_bringup' with build type 'ament_cmake'
[0.275s] INFO:colcon.colcon_cmake.task.cmake.build:Building CMake package in '/home/tony/Gazebo/src/mycobot_ros2/mycobot_bringup'
[0.277s] INFO:colcon.colcon_core.plugin_system:Skipping extension 'colcon_core.shell.bat': Not used on non-Windows systems
[0.277s] INFO:colcon.colcon_core.shell:Skip shell extension 'powershell' for command environment: Not usable outside of PowerShell
[0.277s] DEBUG:colcon.colcon_core.shell:Skip shell extension 'dsv' for command environment
[0.280s] INFO:colcon.colcon_ros.task.ament_cmake.build:Building ROS package in '/home/tony/Gazebo/src/mycobot_ros2/mycobot_description' with build type 'ament_cmake'
[0.280s] INFO:colcon.colcon_cmake.task.cmake.build:Building CMake package in '/home/tony/Gazebo/src/mycobot_ros2/mycobot_description'
[0.280s] INFO:colcon.colcon_core.shell:Skip shell extension 'powershell' for command environment: Not usable outside of PowerShell
[0.280s] DEBUG:colcon.colcon_core.shell:Skip shell extension 'dsv' for command environment
[0.286s] INFO:colcon.colcon_ros.task.ament_cmake.build:Building ROS package in '/home/tony/Gazebo/src/mycobot_ros2/mycobot_gazebo' with build type 'ament_cmake'
[0.286s] INFO:colcon.colcon_cmake.task.cmake.build:Building CMake package in '/home/tony/Gazebo/src/mycobot_ros2/mycobot_gazebo'
[0.286s] INFO:colcon.colcon_core.shell:Skip shell extension 'powershell' for command environment: Not usable outside of PowerShell
[0.286s] DEBUG:colcon.colcon_core.shell:Skip shell extension 'dsv' for command environment
[0.292s] INFO:colcon.colcon_ros.task.ament_cmake.build:Building ROS package in '/home/tony/Gazebo/src/mycobot_ros2/mycobot_moveit2_config' with build type 'ament_cmake'
[0.293s] INFO:colcon.colcon_cmake.task.cmake.build:Building CMake package in '/home/tony/Gazebo/src/mycobot_ros2/mycobot_moveit2_config'
[0.294s] INFO:colcon.colcon_core.shell:Skip shell extension 'powershell' for command environment: Not usable outside of PowerShell
[0.294s] DEBUG:colcon.colcon_core.shell:Skip shell extension 'dsv' for command environment
[0.307s] DEBUG:colcon.colcon_core.event_handler.log_command:Invoking command in '/home/tony/Gazebo/build/mycobot_bringup': CMAKE_PREFIX_PATH=${CMAKE_PREFIX_PATH}:/opt/ros/jazzy DEBUGINFOD_URLS=https://debuginfod.ubuntu.com /usr/bin/cmake --build /home/tony/Gazebo/build/mycobot_bringup -- -j16 -l16
[0.309s] DEBUG:colcon.colcon_core.event_handler.log_command:Invoking command in '/home/tony/Gazebo/build/mycobot_description': CMAKE_PREFIX_PATH=${CMAKE_PREFIX_PATH}:/opt/ros/jazzy DEBUGINFOD_URLS=https://debuginfod.ubuntu.com /usr/bin/cmake --build /home/tony/Gazebo/build/mycobot_description -- -j16 -l16
[0.312s] DEBUG:colcon.colcon_core.event_handler.log_command:Invoking command in '/home/tony/Gazebo/build/mycobot_gazebo': CMAKE_PREFIX_PATH=${CMAKE_PREFIX_PATH}:/opt/ros/jazzy DEBUGINFOD_URLS=https://debuginfod.ubuntu.com /usr/bin/cmake --build /home/tony/Gazebo/build/mycobot_gazebo -- -j16 -l16
[0.318s] DEBUG:colcon.colcon_core.event_handler.log_command:Invoking command in '/home/tony/Gazebo/build/mycobot_moveit2_config': CMAKE_PREFIX_PATH=${CMAKE_PREFIX_PATH}:/opt/ros/jazzy DEBUGINFOD_URLS=https://debuginfod.ubuntu.com /usr/bin/cmake --build /home/tony/Gazebo/build/mycobot_moveit2_config -- -j16 -l16
[0.364s] DEBUG:colcon.colcon_core.event_handler.log_command:Invoked command in '/home/tony/Gazebo/build/mycobot_description' returned '0': CMAKE_PREFIX_PATH=${CMAKE_PREFIX_PATH}:/opt/ros/jazzy DEBUGINFOD_URLS=https://debuginfod.ubuntu.com /usr/bin/cmake --build /home/tony/Gazebo/build/mycobot_description -- -j16 -l16
[0.373s] DEBUG:colcon.colcon_core.event_handler.log_command:Invoking command in '/home/tony/Gazebo/build/mycobot_description': CMAKE_PREFIX_PATH=${CMAKE_PREFIX_PATH}:/opt/ros/jazzy DEBUGINFOD_URLS=https://debuginfod.ubuntu.com /usr/bin/cmake --install /home/tony/Gazebo/build/mycobot_description
[0.374s] DEBUG:colcon.colcon_core.event_handler.log_command:Invoked command in '/home/tony/Gazebo/build/mycobot_bringup' returned '0': CMAKE_PREFIX_PATH=${CMAKE_PREFIX_PATH}:/opt/ros/jazzy DEBUGINFOD_URLS=https://debuginfod.ubuntu.com /usr/bin/cmake --build /home/tony/Gazebo/build/mycobot_bringup -- -j16 -l16
[0.376s] DEBUG:colcon.colcon_core.event_handler.log_command:Invoking command in '/home/tony/Gazebo/build/mycobot_bringup': CMAKE_PREFIX_PATH=${CMAKE_PREFIX_PATH}:/opt/ros/jazzy DEBUGINFOD_URLS=https://debuginfod.ubuntu.com /usr/bin/cmake --install /home/tony/Gazebo/build/mycobot_bringup
[0.377s] DEBUG:colcon.colcon_core.event_handler.log_command:Invoked command in '/home/tony/Gazebo/build/mycobot_moveit2_config' returned '0': CMAKE_PREFIX_PATH=${CMAKE_PREFIX_PATH}:/opt/ros/jazzy DEBUGINFOD_URLS=https://debuginfod.ubuntu.com /usr/bin/cmake --build /home/tony/Gazebo/build/mycobot_moveit2_config -- -j16 -l16
[0.378s] DEBUG:colcon.colcon_core.event_handler.log_command:Invoking command in '/home/tony/Gazebo/build/mycobot_moveit2_config': CMAKE_PREFIX_PATH=${CMAKE_PREFIX_PATH}:/opt/ros/jazzy DEBUGINFOD_URLS=https://debuginfod.ubuntu.com /usr/bin/cmake --install /home/tony/Gazebo/build/mycobot_moveit2_config
[0.378s] DEBUG:colcon.colcon_core.event_handler.log_command:Invoked command in '/home/tony/Gazebo/build/mycobot_gazebo' returned '0': CMAKE_PREFIX_PATH=${CMAKE_PREFIX_PATH}:/opt/ros/jazzy DEBUGINFOD_URLS=https://debuginfod.ubuntu.com /usr/bin/cmake --build /home/tony/Gazebo/build/mycobot_gazebo -- -j16 -l16
[0.380s] DEBUG:colcon.colcon_core.event_handler.log_command:Invoking command in '/home/tony/Gazebo/build/mycobot_gazebo': CMAKE_PREFIX_PATH=${CMAKE_PREFIX_PATH}:/opt/ros/jazzy DEBUGINFOD_URLS=https://debuginfod.ubuntu.com /usr/bin/cmake --install /home/tony/Gazebo/build/mycobot_gazebo
[0.401s] Level 1:colcon.colcon_core.environment:create_environment_scripts_only(mycobot_bringup)
[0.402s] DEBUG:colcon.colcon_core.event_handler.log_command:Invoked command in '/home/tony/Gazebo/build/mycobot_bringup' returned '0': CMAKE_PREFIX_PATH=${CMAKE_PREFIX_PATH}:/opt/ros/jazzy DEBUGINFOD_URLS=https://debuginfod.ubuntu.com /usr/bin/cmake --install /home/tony/Gazebo/build/mycobot_bringup
[0.404s] Level 1:colcon.colcon_core.environment:checking '/home/tony/Gazebo/install/mycobot_bringup' for CMake module files
[0.406s] Level 1:colcon.colcon_core.environment:checking '/home/tony/Gazebo/install/mycobot_bringup' for CMake config files
[0.406s] Level 1:colcon.colcon_core.shell:create_environment_hook('mycobot_bringup', 'cmake_prefix_path')
[0.407s] INFO:colcon.colcon_core.shell:Creating environment hook '/home/tony/Gazebo/install/mycobot_bringup/share/mycobot_bringup/hook/cmake_prefix_path.ps1'
[0.408s] INFO:colcon.colcon_core.shell:Creating environment descriptor '/home/tony/Gazebo/install/mycobot_bringup/share/mycobot_bringup/hook/cmake_prefix_path.dsv'
[0.408s] INFO:colcon.colcon_core.shell:Creating environment hook '/home/tony/Gazebo/install/mycobot_bringup/share/mycobot_bringup/hook/cmake_prefix_path.sh'
[0.409s] Level 1:colcon.colcon_core.environment:checking '/home/tony/Gazebo/install/mycobot_bringup/bin'
[0.409s] Level 1:colcon.colcon_core.environment:checking '/home/tony/Gazebo/install/mycobot_bringup/lib/pkgconfig/mycobot_bringup.pc'
[0.409s] Level 1:colcon.colcon_core.environment:checking '/home/tony/Gazebo/install/mycobot_bringup/lib/python3.12/site-packages'
[0.409s] Level 1:colcon.colcon_core.environment:checking '/home/tony/Gazebo/install/mycobot_bringup/bin'
[0.409s] INFO:colcon.colcon_core.shell:Creating package script '/home/tony/Gazebo/install/mycobot_bringup/share/mycobot_bringup/package.ps1'
[0.410s] INFO:colcon.colcon_core.shell:Creating package descriptor '/home/tony/Gazebo/install/mycobot_bringup/share/mycobot_bringup/package.dsv'
[0.411s] INFO:colcon.colcon_core.shell:Creating package script '/home/tony/Gazebo/install/mycobot_bringup/share/mycobot_bringup/package.sh'
[0.411s] INFO:colcon.colcon_core.shell:Creating package script '/home/tony/Gazebo/install/mycobot_bringup/share/mycobot_bringup/package.bash'
[0.412s] INFO:colcon.colcon_core.shell:Creating package script '/home/tony/Gazebo/install/mycobot_bringup/share/mycobot_bringup/package.zsh'
[0.412s] Level 1:colcon.colcon_core.environment:create_file_with_runtime_dependencies(/home/tony/Gazebo/install/mycobot_bringup/share/colcon-core/packages/mycobot_bringup)
[0.413s] Level 1:colcon.colcon_core.environment:create_environment_scripts_only(mycobot_bringup)
[0.413s] Level 1:colcon.colcon_core.environment:checking '/home/tony/Gazebo/install/mycobot_bringup' for CMake module files
[0.413s] Level 1:colcon.colcon_core.environment:checking '/home/tony/Gazebo/install/mycobot_bringup' for CMake config files
[0.414s] Level 1:colcon.colcon_core.shell:create_environment_hook('mycobot_bringup', 'cmake_prefix_path')
[0.414s] INFO:colcon.colcon_core.shell:Creating environment hook '/home/tony/Gazebo/install/mycobot_bringup/share/mycobot_bringup/hook/cmake_prefix_path.ps1'
[0.415s] INFO:colcon.colcon_core.shell:Creating environment descriptor '/home/tony/Gazebo/install/mycobot_bringup/share/mycobot_bringup/hook/cmake_prefix_path.dsv'
[0.415s] INFO:colcon.colcon_core.shell:Creating environment hook '/home/tony/Gazebo/install/mycobot_bringup/share/mycobot_bringup/hook/cmake_prefix_path.sh'
[0.416s] Level 1:colcon.colcon_core.environment:checking '/home/tony/Gazebo/install/mycobot_bringup/bin'
[0.416s] Level 1:colcon.colcon_core.environment:checking '/home/tony/Gazebo/install/mycobot_bringup/lib/pkgconfig/mycobot_bringup.pc'
[0.416s] Level 1:colcon.colcon_core.environment:checking '/home/tony/Gazebo/install/mycobot_bringup/lib/python3.12/site-packages'
[0.416s] Level 1:colcon.colcon_core.environment:checking '/home/tony/Gazebo/install/mycobot_bringup/bin'
[0.417s] INFO:colcon.colcon_core.shell:Creating package script '/home/tony/Gazebo/install/mycobot_bringup/share/mycobot_bringup/package.ps1'
[0.417s] INFO:colcon.colcon_core.shell:Creating package descriptor '/home/tony/Gazebo/install/mycobot_bringup/share/mycobot_bringup/package.dsv'
[0.418s] INFO:colcon.colcon_core.shell:Creating package script '/home/tony/Gazebo/install/mycobot_bringup/share/mycobot_bringup/package.sh'
[0.418s] INFO:colcon.colcon_core.shell:Creating package script '/home/tony/Gazebo/install/mycobot_bringup/share/mycobot_bringup/package.bash'
[0.419s] INFO:colcon.colcon_core.shell:Creating package script '/home/tony/Gazebo/install/mycobot_bringup/share/mycobot_bringup/package.zsh'
[0.419s] Level 1:colcon.colcon_core.environment:create_file_with_runtime_dependencies(/home/tony/Gazebo/install/mycobot_bringup/share/colcon-core/packages/mycobot_bringup)
[0.419s] Level 1:colcon.colcon_core.environment:create_environment_scripts_only(mycobot_description)
[0.419s] Level 1:colcon.colcon_core.environment:checking '/home/tony/Gazebo/install/mycobot_description' for CMake module files
[0.420s] Level 1:colcon.colcon_core.environment:checking '/home/tony/Gazebo/install/mycobot_description' for CMake config files
[0.421s] DEBUG:colcon.colcon_core.event_handler.log_command:Invoked command in '/home/tony/Gazebo/build/mycobot_description' returned '0': CMAKE_PREFIX_PATH=${CMAKE_PREFIX_PATH}:/opt/ros/jazzy DEBUGINFOD_URLS=https://debuginfod.ubuntu.com /usr/bin/cmake --install /home/tony/Gazebo/build/mycobot_description
[0.421s] Level 1:colcon.colcon_core.shell:create_environment_hook('mycobot_description', 'cmake_prefix_path')
[0.421s] INFO:colcon.colcon_core.shell:Creating environment hook '/home/tony/Gazebo/install/mycobot_description/share/mycobot_description/hook/cmake_prefix_path.ps1'
[0.422s] INFO:colcon.colcon_core.shell:Creating environment descriptor '/home/tony/Gazebo/install/mycobot_description/share/mycobot_description/hook/cmake_prefix_path.dsv'
[0.422s] INFO:colcon.colcon_core.shell:Creating environment hook '/home/tony/Gazebo/install/mycobot_description/share/mycobot_description/hook/cmake_prefix_path.sh'
[0.422s] Level 1:colcon.colcon_core.environment:checking '/home/tony/Gazebo/install/mycobot_description/bin'
[0.422s] Level 1:colcon.colcon_core.environment:checking '/home/tony/Gazebo/install/mycobot_description/lib/pkgconfig/mycobot_description.pc'
[0.423s] Level 1:colcon.colcon_core.environment:checking '/home/tony/Gazebo/install/mycobot_description/lib/python3.12/site-packages'
[0.423s] Level 1:colcon.colcon_core.environment:checking '/home/tony/Gazebo/install/mycobot_description/bin'
[0.423s] INFO:colcon.colcon_core.shell:Creating package script '/home/tony/Gazebo/install/mycobot_description/share/mycobot_description/package.ps1'
[0.424s] INFO:colcon.colcon_core.shell:Creating package descriptor '/home/tony/Gazebo/install/mycobot_description/share/mycobot_description/package.dsv'
[0.424s] INFO:colcon.colcon_core.shell:Creating package script '/home/tony/Gazebo/install/mycobot_description/share/mycobot_description/package.sh'
[0.424s] INFO:colcon.colcon_core.shell:Creating package script '/home/tony/Gazebo/install/mycobot_description/share/mycobot_description/package.bash'
[0.425s] INFO:colcon.colcon_core.shell:Creating package script '/home/tony/Gazebo/install/mycobot_description/share/mycobot_description/package.zsh'
[0.425s] Level 1:colcon.colcon_core.environment:create_file_with_runtime_dependencies(/home/tony/Gazebo/install/mycobot_description/share/colcon-core/packages/mycobot_description)
[0.426s] Level 1:colcon.colcon_core.environment:create_environment_scripts_only(mycobot_description)
[0.426s] Level 1:colcon.colcon_core.environment:checking '/home/tony/Gazebo/install/mycobot_description' for CMake module files
[0.427s] Level 1:colcon.colcon_core.environment:checking '/home/tony/Gazebo/install/mycobot_description' for CMake config files
[0.427s] Level 1:colcon.colcon_core.shell:create_environment_hook('mycobot_description', 'cmake_prefix_path')
[0.427s] INFO:colcon.colcon_core.shell:Creating environment hook '/home/tony/Gazebo/install/mycobot_description/share/mycobot_description/hook/cmake_prefix_path.ps1'
[0.428s] INFO:colcon.colcon_core.shell:Creating environment descriptor '/home/tony/Gazebo/install/mycobot_description/share/mycobot_description/hook/cmake_prefix_path.dsv'
[0.428s] INFO:colcon.colcon_core.shell:Creating environment hook '/home/tony/Gazebo/install/mycobot_description/share/mycobot_description/hook/cmake_prefix_path.sh'
[0.428s] Level 1:colcon.colcon_core.environment:checking '/home/tony/Gazebo/install/mycobot_description/bin'
[0.429s] Level 1:colcon.colcon_core.environment:checking '/home/tony/Gazebo/install/mycobot_description/lib/pkgconfig/mycobot_description.pc'
[0.429s] Level 1:colcon.colcon_core.environment:checking '/home/tony/Gazebo/install/mycobot_description/lib/python3.12/site-packages'
[0.429s] Level 1:colcon.colcon_core.environment:checking '/home/tony/Gazebo/install/mycobot_description/bin'
[0.429s] INFO:colcon.colcon_core.shell:Creating package script '/home/tony/Gazebo/install/mycobot_description/share/mycobot_description/package.ps1'
[0.430s] INFO:colcon.colcon_core.shell:Creating package descriptor '/home/tony/Gazebo/install/mycobot_description/share/mycobot_description/package.dsv'
[0.430s] INFO:colcon.colcon_core.shell:Creating package script '/home/tony/Gazebo/install/mycobot_description/share/mycobot_description/package.sh'
[0.431s] INFO:colcon.colcon_core.shell:Creating package script '/home/tony/Gazebo/install/mycobot_description/share/mycobot_description/package.bash'
[0.431s] INFO:colcon.colcon_core.shell:Creating package script '/home/tony/Gazebo/install/mycobot_description/share/mycobot_description/package.zsh'
[0.431s] Level 1:colcon.colcon_core.environment:create_file_with_runtime_dependencies(/home/tony/Gazebo/install/mycobot_description/share/colcon-core/packages/mycobot_description)
[0.432s] Level 1:colcon.colcon_core.environment:create_environment_scripts_only(mycobot_gazebo)
[0.433s] Level 1:colcon.colcon_core.environment:checking '/home/tony/Gazebo/install/mycobot_gazebo' for CMake module files
[0.433s] DEBUG:colcon.colcon_core.event_handler.log_command:Invoked command in '/home/tony/Gazebo/build/mycobot_gazebo' returned '0': CMAKE_PREFIX_PATH=${CMAKE_PREFIX_PATH}:/opt/ros/jazzy DEBUGINFOD_URLS=https://debuginfod.ubuntu.com /usr/bin/cmake --install /home/tony/Gazebo/build/mycobot_gazebo
[0.434s] Level 1:colcon.colcon_core.environment:checking '/home/tony/Gazebo/install/mycobot_gazebo' for CMake config files
[0.434s] Level 1:colcon.colcon_core.shell:create_environment_hook('mycobot_gazebo', 'cmake_prefix_path')
[0.436s] INFO:colcon.colcon_core.shell:Creating environment hook '/home/tony/Gazebo/install/mycobot_gazebo/share/mycobot_gazebo/hook/cmake_prefix_path.ps1'
[0.437s] INFO:colcon.colcon_core.shell:Creating environment descriptor '/home/tony/Gazebo/install/mycobot_gazebo/share/mycobot_gazebo/hook/cmake_prefix_path.dsv'
[0.437s] INFO:colcon.colcon_core.shell:Creating environment hook '/home/tony/Gazebo/install/mycobot_gazebo/share/mycobot_gazebo/hook/cmake_prefix_path.sh'
[0.438s] Level 1:colcon.colcon_core.environment:checking '/home/tony/Gazebo/install/mycobot_gazebo/bin'
[0.438s] Level 1:colcon.colcon_core.environment:checking '/home/tony/Gazebo/install/mycobot_gazebo/lib/pkgconfig/mycobot_gazebo.pc'
[0.438s] Level 1:colcon.colcon_core.environment:checking '/home/tony/Gazebo/install/mycobot_gazebo/lib/python3.12/site-packages'
[0.438s] Level 1:colcon.colcon_core.environment:checking '/home/tony/Gazebo/install/mycobot_gazebo/bin'
[0.439s] INFO:colcon.colcon_core.shell:Creating package script '/home/tony/Gazebo/install/mycobot_gazebo/share/mycobot_gazebo/package.ps1'
[0.439s] INFO:colcon.colcon_core.shell:Creating package descriptor '/home/tony/Gazebo/install/mycobot_gazebo/share/mycobot_gazebo/package.dsv'
[0.440s] INFO:colcon.colcon_core.shell:Creating package script '/home/tony/Gazebo/install/mycobot_gazebo/share/mycobot_gazebo/package.sh'
[0.440s] INFO:colcon.colcon_core.shell:Creating package script '/home/tony/Gazebo/install/mycobot_gazebo/share/mycobot_gazebo/package.bash'
[0.441s] INFO:colcon.colcon_core.shell:Creating package script '/home/tony/Gazebo/install/mycobot_gazebo/share/mycobot_gazebo/package.zsh'
[0.441s] Level 1:colcon.colcon_core.environment:create_file_with_runtime_dependencies(/home/tony/Gazebo/install/mycobot_gazebo/share/colcon-core/packages/mycobot_gazebo)
[0.441s] Level 1:colcon.colcon_core.environment:create_environment_scripts_only(mycobot_gazebo)
[0.442s] Level 1:colcon.colcon_core.environment:checking '/home/tony/Gazebo/install/mycobot_gazebo' for CMake module files
[0.442s] Level 1:colcon.colcon_core.environment:checking '/home/tony/Gazebo/install/mycobot_gazebo' for CMake config files
[0.442s] Level 1:colcon.colcon_core.shell:create_environment_hook('mycobot_gazebo', 'cmake_prefix_path')
[0.442s] INFO:colcon.colcon_core.shell:Creating environment hook '/home/tony/Gazebo/install/mycobot_gazebo/share/mycobot_gazebo/hook/cmake_prefix_path.ps1'
[0.443s] INFO:colcon.colcon_core.shell:Creating environment descriptor '/home/tony/Gazebo/install/mycobot_gazebo/share/mycobot_gazebo/hook/cmake_prefix_path.dsv'
[0.443s] INFO:colcon.colcon_core.shell:Creating environment hook '/home/tony/Gazebo/install/mycobot_gazebo/share/mycobot_gazebo/hook/cmake_prefix_path.sh'
[0.444s] Level 1:colcon.colcon_core.environment:checking '/home/tony/Gazebo/install/mycobot_gazebo/bin'
[0.444s] Level 1:colcon.colcon_core.environment:checking '/home/tony/Gazebo/install/mycobot_gazebo/lib/pkgconfig/mycobot_gazebo.pc'
[0.444s] Level 1:colcon.colcon_core.environment:checking '/home/tony/Gazebo/install/mycobot_gazebo/lib/python3.12/site-packages'
[0.444s] Level 1:colcon.colcon_core.environment:checking '/home/tony/Gazebo/install/mycobot_gazebo/bin'
[0.445s] INFO:colcon.colcon_core.shell:Creating package script '/home/tony/Gazebo/install/mycobot_gazebo/share/mycobot_gazebo/package.ps1'
[0.445s] INFO:colcon.colcon_core.shell:Creating package descriptor '/home/tony/Gazebo/install/mycobot_gazebo/share/mycobot_gazebo/package.dsv'
[0.446s] INFO:colcon.colcon_core.shell:Creating package script '/home/tony/Gazebo/install/mycobot_gazebo/share/mycobot_gazebo/package.sh'
[0.446s] INFO:colcon.colcon_core.shell:Creating package script '/home/tony/Gazebo/install/mycobot_gazebo/share/mycobot_gazebo/package.bash'
[0.446s] INFO:colcon.colcon_core.shell:Creating package script '/home/tony/Gazebo/install/mycobot_gazebo/share/mycobot_gazebo/package.zsh'
[0.447s] Level 1:colcon.colcon_core.environment:create_file_with_runtime_dependencies(/home/tony/Gazebo/install/mycobot_gazebo/share/colcon-core/packages/mycobot_gazebo)
[0.447s] Level 1:colcon.colcon_core.environment:create_environment_scripts_only(mycobot_moveit2_config)
[0.447s] Level 1:colcon.colcon_core.environment:checking '/home/tony/Gazebo/install/mycobot_moveit2_config' for CMake module files
[0.448s] DEBUG:colcon.colcon_core.event_handler.log_command:Invoked command in '/home/tony/Gazebo/build/mycobot_moveit2_config' returned '0': CMAKE_PREFIX_PATH=${CMAKE_PREFIX_PATH}:/opt/ros/jazzy DEBUGINFOD_URLS=https://debuginfod.ubuntu.com /usr/bin/cmake --install /home/tony/Gazebo/build/mycobot_moveit2_config
[0.449s] Level 1:colcon.colcon_core.environment:checking '/home/tony/Gazebo/install/mycobot_moveit2_config' for CMake config files
[0.449s] Level 1:colcon.colcon_core.shell:create_environment_hook('mycobot_moveit2_config', 'cmake_prefix_path')
[0.449s] INFO:colcon.colcon_core.shell:Creating environment hook '/home/tony/Gazebo/install/mycobot_moveit2_config/share/mycobot_moveit2_config/hook/cmake_prefix_path.ps1'
[0.449s] INFO:colcon.colcon_core.shell:Creating environment descriptor '/home/tony/Gazebo/install/mycobot_moveit2_config/share/mycobot_moveit2_config/hook/cmake_prefix_path.dsv'
[0.450s] INFO:colcon.colcon_core.shell:Creating environment hook '/home/tony/Gazebo/install/mycobot_moveit2_config/share/mycobot_moveit2_config/hook/cmake_prefix_path.sh'
[0.450s] Level 1:colcon.colcon_core.environment:checking '/home/tony/Gazebo/install/mycobot_moveit2_config/bin'
[0.450s] Level 1:colcon.colcon_core.environment:checking '/home/tony/Gazebo/install/mycobot_moveit2_config/lib/pkgconfig/mycobot_moveit2_config.pc'
[0.450s] Level 1:colcon.colcon_core.environment:checking '/home/tony/Gazebo/install/mycobot_moveit2_config/lib/python3.12/site-packages'
[0.451s] Level 1:colcon.colcon_core.environment:checking '/home/tony/Gazebo/install/mycobot_moveit2_config/bin'
[0.451s] INFO:colcon.colcon_core.shell:Creating package script '/home/tony/Gazebo/install/mycobot_moveit2_config/share/mycobot_moveit2_config/package.ps1'
[0.451s] INFO:colcon.colcon_core.shell:Creating package descriptor '/home/tony/Gazebo/install/mycobot_moveit2_config/share/mycobot_moveit2_config/package.dsv'
[0.452s] INFO:colcon.colcon_core.shell:Creating package script '/home/tony/Gazebo/install/mycobot_moveit2_config/share/mycobot_moveit2_config/package.sh'
[0.452s] INFO:colcon.colcon_core.shell:Creating package script '/home/tony/Gazebo/install/mycobot_moveit2_config/share/mycobot_moveit2_config/package.bash'
[0.453s] INFO:colcon.colcon_core.shell:Creating package script '/home/tony/Gazebo/install/mycobot_moveit2_config/share/mycobot_moveit2_config/package.zsh'
[0.453s] Level 1:colcon.colcon_core.environment:create_file_with_runtime_dependencies(/home/tony/Gazebo/install/mycobot_moveit2_config/share/colcon-core/packages/mycobot_moveit2_config)
[0.453s] Level 1:colcon.colcon_core.environment:create_environment_scripts_only(mycobot_moveit2_config)
[0.454s] Level 1:colcon.colcon_core.environment:checking '/home/tony/Gazebo/install/mycobot_moveit2_config' for CMake module files
[0.454s] Level 1:colcon.colcon_core.environment:checking '/home/tony/Gazebo/install/mycobot_moveit2_config' for CMake config files
[0.454s] Level 1:colcon.colcon_core.shell:create_environment_hook('mycobot_moveit2_config', 'cmake_prefix_path')
[0.455s] INFO:colcon.colcon_core.shell:Creating environment hook '/home/tony/Gazebo/install/mycobot_moveit2_config/share/mycobot_moveit2_config/hook/cmake_prefix_path.ps1'
[0.455s] INFO:colcon.colcon_core.shell:Creating environment descriptor '/home/tony/Gazebo/install/mycobot_moveit2_config/share/mycobot_moveit2_config/hook/cmake_prefix_path.dsv'
[0.456s] INFO:colcon.colcon_core.shell:Creating environment hook '/home/tony/Gazebo/install/mycobot_moveit2_config/share/mycobot_moveit2_config/hook/cmake_prefix_path.sh'
[0.456s] Level 1:colcon.colcon_core.environment:checking '/home/tony/Gazebo/install/mycobot_moveit2_config/bin'
[0.456s] Level 1:colcon.colcon_core.environment:checking '/home/tony/Gazebo/install/mycobot_moveit2_config/lib/pkgconfig/mycobot_moveit2_config.pc'
[0.456s] Level 1:colcon.colcon_core.environment:checking '/home/tony/Gazebo/install/mycobot_moveit2_config/lib/python3.12/site-packages'
[0.457s] Level 1:colcon.colcon_core.environment:checking '/home/tony/Gazebo/install/mycobot_moveit2_config/bin'
[0.457s] INFO:colcon.colcon_core.shell:Creating package script '/home/tony/Gazebo/install/mycobot_moveit2_config/share/mycobot_moveit2_config/package.ps1'
[0.457s] INFO:colcon.colcon_core.shell:Creating package descriptor '/home/tony/Gazebo/install/mycobot_moveit2_config/share/mycobot_moveit2_config/package.dsv'
[0.458s] INFO:colcon.colcon_core.shell:Creating package script '/home/tony/Gazebo/install/mycobot_moveit2_config/share/mycobot_moveit2_config/package.sh'
[0.458s] INFO:colcon.colcon_core.shell:Creating package script '/home/tony/Gazebo/install/mycobot_moveit2_config/share/mycobot_moveit2_config/package.bash'
[0.459s] INFO:colcon.colcon_core.shell:Creating package script '/home/tony/Gazebo/install/mycobot_moveit2_config/share/mycobot_moveit2_config/package.zsh'
[0.459s] Level 1:colcon.colcon_core.environment:create_file_with_runtime_dependencies(/home/tony/Gazebo/install/mycobot_moveit2_config/share/colcon-core/packages/mycobot_moveit2_config)
[0.460s] DEBUG:colcon.colcon_parallel_executor.executor.parallel:closing loop
[0.460s] DEBUG:colcon.colcon_parallel_executor.executor.parallel:loop closed
[0.461s] DEBUG:colcon.colcon_parallel_executor.executor.parallel:run_until_complete finished with '0'
[0.461s] DEBUG:colcon.colcon_core.event_reactor:joining thread
[0.467s] INFO:colcon.colcon_core.plugin_system:Skipping extension 'colcon_notification.desktop_notification.terminal_notifier': Not used on non-Darwin systems
[0.467s] INFO:colcon.colcon_core.plugin_system:Skipping extension 'colcon_notification.desktop_notification.win32': Not used on non-Windows systems
[0.467s] INFO:colcon.colcon_notification.desktop_notification:Sending desktop notification using 'notify2'
[0.484s] DEBUG:colcon.colcon_core.event_reactor:joined thread
[0.484s] INFO:colcon.colcon_core.shell:Creating prefix script '/home/tony/Gazebo/install/local_setup.ps1'
[0.485s] INFO:colcon.colcon_core.shell:Creating prefix util module '/home/tony/Gazebo/install/_local_setup_util_ps1.py'
[0.486s] INFO:colcon.colcon_core.shell:Creating prefix chain script '/home/tony/Gazebo/install/setup.ps1'
[0.487s] INFO:colcon.colcon_core.shell:Creating prefix script '/home/tony/Gazebo/install/local_setup.sh'
[0.487s] INFO:colcon.colcon_core.shell:Creating prefix util module '/home/tony/Gazebo/install/_local_setup_util_sh.py'
[0.488s] INFO:colcon.colcon_core.shell:Creating prefix chain script '/home/tony/Gazebo/install/setup.sh'
[0.489s] INFO:colcon.colcon_core.shell:Creating prefix script '/home/tony/Gazebo/install/local_setup.bash'
[0.490s] INFO:colcon.colcon_core.shell:Creating prefix chain script '/home/tony/Gazebo/install/setup.bash'
[0.491s] INFO:colcon.colcon_core.shell:Creating prefix script '/home/tony/Gazebo/install/local_setup.zsh'
[0.491s] INFO:colcon.colcon_core.shell:Creating prefix chain script '/home/tony/Gazebo/install/setup.zsh'
