[0.008s] Invoking command in '/home/tony/Gazebo/build/mycobot_bringup': CMAKE_PREFIX_PATH=${CMAKE_PREFIX_PATH}:/opt/ros/jazzy DEBUGINFOD_URLS=https://debuginfod.ubuntu.com /usr/bin/cmake /home/tony/Gazebo/src/mycobot_ros2/mycobot_bringup -DAMENT_CMAKE_SYMLINK_INSTALL=1 -DCMAKE_INSTALL_PREFIX=/home/tony/Gazebo/install/mycobot_bringup
[0.059s] -- The C compiler identification is GNU 13.3.0
[0.104s] -- The CXX compiler identification is GNU 13.3.0
[0.122s] -- Detecting C compiler ABI info
[0.197s] -- Detecting C compiler ABI info - done
[0.206s] -- Check for working C compiler: /usr/bin/cc - skipped
[0.206s] -- Detecting C compile features
[0.206s] -- Detecting C compile features - done
[0.215s] -- Detecting CXX compiler ABI info
[0.313s] -- Detecting CXX compiler ABI info - done
[0.324s] -- Check for working CXX compiler: /usr/bin/c++ - skipped
[0.324s] -- Detecting CXX compile features
[0.324s] -- Detecting CXX compile features - done
[0.328s] -- Found ament_cmake: 2.5.6 (/opt/ros/jazzy/share/ament_cmake/cmake)
[0.471s] -- Found Python3: /usr/bin/python3 (found version "3.12.3") found components: Interpreter 
[0.540s] -- Override CMake install command with custom implementation using symlinks instead of copying resources
[0.576s] -- Found ament_lint_auto: 0.17.5 (/opt/ros/jazzy/share/ament_lint_auto/cmake)
[0.702s] -- Added test 'lint_cmake' to check CMake code style
[0.703s] -- Added test 'xmllint' to check XML markup files
[0.705s] -- Configuring done (0.7s)
[0.707s] -- Generating done (0.0s)
[0.708s] -- Build files have been written to: /home/tony/Gazebo/build/mycobot_bringup
[0.713s] Invoked command in '/home/tony/Gazebo/build/mycobot_bringup' returned '0': CMAKE_PREFIX_PATH=${CMAKE_PREFIX_PATH}:/opt/ros/jazzy DEBUGINFOD_URLS=https://debuginfod.ubuntu.com /usr/bin/cmake /home/tony/Gazebo/src/mycobot_ros2/mycobot_bringup -DAMENT_CMAKE_SYMLINK_INSTALL=1 -DCMAKE_INSTALL_PREFIX=/home/tony/Gazebo/install/mycobot_bringup
[0.714s] Invoking command in '/home/tony/Gazebo/build/mycobot_bringup': CMAKE_PREFIX_PATH=${CMAKE_PREFIX_PATH}:/opt/ros/jazzy DEBUGINFOD_URLS=https://debuginfod.ubuntu.com /usr/bin/cmake --build /home/tony/Gazebo/build/mycobot_bringup -- -j16 -l16
[0.757s] Invoked command in '/home/tony/Gazebo/build/mycobot_bringup' returned '0': CMAKE_PREFIX_PATH=${CMAKE_PREFIX_PATH}:/opt/ros/jazzy DEBUGINFOD_URLS=https://debuginfod.ubuntu.com /usr/bin/cmake --build /home/tony/Gazebo/build/mycobot_bringup -- -j16 -l16
[0.765s] Invoking command in '/home/tony/Gazebo/build/mycobot_bringup': CMAKE_PREFIX_PATH=${CMAKE_PREFIX_PATH}:/opt/ros/jazzy DEBUGINFOD_URLS=https://debuginfod.ubuntu.com /usr/bin/cmake --install /home/tony/Gazebo/build/mycobot_bringup
[0.771s] -- Install configuration: ""
[0.772s] -- Execute custom install script
[0.772s] -- Symlinking: /home/tony/Gazebo/install/mycobot_bringup/share/ament_index/resource_index/package_run_dependencies/mycobot_bringup
[0.783s] -- Symlinking: /home/tony/Gazebo/install/mycobot_bringup/share/ament_index/resource_index/parent_prefix_path/mycobot_bringup
[0.790s] -- Symlinking: /home/tony/Gazebo/install/mycobot_bringup/share/mycobot_bringup/environment/ament_prefix_path.sh
[0.797s] -- Symlinking: /home/tony/Gazebo/install/mycobot_bringup/share/mycobot_bringup/environment/ament_prefix_path.dsv
[0.803s] -- Symlinking: /home/tony/Gazebo/install/mycobot_bringup/share/mycobot_bringup/environment/path.sh
[0.810s] -- Symlinking: /home/tony/Gazebo/install/mycobot_bringup/share/mycobot_bringup/environment/path.dsv
[0.816s] -- Symlinking: /home/tony/Gazebo/install/mycobot_bringup/share/mycobot_bringup/local_setup.bash
[0.825s] -- Symlinking: /home/tony/Gazebo/install/mycobot_bringup/share/mycobot_bringup/local_setup.sh
[0.836s] -- Symlinking: /home/tony/Gazebo/install/mycobot_bringup/share/mycobot_bringup/local_setup.zsh
[0.850s] -- Symlinking: /home/tony/Gazebo/install/mycobot_bringup/share/mycobot_bringup/local_setup.dsv
[0.858s] -- Symlinking: /home/tony/Gazebo/install/mycobot_bringup/share/mycobot_bringup/package.dsv
[0.865s] -- Symlinking: /home/tony/Gazebo/install/mycobot_bringup/share/ament_index/resource_index/packages/mycobot_bringup
[0.871s] -- Symlinking: /home/tony/Gazebo/install/mycobot_bringup/share/mycobot_bringup/cmake/mycobot_bringupConfig.cmake
[0.878s] -- Symlinking: /home/tony/Gazebo/install/mycobot_bringup/share/mycobot_bringup/cmake/mycobot_bringupConfig-version.cmake
[0.884s] -- Symlinking: /home/tony/Gazebo/install/mycobot_bringup/share/mycobot_bringup/package.xml
[0.892s] Invoked command in '/home/tony/Gazebo/build/mycobot_bringup' returned '0': CMAKE_PREFIX_PATH=${CMAKE_PREFIX_PATH}:/opt/ros/jazzy DEBUGINFOD_URLS=https://debuginfod.ubuntu.com /usr/bin/cmake --install /home/tony/Gazebo/build/mycobot_bringup
